Archive member included to satisfy reference by file (symbol)

C:/Users/gligmi2/OneDrive - Faurecia/Documents/Programs/STM32IDE/STM32CubeIDE_1.14.0/STM32CubeIDE/plugins/com.st.stm32cube.ide.mcu.externaltools.gnu-tools-for-stm32.11.3.rel1.win32_1.1.100.202309141235/tools/bin/../lib/gcc/arm-none-eabi/11.3.1/../../../../arm-none-eabi/lib/thumb/v7e-m+fp/hard\libc_nano.a(libc_a-exit.o)
                              C:/Users/gligmi2/OneDrive - Faurecia/Documents/Programs/STM32IDE/STM32CubeIDE_1.14.0/STM32CubeIDE/plugins/com.st.stm32cube.ide.mcu.externaltools.gnu-tools-for-stm32.11.3.rel1.win32_1.1.100.202309141235/tools/bin/../lib/gcc/arm-none-eabi/11.3.1/../../../../arm-none-eabi/lib/thumb/v7e-m+fp/hard/crt0.o (exit)
C:/Users/gligmi2/OneDrive - Faurecia/Documents/Programs/STM32IDE/STM32CubeIDE_1.14.0/STM32CubeIDE/plugins/com.st.stm32cube.ide.mcu.externaltools.gnu-tools-for-stm32.11.3.rel1.win32_1.1.100.202309141235/tools/bin/../lib/gcc/arm-none-eabi/11.3.1/../../../../arm-none-eabi/lib/thumb/v7e-m+fp/hard\libc_nano.a(libc_a-findfp.o)
                              ./Middlewares/Third_Party/FreeRTOS/Source/tasks.o (__sf)
C:/Users/gligmi2/OneDrive - Faurecia/Documents/Programs/STM32IDE/STM32CubeIDE_1.14.0/STM32CubeIDE/plugins/com.st.stm32cube.ide.mcu.externaltools.gnu-tools-for-stm32.11.3.rel1.win32_1.1.100.202309141235/tools/bin/../lib/gcc/arm-none-eabi/11.3.1/../../../../arm-none-eabi/lib/thumb/v7e-m+fp/hard\libc_nano.a(libc_a-fwalk.o)
                              C:/Users/gligmi2/OneDrive - Faurecia/Documents/Programs/STM32IDE/STM32CubeIDE_1.14.0/STM32CubeIDE/plugins/com.st.stm32cube.ide.mcu.externaltools.gnu-tools-for-stm32.11.3.rel1.win32_1.1.100.202309141235/tools/bin/../lib/gcc/arm-none-eabi/11.3.1/../../../../arm-none-eabi/lib/thumb/v7e-m+fp/hard\libc_nano.a(libc_a-findfp.o) (_fwalk_sglue)
C:/Users/gligmi2/OneDrive - Faurecia/Documents/Programs/STM32IDE/STM32CubeIDE_1.14.0/STM32CubeIDE/plugins/com.st.stm32cube.ide.mcu.externaltools.gnu-tools-for-stm32.11.3.rel1.win32_1.1.100.202309141235/tools/bin/../lib/gcc/arm-none-eabi/11.3.1/../../../../arm-none-eabi/lib/thumb/v7e-m+fp/hard\libc_nano.a(libc_a-stdio.o)
                              C:/Users/gligmi2/OneDrive - Faurecia/Documents/Programs/STM32IDE/STM32CubeIDE_1.14.0/STM32CubeIDE/plugins/com.st.stm32cube.ide.mcu.externaltools.gnu-tools-for-stm32.11.3.rel1.win32_1.1.100.202309141235/tools/bin/../lib/gcc/arm-none-eabi/11.3.1/../../../../arm-none-eabi/lib/thumb/v7e-m+fp/hard\libc_nano.a(libc_a-findfp.o) (__sread)
C:/Users/gligmi2/OneDrive - Faurecia/Documents/Programs/STM32IDE/STM32CubeIDE_1.14.0/STM32CubeIDE/plugins/com.st.stm32cube.ide.mcu.externaltools.gnu-tools-for-stm32.11.3.rel1.win32_1.1.100.202309141235/tools/bin/../lib/gcc/arm-none-eabi/11.3.1/../../../../arm-none-eabi/lib/thumb/v7e-m+fp/hard\libc_nano.a(libc_a-memset.o)
                              C:/Users/gligmi2/OneDrive - Faurecia/Documents/Programs/STM32IDE/STM32CubeIDE_1.14.0/STM32CubeIDE/plugins/com.st.stm32cube.ide.mcu.externaltools.gnu-tools-for-stm32.11.3.rel1.win32_1.1.100.202309141235/tools/bin/../lib/gcc/arm-none-eabi/11.3.1/../../../../arm-none-eabi/lib/thumb/v7e-m+fp/hard/crt0.o (memset)
C:/Users/gligmi2/OneDrive - Faurecia/Documents/Programs/STM32IDE/STM32CubeIDE_1.14.0/STM32CubeIDE/plugins/com.st.stm32cube.ide.mcu.externaltools.gnu-tools-for-stm32.11.3.rel1.win32_1.1.100.202309141235/tools/bin/../lib/gcc/arm-none-eabi/11.3.1/../../../../arm-none-eabi/lib/thumb/v7e-m+fp/hard\libc_nano.a(libc_a-closer.o)
                              C:/Users/gligmi2/OneDrive - Faurecia/Documents/Programs/STM32IDE/STM32CubeIDE_1.14.0/STM32CubeIDE/plugins/com.st.stm32cube.ide.mcu.externaltools.gnu-tools-for-stm32.11.3.rel1.win32_1.1.100.202309141235/tools/bin/../lib/gcc/arm-none-eabi/11.3.1/../../../../arm-none-eabi/lib/thumb/v7e-m+fp/hard\libc_nano.a(libc_a-stdio.o) (_close_r)
C:/Users/gligmi2/OneDrive - Faurecia/Documents/Programs/STM32IDE/STM32CubeIDE_1.14.0/STM32CubeIDE/plugins/com.st.stm32cube.ide.mcu.externaltools.gnu-tools-for-stm32.11.3.rel1.win32_1.1.100.202309141235/tools/bin/../lib/gcc/arm-none-eabi/11.3.1/../../../../arm-none-eabi/lib/thumb/v7e-m+fp/hard\libc_nano.a(libc_a-reent.o)
                              ./Middlewares/Third_Party/FreeRTOS/Source/tasks.o (_reclaim_reent)
C:/Users/gligmi2/OneDrive - Faurecia/Documents/Programs/STM32IDE/STM32CubeIDE_1.14.0/STM32CubeIDE/plugins/com.st.stm32cube.ide.mcu.externaltools.gnu-tools-for-stm32.11.3.rel1.win32_1.1.100.202309141235/tools/bin/../lib/gcc/arm-none-eabi/11.3.1/../../../../arm-none-eabi/lib/thumb/v7e-m+fp/hard\libc_nano.a(libc_a-impure.o)
                              ./Middlewares/Third_Party/FreeRTOS/Source/tasks.o (_impure_ptr)
[...]
Memory Configuration

Name             Origin             Length             Attributes
RAM              0x0000000020000000 0x00000000000a0000 xrw
RAM2             0x0000000010000000 0x0000000000010000 xrw
RAM3             0x0000000020040000 0x0000000000060000 xrw
FLASH            0x0000000008000000 0x0000000000200000 xr
*default*        0x0000000000000000 0xffffffffffffffff

Linker script and memory map

LOAD C:/Users/gligmi2/OneDrive - Faurecia/Documents/Programs/STM32IDE/STM32CubeIDE_1.14.0/STM32CubeIDE/plugins/com.st.stm32cube.ide.mcu.externaltools.gnu-tools-for-stm32.11.3.rel1.win32_1.1.100.202309141235/tools/bin/../lib/gcc/arm-none-eabi/11.3.1/thumb/v7e-m+fp/hard/crti.o
LOAD C:/Users/gligmi2/OneDrive - Faurecia/Documents/Programs/STM32IDE/STM32CubeIDE_1.14.0/STM32CubeIDE/plugins/com.st.stm32cube.ide.mcu.externaltools.gnu-tools-for-stm32.11.3.rel1.win32_1.1.100.202309141235/tools/bin/../lib/gcc/arm-none-eabi/11.3.1/thumb/v7e-m+fp/hard/crtbegin.o
LOAD C:/Users/gligmi2/OneDrive - Faurecia/Documents/Programs/STM32IDE/STM32CubeIDE_1.14.0/STM32CubeIDE/plugins/com.st.stm32cube.ide.mcu.externaltools.gnu-tools-for-stm32.11.3.rel1.win32_1.1.100.202309141235/tools/bin/../lib/gcc/arm-none-eabi/11.3.1/../../../../arm-none-eabi/lib/thumb/v7e-m+fp/hard/crt0.o
LOAD ./Core/Src/freertos.o
LOAD ./Core/Src/main.o
LOAD ./Core/Src/stm32l4xx_hal_msp.o
LOAD ./Core/Src/stm32l4xx_hal_timebase_tim.o
LOAD ./Core/Src/stm32l4xx_it.o
LOAD ./Core/Src/syscalls.o
LOAD ./Core/Src/sysmem.o
LOAD ./Core/Src/system_stm32l4xx.o
LOAD ./Core/Startup/startup_stm32l4r5zitx.o
LOAD ./Drivers/STM32L4xx_HAL_Driver/Src/stm32l4xx_hal.o
LOAD ./Drivers/STM32L4xx_HAL_Driver/Src/stm32l4xx_hal_can.o
LOAD ./Drivers/STM32L4xx_HAL_Driver/Src/stm32l4xx_hal_cortex.o
LOAD ./Drivers/STM32L4xx_HAL_Driver/Src/stm32l4xx_hal_dma.o
LOAD ./Drivers/STM32L4xx_HAL_Driver/Src/stm32l4xx_hal_dma_ex.o
LOAD ./Drivers/STM32L4xx_HAL_Driver/Src/stm32l4xx_hal_exti.o
LOAD ./Drivers/STM32L4xx_HAL_Driver/Src/stm32l4xx_hal_flash.o
LOAD ./Drivers/STM32L4xx_HAL_Driver/Src/stm32l4xx_hal_flash_ex.o
LOAD ./Drivers/STM32L4xx_HAL_Driver/Src/stm32l4xx_hal_flash_ramfunc.o
LOAD ./Drivers/STM32L4xx_HAL_Driver/Src/stm32l4xx_hal_gpio.o
LOAD ./Drivers/STM32L4xx_HAL_Driver/Src/stm32l4xx_hal_i2c.o
LOAD ./Drivers/STM32L4xx_HAL_Driver/Src/stm32l4xx_hal_i2c_ex.o
LOAD ./Drivers/STM32L4xx_HAL_Driver/Src/stm32l4xx_hal_pwr.o
LOAD ./Drivers/STM32L4xx_HAL_Driver/Src/stm32l4xx_hal_pwr_ex.o
LOAD ./Drivers/STM32L4xx_HAL_Driver/Src/stm32l4xx_hal_rcc.o
LOAD ./Drivers/STM32L4xx_HAL_Driver/Src/stm32l4xx_hal_rcc_ex.o
LOAD ./Drivers/STM32L4xx_HAL_Driver/Src/stm32l4xx_hal_tim.o
LOAD ./Drivers/STM32L4xx_HAL_Driver/Src/stm32l4xx_hal_tim_ex.o
LOAD ./Middlewares/Third_Party/FreeRTOS/Source/CMSIS_RTOS/cmsis_os.o
LOAD ./Middlewares/Third_Party/FreeRTOS/Source/croutine.o
LOAD ./Middlewares/Third_Party/FreeRTOS/Source/event_groups.o
LOAD ./Middlewares/Third_Party/FreeRTOS/Source/list.o
LOAD ./Middlewares/Third_Party/FreeRTOS/Source/queue.o
LOAD ./Middlewares/Third_Party/FreeRTOS/Source/stream_buffer.o
LOAD ./Middlewares/Third_Party/FreeRTOS/Source/tasks.o
LOAD ./Middlewares/Third_Party/FreeRTOS/Source/timers.o
LOAD ./Middlewares/Third_Party/FreeRTOS/Source/portable/GCC/ARM_CM4F/port.o
LOAD ./Middlewares/Third_Party/FreeRTOS/Source/portable/MemMang/heap_4.o
START GROUP
LOAD C:/Users/gligmi2/OneDrive - Faurecia/Documents/Programs/STM32IDE/STM32CubeIDE_1.14.0/STM32CubeIDE/plugins/com.st.stm32cube.ide.mcu.externaltools.gnu-tools-for-stm32.11.3.rel1.win32_1.1.100.202309141235/tools/bin/../lib/gcc/arm-none-eabi/11.3.1/../../../../arm-none-eabi/lib/thumb/v7e-m+fp/hard\libc_nano.a
LOAD C:/Users/gligmi2/OneDrive - Faurecia/Documents/Programs/STM32IDE/STM32CubeIDE_1.14.0/STM32CubeIDE/plugins/com.st.stm32cube.ide.mcu.externaltools.gnu-tools-for-stm32.11.3.rel1.win32_1.1.100.202309141235/tools/bin/../lib/gcc/arm-none-eabi/11.3.1/../../../../arm-none-eabi/lib/thumb/v7e-m+fp/hard\libm.a
END GROUP
START GROUP
LOAD C:/Users/gligmi2/OneDrive - Faurecia/Documents/Programs/STM32IDE/STM32CubeIDE_1.14.0/STM32CubeIDE/plugins/com.st.stm32cube.ide.mcu.externaltools.gnu-tools-for-stm32.11.3.rel1.win32_1.1.100.202309141235/tools/bin/../lib/gcc/arm-none-eabi/11.3.1/thumb/v7e-m+fp/hard\libgcc.a
LOAD C:/Users/gligmi2/OneDrive - Faurecia/Documents/Programs/STM32IDE/STM32CubeIDE_1.14.0/STM32CubeIDE/plugins/com.st.stm32cube.ide.mcu.externaltools.gnu-tools-for-stm32.11.3.rel1.win32_1.1.100.202309141235/tools/bin/../lib/gcc/arm-none-eabi/11.3.1/../../../../arm-none-eabi/lib/thumb/v7e-m+fp/hard\libc_nano.a
END GROUP
START GROUP
LOAD C:/Users/gligmi2/OneDrive - Faurecia/Documents/Programs/STM32IDE/STM32CubeIDE_1.14.0/STM32CubeIDE/plugins/com.st.stm32cube.ide.mcu.externaltools.gnu-tools-for-stm32.11.3.rel1.win32_1.1.100.202309141235/tools/bin/../lib/gcc/arm-none-eabi/11.3.1/thumb/v7e-m+fp/hard\libgcc.a
LOAD C:/Users/gligmi2/OneDrive - Faurecia/Documents/Programs/STM32IDE/STM32CubeIDE_1.14.0/STM32CubeIDE/plugins/com.st.stm32cube.ide.mcu.externaltools.gnu-tools-for-stm32.11.3.rel1.win32_1.1.100.202309141235/tools/bin/../lib/gcc/arm-none-eabi/11.3.1/../../../../arm-none-eabi/lib/thumb/v7e-m+fp/hard\libc_nano.a
LOAD C:/Users/gligmi2/OneDrive - Faurecia/Documents/Programs/STM32IDE/STM32CubeIDE_1.14.0/STM32CubeIDE/plugins/com.st.stm32cube.ide.mcu.externaltools.gnu-tools-for-stm32.11.3.rel1.win32_1.1.100.202309141235/tools/bin/../lib/gcc/arm-none-eabi/11.3.1/../../../../arm-none-eabi/lib/thumb/v7e-m+fp/hard\libnosys.a
END GROUP
START GROUP
LOAD C:/Users/gligmi2/OneDrive - Faurecia/Documents/Programs/STM32IDE/STM32CubeIDE_1.14.0/STM32CubeIDE/plugins/com.st.stm32cube.ide.mcu.externaltools.gnu-tools-for-stm32.11.3.rel1.win32_1.1.100.202309141235/tools/bin/../lib/gcc/arm-none-eabi/11.3.1/thumb/v7e-m+fp/hard\libgcc.a
LOAD C:/Users/gligmi2/OneDrive - Faurecia/Documents/Programs/STM32IDE/STM32CubeIDE_1.14.0/STM32CubeIDE/plugins/com.st.stm32cube.ide.mcu.externaltools.gnu-tools-for-stm32.11.3.rel1.win32_1.1.100.202309141235/tools/bin/../lib/gcc/arm-none-eabi/11.3.1/../../../../arm-none-eabi/lib/thumb/v7e-m+fp/hard\libc_nano.a
LOAD C:/Users/gligmi2/OneDrive - Faurecia/Documents/Programs/STM32IDE/STM32CubeIDE_1.14.0/STM32CubeIDE/plugins/com.st.stm32cube.ide.mcu.externaltools.gnu-tools-for-stm32.11.3.rel1.win32_1.1.100.202309141235/tools/bin/../lib/gcc/arm-none-eabi/11.3.1/../../../../arm-none-eabi/lib/thumb/v7e-m+fp/hard\libnosys.a
END GROUP
LOAD C:/Users/gligmi2/OneDrive - Faurecia/Documents/Programs/STM32IDE/STM32CubeIDE_1.14.0/STM32CubeIDE/plugins/com.st.stm32cube.ide.mcu.externaltools.gnu-tools-for-stm32.11.3.rel1.win32_1.1.100.202309141235/tools/bin/../lib/gcc/arm-none-eabi/11.3.1/thumb/v7e-m+fp/hard/crtend.o
LOAD C:/Users/gligmi2/OneDrive - Faurecia/Documents/Programs/STM32IDE/STM32CubeIDE_1.14.0/STM32CubeIDE/plugins/com.st.stm32cube.ide.mcu.externaltools.gnu-tools-for-stm32.11.3.rel1.win32_1.1.100.202309141235/tools/bin/../lib/gcc/arm-none-eabi/11.3.1/thumb/v7e-m+fp/hard/crtn.o
                0x00000000200a0000                _estack = (ORIGIN (RAM) + LENGTH (RAM))
                0x0000000000000200                _Min_Heap_Size = 0x200
                0x0000000000000400                _Min_Stack_Size = 0x400

.isr_vector     0x0000000008000000      0x1bc
                0x0000000008000000                . = ALIGN (0x4)
 *(.isr_vector)
 .isr_vector    0x0000000008000000      0x1bc ./Core/Startup/startup_stm32l4r5zitx.o
                0x0000000008000000                g_pfnVectors
                0x00000000080001bc                . = ALIGN (0x4)

.text           0x00000000080001c0     0x6bf8
                0x00000000080001c0                . = ALIGN (0x4)
 *(.text)
 .text          0x00000000080001c0       0x40 C:/Users/gligmi2/OneDrive - Faurecia/Documents/Programs/STM32IDE/STM32CubeIDE_1.14.0/STM32CubeIDE/plugins/com.st.stm32cube.ide.mcu.externaltools.gnu-tools-for-stm32.11.3.rel1.win32_1.1.100.202309141235/tools/bin/../lib/gcc/arm-none-eabi/11.3.1/thumb/v7e-m+fp/hard/crtbegin.o
 *(.text*)
 .text.vApplicationGetIdleTaskMemory
                0x0000000008000200       0x34 ./Core/Src/freertos.o
                0x0000000008000200                vApplicationGetIdleTaskMemory
 .text.vApplicationGetTimerTaskMemory
                0x0000000008000234       0x34 ./Core/Src/freertos.o
                0x0000000008000234                vApplicationGetTimerTaskMemory
 .text.HAL_CAN_RxFifo0MsgPendingCallback
                0x0000000008000268       0x30 ./Core/Src/main.o
                0x0000000008000268                HAL_CAN_RxFifo0MsgPendingCallback
 .text.main     0x0000000008000298      0x12c ./Core/Src/main.o
                0x0000000008000298                main
 .text.SystemClock_Config
                0x00000000080003c4       0xa6 ./Core/Src/main.o
                0x00000000080003c4                SystemClock_Config
 *fill*         0x000000000800046a        0x2 
 .text.MX_CAN1_Init
                0x000000000800046c       0x68 ./Core/Src/main.o
 .text.MX_TIM2_Init
                0x00000000080004d4       0xf0 ./Core/Src/main.o
 .text.MX_GPIO_Init
                0x00000000080005c4      0x290 ./Core/Src/main.o
 .text.SPI_init_device1
                0x0000000008000854       0x24 ./Core/Src/main.o
                0x0000000008000854                SPI_init_device1
 .text.SPI_stop_device1
                0x0000000008000878       0x34 ./Core/Src/main.o
                0x0000000008000878                SPI_stop_device1
 .text.SPI_init_device2
                0x00000000080008ac       0x24 ./Core/Src/main.o
                0x00000000080008ac                SPI_init_device2
 .text.SPI_stop_device2
                0x00000000080008d0       0x34 ./Core/Src/main.o
                0x00000000080008d0                SPI_stop_device2
 .text.SPI_init
                0x0000000008000904       0x22 ./Core/Src/main.o
                0x0000000008000904                SPI_init
 .text.SPI_stop
                0x0000000008000926       0x22 ./Core/Src/main.o
                0x0000000008000926                SPI_stop
 .text.SPI_writeBit
                0x0000000008000948       0x54 ./Core/Src/main.o
                0x0000000008000948                SPI_writeBit
 .text.SPI_writeWord
                0x000000000800099c       0x4c ./Core/Src/main.o
                0x000000000800099c                SPI_writeWord
 .text.SPI_writeData
                0x00000000080009e8       0x42 ./Core/Src/main.o
                0x00000000080009e8                SPI_writeData
 .text.SPI_draw
                0x0000000008000a2a       0x54 ./Core/Src/main.o
                0x0000000008000a2a                SPI_draw
 *fill*         0x0000000008000a7e        0x2 
 .text.SPI_draw_numbers
                0x0000000008000a80       0x84 ./Core/Src/main.o
                0x0000000008000a80                SPI_draw_numbers
 .text.numberSelect
                0x0000000008000b04       0xa0 ./Core/Src/main.o
                0x0000000008000b04                numberSelect
 .text.StartDefaultTask
                0x0000000008000ba4       0x34 ./Core/Src/main.o
                0x0000000008000ba4                StartDefaultTask
 .text.StartTask02
                0x0000000008000bd8       0x3c ./Core/Src/main.o
                0x0000000008000bd8                StartTask02
 .text.StartResetBtnTask
                0x0000000008000c14       0x50 ./Core/Src/main.o
                0x0000000008000c14                StartResetBtnTask
 .text.StartBlinkTask
                0x0000000008000c64       0x34 ./Core/Src/main.o
                0x0000000008000c64                StartBlinkTask
 .text.HAL_TIM_PeriodElapsedCallback
                0x0000000008000c98       0x24 ./Core/Src/main.o
                0x0000000008000c98                HAL_TIM_PeriodElapsedCallback
 .text.Error_Handler
                0x0000000008000cbc        0xa ./Core/Src/main.o
                0x0000000008000cbc                Error_Handler
 *fill*         0x0000000008000cc6        0x2 
 .text.HAL_MspInit
                0x0000000008000cc8       0x50 ./Core/Src/stm32l4xx_hal_msp.o
                0x0000000008000cc8                HAL_MspInit
 .text.HAL_CAN_MspInit
                0x0000000008000d18       0x98 ./Core/Src/stm32l4xx_hal_msp.o
                0x0000000008000d18                HAL_CAN_MspInit
 .text.HAL_TIM_Base_MspInit
                0x0000000008000db0       0x3c ./Core/Src/stm32l4xx_hal_msp.o
                0x0000000008000db0                HAL_TIM_Base_MspInit
 .text.HAL_TIM_MspPostInit
                0x0000000008000dec       0x68 ./Core/Src/stm32l4xx_hal_msp.o
                0x0000000008000dec                HAL_TIM_MspPostInit
 .text.HAL_InitTick
                0x0000000008000e54       0xdc ./Core/Src/stm32l4xx_hal_timebase_tim.o
                0x0000000008000e54                HAL_InitTick
 .text.NMI_Handler
                0x0000000008000f30        0x6 ./Core/Src/stm32l4xx_it.o
                0x0000000008000f30                NMI_Handler
 .text.HardFault_Handler
                0x0000000008000f36        0x6 ./Core/Src/stm32l4xx_it.o
                0x0000000008000f36                HardFault_Handler
 .text.MemManage_Handler
                0x0000000008000f3c        0x6 ./Core/Src/stm32l4xx_it.o
                0x0000000008000f3c                MemManage_Handler
 .text.BusFault_Handler
                0x0000000008000f42        0x6 ./Core/Src/stm32l4xx_it.o
                0x0000000008000f42                BusFault_Handler
 .text.UsageFault_Handler
                0x0000000008000f48        0x6 ./Core/Src/stm32l4xx_it.o
                0x0000000008000f48                UsageFault_Handler
 .text.DebugMon_Handler
                0x0000000008000f4e        0xe ./Core/Src/stm32l4xx_it.o
                0x0000000008000f4e                DebugMon_Handler
 .text.CAN1_RX0_IRQHandler
                0x0000000008000f5c       0x14 ./Core/Src/stm32l4xx_it.o
                0x0000000008000f5c                CAN1_RX0_IRQHandler
 .text.TIM1_UP_TIM16_IRQHandler
                0x0000000008000f70       0x14 ./Core/Src/stm32l4xx_it.o
                0x0000000008000f70                TIM1_UP_TIM16_IRQHandler
 .text.SystemInit
                0x0000000008000f84       0x24 ./Core/Src/system_stm32l4xx.o
                0x0000000008000f84                SystemInit
 .text.Reset_Handler
                0x0000000008000fa8       0x50 ./Core/Startup/startup_stm32l4r5zitx.o
                0x0000000008000fa8                Reset_Handler
 .text.Default_Handler
                0x0000000008000ff8        0x2 ./Core/Startup/startup_stm32l4r5zitx.o
                0x0000000008000ff8                RTC_Alarm_IRQHandler
                0x0000000008000ff8                EXTI2_IRQHandler
                0x0000000008000ff8                TIM8_TRG_COM_IRQHandler
                0x0000000008000ff8                TIM8_CC_IRQHandler
                0x0000000008000ff8                TIM1_CC_IRQHandler
                0x0000000008000ff8                TSC_IRQHandler
                0x0000000008000ff8                TAMP_STAMP_IRQHandler
                0x0000000008000ff8                EXTI3_IRQHandler
                0x0000000008000ff8                LPTIM2_IRQHandler
                0x0000000008000ff8                DFSDM1_FLT1_IRQHandler
                0x0000000008000ff8                GFXMMU_IRQHandler
                0x0000000008000ff8                I2C3_ER_IRQHandler
                0x0000000008000ff8                DFSDM1_FLT2_IRQHandler
                0x0000000008000ff8                EXTI0_IRQHandler
                0x0000000008000ff8                I2C2_EV_IRQHandler
                0x0000000008000ff8                FPU_IRQHandler
                0x0000000008000ff8                LTDC_ER_IRQHandler
                0x0000000008000ff8                SPI1_IRQHandler
                0x0000000008000ff8                OCTOSPI1_IRQHandler
                0x0000000008000ff8                TIM6_DAC_IRQHandler
                0x0000000008000ff8                DCMI_IRQHandler
                0x0000000008000ff8                TIM8_UP_IRQHandler
                0x0000000008000ff8                OCTOSPI2_IRQHandler
                0x0000000008000ff8                DMA2_Channel2_IRQHandler
                0x0000000008000ff8                DMA1_Channel4_IRQHandler
                0x0000000008000ff8                SAI2_IRQHandler
                0x0000000008000ff8                ADC1_IRQHandler
                0x0000000008000ff8                DFSDM1_FLT3_IRQHandler
                0x0000000008000ff8                USART3_IRQHandler
                0x0000000008000ff8                DMA1_Channel7_IRQHandler
                0x0000000008000ff8                CAN1_RX1_IRQHandler
                0x0000000008000ff8                UART5_IRQHandler
                0x0000000008000ff8                TIM4_IRQHandler
                0x0000000008000ff8                DMA2_Channel1_IRQHandler
                0x0000000008000ff8                I2C1_EV_IRQHandler
                0x0000000008000ff8                DMAMUX1_OVR_IRQHandler
                0x0000000008000ff8                DMA1_Channel6_IRQHandler
                0x0000000008000ff8                UART4_IRQHandler
                0x0000000008000ff8                DMA2_Channel4_IRQHandler
                0x0000000008000ff8                TIM3_IRQHandler
                0x0000000008000ff8                RCC_IRQHandler
                0x0000000008000ff8                DMA1_Channel1_IRQHandler
                0x0000000008000ff8                Default_Handler
                0x0000000008000ff8                DMA2_Channel7_IRQHandler
                0x0000000008000ff8                EXTI15_10_IRQHandler
                0x0000000008000ff8                TIM7_IRQHandler
                0x0000000008000ff8                SDMMC1_IRQHandler
                0x0000000008000ff8                TIM5_IRQHandler
                0x0000000008000ff8                I2C3_EV_IRQHandler
                0x0000000008000ff8                EXTI9_5_IRQHandler
                0x0000000008000ff8                RTC_WKUP_IRQHandler
                0x0000000008000ff8                LTDC_IRQHandler
                0x0000000008000ff8                PVD_PVM_IRQHandler
                0x0000000008000ff8                SPI2_IRQHandler
                0x0000000008000ff8                CAN1_TX_IRQHandler
                0x0000000008000ff8                DMA2_Channel5_IRQHandler
                0x0000000008000ff8                CRS_IRQHandler
                0x0000000008000ff8                DMA1_Channel5_IRQHandler
                0x0000000008000ff8                EXTI4_IRQHandler
                0x0000000008000ff8                RNG_IRQHandler
                0x0000000008000ff8                TIM1_TRG_COM_TIM17_IRQHandler
                0x0000000008000ff8                DMA1_Channel3_IRQHandler
                0x0000000008000ff8                COMP_IRQHandler
                0x0000000008000ff8                WWDG_IRQHandler
                0x0000000008000ff8                I2C4_EV_IRQHandler
                0x0000000008000ff8                LPUART1_IRQHandler
                0x0000000008000ff8                DMA2_Channel6_IRQHandler
                0x0000000008000ff8                TIM2_IRQHandler
                0x0000000008000ff8                DMA2D_IRQHandler
                0x0000000008000ff8                EXTI1_IRQHandler
                0x0000000008000ff8                USART2_IRQHandler
                0x0000000008000ff8                DFSDM1_FLT0_IRQHandler
                0x0000000008000ff8                I2C2_ER_IRQHandler
                0x0000000008000ff8                DMA1_Channel2_IRQHandler
                0x0000000008000ff8                TIM8_BRK_IRQHandler
                0x0000000008000ff8                CAN1_SCE_IRQHandler
                0x0000000008000ff8                FLASH_IRQHandler
                0x0000000008000ff8                USART1_IRQHandler
                0x0000000008000ff8                OTG_FS_IRQHandler
                0x0000000008000ff8                SPI3_IRQHandler
                0x0000000008000ff8                I2C1_ER_IRQHandler
                0x0000000008000ff8                FMC_IRQHandler
                0x0000000008000ff8                LPTIM1_IRQHandler
                0x0000000008000ff8                I2C4_ER_IRQHandler
                0x0000000008000ff8                SAI1_IRQHandler
                0x0000000008000ff8                DMA2_Channel3_IRQHandler
                0x0000000008000ff8                TIM1_BRK_TIM15_IRQHandler
 .text.HAL_Init
                0x0000000008000ffa       0x30 ./Drivers/STM32L4xx_HAL_Driver/Src/stm32l4xx_hal.o
                0x0000000008000ffa                HAL_Init
 *fill*         0x000000000800102a        0x2 
 .text.HAL_IncTick
                0x000000000800102c       0x28 ./Drivers/STM32L4xx_HAL_Driver/Src/stm32l4xx_hal.o
                0x000000000800102c                HAL_IncTick
 .text.HAL_GetTick
                0x0000000008001054       0x18 ./Drivers/STM32L4xx_HAL_Driver/Src/stm32l4xx_hal.o
                0x0000000008001054                HAL_GetTick
 .text.HAL_CAN_Init
                0x000000000800106c      0x1f6 ./Drivers/STM32L4xx_HAL_Driver/Src/stm32l4xx_hal_can.o
                0x000000000800106c                HAL_CAN_Init
 .text.HAL_CAN_GetRxMessage
                0x0000000008001262      0x244 ./Drivers/STM32L4xx_HAL_Driver/Src/stm32l4xx_hal_can.o
                0x0000000008001262                HAL_CAN_GetRxMessage
 .text.HAL_CAN_ActivateNotification
                0x00000000080014a6       0x4c ./Drivers/STM32L4xx_HAL_Driver/Src/stm32l4xx_hal_can.o
                0x00000000080014a6                HAL_CAN_ActivateNotification
 .text.HAL_CAN_IRQHandler
                0x00000000080014f2      0x36e ./Drivers/STM32L4xx_HAL_Driver/Src/stm32l4xx_hal_can.o
                0x00000000080014f2                HAL_CAN_IRQHandler
 .text.HAL_CAN_TxMailbox0CompleteCallback
                0x0000000008001860       0x14 ./Drivers/STM32L4xx_HAL_Driver/Src/stm32l4xx_hal_can.o
                0x0000000008001860                HAL_CAN_TxMailbox0CompleteCallback
 .text.HAL_CAN_TxMailbox1CompleteCallback
                0x0000000008001874       0x14 ./Drivers/STM32L4xx_HAL_Driver/Src/stm32l4xx_hal_can.o
                0x0000000008001874                HAL_CAN_TxMailbox1CompleteCallback
 .text.HAL_CAN_TxMailbox2CompleteCallback
                0x0000000008001888       0x14 ./Drivers/STM32L4xx_HAL_Driver/Src/stm32l4xx_hal_can.o
                0x0000000008001888                HAL_CAN_TxMailbox2CompleteCallback
 .text.HAL_CAN_TxMailbox0AbortCallback
                0x000000000800189c       0x14 ./Drivers/STM32L4xx_HAL_Driver/Src/stm32l4xx_hal_can.o
                0x000000000800189c                HAL_CAN_TxMailbox0AbortCallback
 .text.HAL_CAN_TxMailbox1AbortCallback
                0x00000000080018b0       0x14 ./Drivers/STM32L4xx_HAL_Driver/Src/stm32l4xx_hal_can.o
                0x00000000080018b0                HAL_CAN_TxMailbox1AbortCallback
 .text.HAL_CAN_TxMailbox2AbortCallback
                0x00000000080018c4       0x14 ./Drivers/STM32L4xx_HAL_Driver/Src/stm32l4xx_hal_can.o
                0x00000000080018c4                HAL_CAN_TxMailbox2AbortCallback
 .text.HAL_CAN_RxFifo0FullCallback
                0x00000000080018d8       0x14 ./Drivers/STM32L4xx_HAL_Driver/Src/stm32l4xx_hal_can.o
                0x00000000080018d8                HAL_CAN_RxFifo0FullCallback
 .text.HAL_CAN_RxFifo1MsgPendingCallback
                0x00000000080018ec       0x14 ./Drivers/STM32L4xx_HAL_Driver/Src/stm32l4xx_hal_can.o
                0x00000000080018ec                HAL_CAN_RxFifo1MsgPendingCallback
 .text.HAL_CAN_RxFifo1FullCallback
                0x0000000008001900       0x14 ./Drivers/STM32L4xx_HAL_Driver/Src/stm32l4xx_hal_can.o
                0x0000000008001900                HAL_CAN_RxFifo1FullCallback
 .text.HAL_CAN_SleepCallback
                0x0000000008001914       0x14 ./Drivers/STM32L4xx_HAL_Driver/Src/stm32l4xx_hal_can.o
                0x0000000008001914                HAL_CAN_SleepCallback
 .text.HAL_CAN_WakeUpFromRxMsgCallback
                0x0000000008001928       0x14 ./Drivers/STM32L4xx_HAL_Driver/Src/stm32l4xx_hal_can.o
                0x0000000008001928                HAL_CAN_WakeUpFromRxMsgCallback
 .text.HAL_CAN_ErrorCallback
                0x000000000800193c       0x14 ./Drivers/STM32L4xx_HAL_Driver/Src/stm32l4xx_hal_can.o
                0x000000000800193c                HAL_CAN_ErrorCallback
 .text.__NVIC_SetPriorityGrouping
                0x0000000008001950       0x48 ./Drivers/STM32L4xx_HAL_Driver/Src/stm32l4xx_hal_cortex.o
 .text.__NVIC_GetPriorityGrouping
                0x0000000008001998       0x1c ./Drivers/STM32L4xx_HAL_Driver/Src/stm32l4xx_hal_cortex.o
 .text.__NVIC_EnableIRQ
                0x00000000080019b4       0x3c ./Drivers/STM32L4xx_HAL_Driver/Src/stm32l4xx_hal_cortex.o
 .text.__NVIC_SetPriority
                0x00000000080019f0       0x54 ./Drivers/STM32L4xx_HAL_Driver/Src/stm32l4xx_hal_cortex.o
 .text.NVIC_EncodePriority
                0x0000000008001a44       0x66 ./Drivers/STM32L4xx_HAL_Driver/Src/stm32l4xx_hal_cortex.o
 .text.HAL_NVIC_SetPriorityGrouping
                0x0000000008001aaa       0x16 ./Drivers/STM32L4xx_HAL_Driver/Src/stm32l4xx_hal_cortex.o
                0x0000000008001aaa                HAL_NVIC_SetPriorityGrouping
 .text.HAL_NVIC_SetPriority
                0x0000000008001ac0       0x38 ./Drivers/STM32L4xx_HAL_Driver/Src/stm32l4xx_hal_cortex.o
                0x0000000008001ac0                HAL_NVIC_SetPriority
 .text.HAL_NVIC_EnableIRQ
                0x0000000008001af8       0x1c ./Drivers/STM32L4xx_HAL_Driver/Src/stm32l4xx_hal_cortex.o
                0x0000000008001af8                HAL_NVIC_EnableIRQ
 .text.HAL_GPIO_Init
                0x0000000008001b14      0x324 ./Drivers/STM32L4xx_HAL_Driver/Src/stm32l4xx_hal_gpio.o
                0x0000000008001b14                HAL_GPIO_Init
 .text.HAL_GPIO_ReadPin
                0x0000000008001e38       0x30 ./Drivers/STM32L4xx_HAL_Driver/Src/stm32l4xx_hal_gpio.o
                0x0000000008001e38                HAL_GPIO_ReadPin
 .text.HAL_GPIO_WritePin
                0x0000000008001e68       0x30 ./Drivers/STM32L4xx_HAL_Driver/Src/stm32l4xx_hal_gpio.o
                0x0000000008001e68                HAL_GPIO_WritePin
 .text.HAL_PWREx_GetVoltageRange
                0x0000000008001e98       0x40 ./Drivers/STM32L4xx_HAL_Driver/Src/stm32l4xx_hal_pwr_ex.o
                0x0000000008001e98                HAL_PWREx_GetVoltageRange
 .text.HAL_PWREx_ControlVoltageScaling
                0x0000000008001ed8      0x148 ./Drivers/STM32L4xx_HAL_Driver/Src/stm32l4xx_hal_pwr_ex.o
                0x0000000008001ed8                HAL_PWREx_ControlVoltageScaling
 .text.HAL_PWREx_EnableVddIO2
                0x0000000008002020       0x20 ./Drivers/STM32L4xx_HAL_Driver/Src/stm32l4xx_hal_pwr_ex.o
                0x0000000008002020                HAL_PWREx_EnableVddIO2
 .text.HAL_RCC_OscConfig
                0x0000000008002040      0x834 ./Drivers/STM32L4xx_HAL_Driver/Src/stm32l4xx_hal_rcc.o
                0x0000000008002040                HAL_RCC_OscConfig
 .text.HAL_RCC_ClockConfig
                0x0000000008002874      0x274 ./Drivers/STM32L4xx_HAL_Driver/Src/stm32l4xx_hal_rcc.o
                0x0000000008002874                HAL_RCC_ClockConfig
 .text.HAL_RCC_GetSysClockFreq
                0x0000000008002ae8      0x118 ./Drivers/STM32L4xx_HAL_Driver/Src/stm32l4xx_hal_rcc.o
                0x0000000008002ae8                HAL_RCC_GetSysClockFreq
 .text.HAL_RCC_GetHCLKFreq
                0x0000000008002c00       0x18 ./Drivers/STM32L4xx_HAL_Driver/Src/stm32l4xx_hal_rcc.o
                0x0000000008002c00                HAL_RCC_GetHCLKFreq
 .text.HAL_RCC_GetPCLK2Freq
                0x0000000008002c18       0x2c ./Drivers/STM32L4xx_HAL_Driver/Src/stm32l4xx_hal_rcc.o
                0x0000000008002c18                HAL_RCC_GetPCLK2Freq
 .text.HAL_RCC_GetClockConfig
                0x0000000008002c44       0x64 ./Drivers/STM32L4xx_HAL_Driver/Src/stm32l4xx_hal_rcc.o
                0x0000000008002c44                HAL_RCC_GetClockConfig
 .text.RCC_SetFlashLatencyFromMSIRange
                0x0000000008002ca8       0xb4 ./Drivers/STM32L4xx_HAL_Driver/Src/stm32l4xx_hal_rcc.o
 .text.RCC_GetSysClockFreqFromPLLSource
                0x0000000008002d5c       0xcc ./Drivers/STM32L4xx_HAL_Driver/Src/stm32l4xx_hal_rcc.o
 .text.HAL_TIM_Base_Init
                0x0000000008002e28       0xae ./Drivers/STM32L4xx_HAL_Driver/Src/stm32l4xx_hal_tim.o
                0x0000000008002e28                HAL_TIM_Base_Init
 *fill*         0x0000000008002ed6        0x2 
 .text.HAL_TIM_Base_Start_IT
                0x0000000008002ed8       0xe0 ./Drivers/STM32L4xx_HAL_Driver/Src/stm32l4xx_hal_tim.o
                0x0000000008002ed8                HAL_TIM_Base_Start_IT
 .text.HAL_TIM_PWM_Init
                0x0000000008002fb8       0xae ./Drivers/STM32L4xx_HAL_Driver/Src/stm32l4xx_hal_tim.o
                0x0000000008002fb8                HAL_TIM_PWM_Init
 .text.HAL_TIM_PWM_MspInit
                0x0000000008003066       0x14 ./Drivers/STM32L4xx_HAL_Driver/Src/stm32l4xx_hal_tim.o
                0x0000000008003066                HAL_TIM_PWM_MspInit
 *fill*         0x000000000800307a        0x2 
 .text.HAL_TIM_PWM_Start
                0x000000000800307c      0x20c ./Drivers/STM32L4xx_HAL_Driver/Src/stm32l4xx_hal_tim.o
                0x000000000800307c                HAL_TIM_PWM_Start
 .text.HAL_TIM_IRQHandler
                0x0000000008003288      0x204 ./Drivers/STM32L4xx_HAL_Driver/Src/stm32l4xx_hal_tim.o
                0x0000000008003288                HAL_TIM_IRQHandler
 .text.HAL_TIM_PWM_ConfigChannel
                0x000000000800348c      0x228 ./Drivers/STM32L4xx_HAL_Driver/Src/stm32l4xx_hal_tim.o
                0x000000000800348c                HAL_TIM_PWM_ConfigChannel
 .text.HAL_TIM_ConfigClockSource
                0x00000000080036b4      0x192 ./Drivers/STM32L4xx_HAL_Driver/Src/stm32l4xx_hal_tim.o
                0x00000000080036b4                HAL_TIM_ConfigClockSource
 .text.HAL_TIM_OC_DelayElapsedCallback
                0x0000000008003846       0x14 ./Drivers/STM32L4xx_HAL_Driver/Src/stm32l4xx_hal_tim.o
                0x0000000008003846                HAL_TIM_OC_DelayElapsedCallback
 .text.HAL_TIM_IC_CaptureCallback
                0x000000000800385a       0x14 ./Drivers/STM32L4xx_HAL_Driver/Src/stm32l4xx_hal_tim.o
                0x000000000800385a                HAL_TIM_IC_CaptureCallback
 .text.HAL_TIM_PWM_PulseFinishedCallback
                0x000000000800386e       0x14 ./Drivers/STM32L4xx_HAL_Driver/Src/stm32l4xx_hal_tim.o
                0x000000000800386e                HAL_TIM_PWM_PulseFinishedCallback
 .text.HAL_TIM_TriggerCallback
                0x0000000008003882       0x14 ./Drivers/STM32L4xx_HAL_Driver/Src/stm32l4xx_hal_tim.o
                0x0000000008003882                HAL_TIM_TriggerCallback
 *fill*         0x0000000008003896        0x2 
 .text.TIM_Base_SetConfig
                0x0000000008003898      0x134 ./Drivers/STM32L4xx_HAL_Driver/Src/stm32l4xx_hal_tim.o
                0x0000000008003898                TIM_Base_SetConfig
 .text.TIM_OC1_SetConfig
                0x00000000080039cc      0x120 ./Drivers/STM32L4xx_HAL_Driver/Src/stm32l4xx_hal_tim.o
 .text.TIM_OC2_SetConfig
                0x0000000008003aec      0x114 ./Drivers/STM32L4xx_HAL_Driver/Src/stm32l4xx_hal_tim.o
                0x0000000008003aec                TIM_OC2_SetConfig
 .text.TIM_OC3_SetConfig
                0x0000000008003c00      0x110 ./Drivers/STM32L4xx_HAL_Driver/Src/stm32l4xx_hal_tim.o
 .text.TIM_OC4_SetConfig
                0x0000000008003d10       0xd4 ./Drivers/STM32L4xx_HAL_Driver/Src/stm32l4xx_hal_tim.o
 .text.TIM_OC5_SetConfig
                0x0000000008003de4       0xc8 ./Drivers/STM32L4xx_HAL_Driver/Src/stm32l4xx_hal_tim.o
 .text.TIM_OC6_SetConfig
                0x0000000008003eac       0xcc ./Drivers/STM32L4xx_HAL_Driver/Src/stm32l4xx_hal_tim.o
 .text.TIM_TI1_ConfigInputStage
                0x0000000008003f78       0x5e ./Drivers/STM32L4xx_HAL_Driver/Src/stm32l4xx_hal_tim.o
 .text.TIM_TI2_ConfigInputStage
                0x0000000008003fd6       0x60 ./Drivers/STM32L4xx_HAL_Driver/Src/stm32l4xx_hal_tim.o
 .text.TIM_ITRx_SetConfig
                0x0000000008004036       0x36 ./Drivers/STM32L4xx_HAL_Driver/Src/stm32l4xx_hal_tim.o
 .text.TIM_ETR_SetConfig
                0x000000000800406c       0x40 ./Drivers/STM32L4xx_HAL_Driver/Src/stm32l4xx_hal_tim.o
                0x000000000800406c                TIM_ETR_SetConfig
 .text.TIM_CCxChannelCmd
                0x00000000080040ac       0x4a ./Drivers/STM32L4xx_HAL_Driver/Src/stm32l4xx_hal_tim.o
                0x00000000080040ac                TIM_CCxChannelCmd
 *fill*         0x00000000080040f6        0x2 
 .text.HAL_TIMEx_MasterConfigSynchronization
                0x00000000080040f8      0x110 ./Drivers/STM32L4xx_HAL_Driver/Src/stm32l4xx_hal_tim_ex.o
                0x00000000080040f8                HAL_TIMEx_MasterConfigSynchronization
 .text.HAL_TIMEx_CommutCallback
                0x0000000008004208       0x14 ./Drivers/STM32L4xx_HAL_Driver/Src/stm32l4xx_hal_tim_ex.o
                0x0000000008004208                HAL_TIMEx_CommutCallback
 .text.HAL_TIMEx_BreakCallback
                0x000000000800421c       0x14 ./Drivers/STM32L4xx_HAL_Driver/Src/stm32l4xx_hal_tim_ex.o
                0x000000000800421c                HAL_TIMEx_BreakCallback
 .text.HAL_TIMEx_Break2Callback
                0x0000000008004230       0x14 ./Drivers/STM32L4xx_HAL_Driver/Src/stm32l4xx_hal_tim_ex.o
                0x0000000008004230                HAL_TIMEx_Break2Callback
 .text.makeFreeRtosPriority
                0x0000000008004244       0x30 ./Middlewares/Third_Party/FreeRTOS/Source/CMSIS_RTOS/cmsis_os.o
 .text.osKernelStart
                0x0000000008004274        0xe ./Middlewares/Third_Party/FreeRTOS/Source/CMSIS_RTOS/cmsis_os.o
                0x0000000008004274                osKernelStart
 .text.osThreadCreate
                0x0000000008004282       0x98 ./Middlewares/Third_Party/FreeRTOS/Source/CMSIS_RTOS/cmsis_os.o
                0x0000000008004282                osThreadCreate
 .text.osDelay  0x000000000800431a       0x28 ./Middlewares/Third_Party/FreeRTOS/Source/CMSIS_RTOS/cmsis_os.o
                0x000000000800431a                osDelay
 .text.vListInitialise
                0x0000000008004342       0x40 ./Middlewares/Third_Party/FreeRTOS/Source/list.o
                0x0000000008004342                vListInitialise
 .text.vListInitialiseItem
                0x0000000008004382       0x1a ./Middlewares/Third_Party/FreeRTOS/Source/list.o
                0x0000000008004382                vListInitialiseItem
 .text.vListInsertEnd
                0x000000000800439c       0x48 ./Middlewares/Third_Party/FreeRTOS/Source/list.o
                0x000000000800439c                vListInsertEnd
 .text.vListInsert
                0x00000000080043e4       0x72 ./Middlewares/Third_Party/FreeRTOS/Source/list.o
                0x00000000080043e4                vListInsert
 .text.uxListRemove
                0x0000000008004456       0x54 ./Middlewares/Third_Party/FreeRTOS/Source/list.o
                0x0000000008004456                uxListRemove
 *fill*         0x00000000080044aa        0x2 
 .text.xQueueGenericReset
                0x00000000080044ac       0xd0 ./Middlewares/Third_Party/FreeRTOS/Source/queue.o
                0x00000000080044ac                xQueueGenericReset
 .text.xQueueGenericCreateStatic
                0x000000000800457c       0xf0 ./Middlewares/Third_Party/FreeRTOS/Source/queue.o
                0x000000000800457c                xQueueGenericCreateStatic
 .text.prvInitialiseNewQueue
                0x000000000800466c       0x3e ./Middlewares/Third_Party/FreeRTOS/Source/queue.o
 *fill*         0x00000000080046aa        0x2 
 .text.xQueueGenericSend
                0x00000000080046ac      0x1fc ./Middlewares/Third_Party/FreeRTOS/Source/queue.o
                0x00000000080046ac                xQueueGenericSend
 .text.xQueueGenericSendFromISR
                0x00000000080048a8      0x136 ./Middlewares/Third_Party/FreeRTOS/Source/queue.o
                0x00000000080048a8                xQueueGenericSendFromISR
 *fill*         0x00000000080049de        0x2 
 .text.xQueueReceive
                0x00000000080049e0      0x1c0 ./Middlewares/Third_Party/FreeRTOS/Source/queue.o
                0x00000000080049e0                xQueueReceive
 .text.prvCopyDataToQueue
                0x0000000008004ba0       0xd4 ./Middlewares/Third_Party/FreeRTOS/Source/queue.o
 .text.prvCopyDataFromQueue
                0x0000000008004c74       0x4c ./Middlewares/Third_Party/FreeRTOS/Source/queue.o
 .text.prvUnlockQueue
                0x0000000008004cc0       0xa4 ./Middlewares/Third_Party/FreeRTOS/Source/queue.o
 .text.prvIsQueueEmpty
                0x0000000008004d64       0x2c ./Middlewares/Third_Party/FreeRTOS/Source/queue.o
 .text.prvIsQueueFull
                0x0000000008004d90       0x30 ./Middlewares/Third_Party/FreeRTOS/Source/queue.o
 .text.vQueueAddToRegistry
                0x0000000008004dc0       0x54 ./Middlewares/Third_Party/FreeRTOS/Source/queue.o
                0x0000000008004dc0                vQueueAddToRegistry
 .text.vQueueWaitForMessageRestricted
                0x0000000008004e14       0x68 ./Middlewares/Third_Party/FreeRTOS/Source/queue.o
                0x0000000008004e14                vQueueWaitForMessageRestricted
 .text.xTaskCreateStatic
                0x0000000008004e7c       0xba ./Middlewares/Third_Party/FreeRTOS/Source/tasks.o
                0x0000000008004e7c                xTaskCreateStatic
 .text.xTaskCreate
                0x0000000008004f36       0x8a ./Middlewares/Third_Party/FreeRTOS/Source/tasks.o
                0x0000000008004f36                xTaskCreate
 .text.prvInitialiseNewTask
                0x0000000008004fc0      0x13c ./Middlewares/Third_Party/FreeRTOS/Source/tasks.o
 .text.prvAddNewTaskToReadyList
                0x00000000080050fc       0xd4 ./Middlewares/Third_Party/FreeRTOS/Source/tasks.o
 .text.vTaskDelay
                0x00000000080051d0       0x68 ./Middlewares/Third_Party/FreeRTOS/Source/tasks.o
                0x00000000080051d0                vTaskDelay
 .text.vTaskStartScheduler
                0x0000000008005238       0xe0 ./Middlewares/Third_Party/FreeRTOS/Source/tasks.o
                0x0000000008005238                vTaskStartScheduler
 .text.vTaskSuspendAll
                0x0000000008005318       0x1c ./Middlewares/Third_Party/FreeRTOS/Source/tasks.o
                0x0000000008005318                vTaskSuspendAll
 .text.xTaskResumeAll
                0x0000000008005334      0x138 ./Middlewares/Third_Party/FreeRTOS/Source/tasks.o
                0x0000000008005334                xTaskResumeAll
 .text.xTaskGetTickCount
                0x000000000800546c       0x20 ./Middlewares/Third_Party/FreeRTOS/Source/tasks.o
                0x000000000800546c                xTaskGetTickCount
 .text.xTaskIncrementTick
                0x000000000800548c      0x170 ./Middlewares/Third_Party/FreeRTOS/Source/tasks.o
                0x000000000800548c                xTaskIncrementTick
 .text.vTaskSwitchContext
                0x00000000080055fc       0xc4 ./Middlewares/Third_Party/FreeRTOS/Source/tasks.o
                0x00000000080055fc                vTaskSwitchContext
 .text.vTaskPlaceOnEventList
                0x00000000080056c0       0x48 ./Middlewares/Third_Party/FreeRTOS/Source/tasks.o
                0x00000000080056c0                vTaskPlaceOnEventList
 .text.vTaskPlaceOnEventListRestricted
                0x0000000008005708       0x58 ./Middlewares/Third_Party/FreeRTOS/Source/tasks.o
                0x0000000008005708                vTaskPlaceOnEventListRestricted
 .text.xTaskRemoveFromEventList
                0x0000000008005760       0xc4 ./Middlewares/Third_Party/FreeRTOS/Source/tasks.o
                0x0000000008005760                xTaskRemoveFromEventList
 .text.vTaskInternalSetTimeOutState
                0x0000000008005824       0x2c ./Middlewares/Third_Party/FreeRTOS/Source/tasks.o
                0x0000000008005824                vTaskInternalSetTimeOutState
 .text.xTaskCheckForTimeOut
                0x0000000008005850       0xc4 ./Middlewares/Third_Party/FreeRTOS/Source/tasks.o
                0x0000000008005850                xTaskCheckForTimeOut
 .text.vTaskMissedYield
                0x0000000008005914       0x18 ./Middlewares/Third_Party/FreeRTOS/Source/tasks.o
                0x0000000008005914                vTaskMissedYield
 .text.prvIdleTask
                0x000000000800592c       0x30 ./Middlewares/Third_Party/FreeRTOS/Source/tasks.o
 .text.prvInitialiseTaskLists
                0x000000000800595c       0x80 ./Middlewares/Third_Party/FreeRTOS/Source/tasks.o
 .text.prvCheckTasksWaitingTermination
                0x00000000080059dc       0x5c ./Middlewares/Third_Party/FreeRTOS/Source/tasks.o
 .text.prvDeleteTCB
                0x0000000008005a38       0x68 ./Middlewares/Third_Party/FreeRTOS/Source/tasks.o
 .text.prvResetNextTaskUnblockTime
                0x0000000008005aa0       0x40 ./Middlewares/Third_Party/FreeRTOS/Source/tasks.o
 .text.xTaskGetSchedulerState
                0x0000000008005ae0       0x3c ./Middlewares/Third_Party/FreeRTOS/Source/tasks.o
                0x0000000008005ae0                xTaskGetSchedulerState
 .text.xTaskPriorityDisinherit
                0x0000000008005b1c      0x10c ./Middlewares/Third_Party/FreeRTOS/Source/tasks.o
                0x0000000008005b1c                xTaskPriorityDisinherit
 .text.prvAddCurrentTaskToDelayedList
                0x0000000008005c28       0xcc ./Middlewares/Third_Party/FreeRTOS/Source/tasks.o
 .text.xTimerCreateTimerTask
                0x0000000008005cf4       0x90 ./Middlewares/Third_Party/FreeRTOS/Source/timers.o
                0x0000000008005cf4                xTimerCreateTimerTask
 .text.xTimerGenericCommand
                0x0000000008005d84       0x9c ./Middlewares/Third_Party/FreeRTOS/Source/timers.o
                0x0000000008005d84                xTimerGenericCommand
 .text.prvProcessExpiredTimer
                0x0000000008005e20       0x98 ./Middlewares/Third_Party/FreeRTOS/Source/timers.o
 .text.prvTimerTask
                0x0000000008005eb8       0x24 ./Middlewares/Third_Party/FreeRTOS/Source/timers.o
 .text.prvProcessTimerOrBlockTask
                0x0000000008005edc       0x9c ./Middlewares/Third_Party/FreeRTOS/Source/timers.o
 .text.prvGetNextExpireTime
                0x0000000008005f78       0x48 ./Middlewares/Third_Party/FreeRTOS/Source/timers.o
 .text.prvSampleTimeNow
                0x0000000008005fc0       0x40 ./Middlewares/Third_Party/FreeRTOS/Source/timers.o
 .text.prvInsertTimerInActiveList
                0x0000000008006000       0x84 ./Middlewares/Third_Party/FreeRTOS/Source/timers.o
 .text.prvProcessReceivedCommands
                0x0000000008006084      0x18c ./Middlewares/Third_Party/FreeRTOS/Source/timers.o
 .text.prvSwitchTimerLists
                0x0000000008006210       0xc8 ./Middlewares/Third_Party/FreeRTOS/Source/timers.o
 .text.prvCheckForValidListAndQueue
                0x00000000080062d8       0x80 ./Middlewares/Third_Party/FreeRTOS/Source/timers.o
 .text.pxPortInitialiseStack
                0x0000000008006358       0x68 ./Middlewares/Third_Party/FreeRTOS/Source/portable/GCC/ARM_CM4F/port.o
                0x0000000008006358                pxPortInitialiseStack
 .text.prvTaskExitError
                0x00000000080063c0       0x58 ./Middlewares/Third_Party/FreeRTOS/Source/portable/GCC/ARM_CM4F/port.o
 *fill*         0x0000000008006418        0x8 
 .text.SVC_Handler
                0x0000000008006420       0x28 ./Middlewares/Third_Party/FreeRTOS/Source/portable/GCC/ARM_CM4F/port.o
                0x0000000008006420                SVC_Handler
 .text.prvPortStartFirstTask
                0x0000000008006448       0x28 ./Middlewares/Third_Party/FreeRTOS/Source/portable/GCC/ARM_CM4F/port.o
 .text.xPortStartScheduler
                0x0000000008006470      0x144 ./Middlewares/Third_Party/FreeRTOS/Source/portable/GCC/ARM_CM4F/port.o
                0x0000000008006470                xPortStartScheduler
 .text.vPortEnterCritical
                0x00000000080065b4       0x60 ./Middlewares/Third_Party/FreeRTOS/Source/portable/GCC/ARM_CM4F/port.o
                0x00000000080065b4                vPortEnterCritical
 .text.vPortExitCritical
                0x0000000008006614       0x54 ./Middlewares/Third_Party/FreeRTOS/Source/portable/GCC/ARM_CM4F/port.o
                0x0000000008006614                vPortExitCritical
 *fill*         0x0000000008006668        0x8 
 .text.PendSV_Handler
                0x0000000008006670       0x68 ./Middlewares/Third_Party/FreeRTOS/Source/portable/GCC/ARM_CM4F/port.o
                0x0000000008006670                PendSV_Handler
 .text.SysTick_Handler
                0x00000000080066d8       0x44 ./Middlewares/Third_Party/FreeRTOS/Source/portable/GCC/ARM_CM4F/port.o
                0x00000000080066d8                SysTick_Handler
 .text.vPortSetupTimerInterrupt
                0x000000000800671c       0x48 ./Middlewares/Third_Party/FreeRTOS/Source/portable/GCC/ARM_CM4F/port.o
                0x000000000800671c                vPortSetupTimerInterrupt
 .text.vPortEnableVFP
                0x0000000008006764       0x14 ./Middlewares/Third_Party/FreeRTOS/Source/portable/GCC/ARM_CM4F/port.o
 .text.vPortValidateInterruptPriority
                0x0000000008006778       0x80 ./Middlewares/Third_Party/FreeRTOS/Source/portable/GCC/ARM_CM4F/port.o
                0x0000000008006778                vPortValidateInterruptPriority
 .text.pvPortMalloc
                0x00000000080067f8      0x198 ./Middlewares/Third_Party/FreeRTOS/Source/portable/MemMang/heap_4.o
                0x00000000080067f8                pvPortMalloc
 .text.vPortFree
                0x0000000008006990       0xc4 ./Middlewares/Third_Party/FreeRTOS/Source/portable/MemMang/heap_4.o
                0x0000000008006990                vPortFree
 .text.prvHeapInit
                0x0000000008006a54       0xc4 ./Middlewares/Third_Party/FreeRTOS/Source/portable/MemMang/heap_4.o
 .text.prvInsertBlockIntoFreeList
                0x0000000008006b18       0xb4 ./Middlewares/Third_Party/FreeRTOS/Source/portable/MemMang/heap_4.o
 .text.memset   0x0000000008006bcc       0x10 C:/Users/gligmi2/OneDrive - Faurecia/Documents/Programs/STM32IDE/STM32CubeIDE_1.14.0/STM32CubeIDE/plugins/com.st.stm32cube.ide.mcu.externaltools.gnu-tools-for-stm32.11.3.rel1.win32_1.1.100.202309141235/tools/bin/../lib/gcc/arm-none-eabi/11.3.1/../../../../arm-none-eabi/lib/thumb/v7e-m+fp/hard\libc_nano.a(libc_a-memset.o)
                0x0000000008006bcc                memset
 .text._reclaim_reent
                0x0000000008006bdc       0xac C:/Users/gligmi2/OneDrive - Faurecia/Documents/Programs/STM32IDE/STM32CubeIDE_1.14.0/STM32CubeIDE/plugins/com.st.stm32cube.ide.mcu.externaltools.gnu-tools-for-stm32.11.3.rel1.win32_1.1.100.202309141235/tools/bin/../lib/gcc/arm-none-eabi/11.3.1/../../../../arm-none-eabi/lib/thumb/v7e-m+fp/hard\libc_nano.a(libc_a-reent.o)
                0x0000000008006bdc                _reclaim_reent
 .text.__libc_init_array
                0x0000000008006c88       0x48 C:/Users/gligmi2/OneDrive - Faurecia/Documents/Programs/STM32IDE/STM32CubeIDE_1.14.0/STM32CubeIDE/plugins/com.st.stm32cube.ide.mcu.externaltools.gnu-tools-for-stm32.11.3.rel1.win32_1.1.100.202309141235/tools/bin/../lib/gcc/arm-none-eabi/11.3.1/../../../../arm-none-eabi/lib/thumb/v7e-m+fp/hard\libc_nano.a(libc_a-init.o)
                0x0000000008006c88                __libc_init_array
 .text.__retarget_lock_acquire_recursive
                0x0000000008006cd0        0x2 C:/Users/gligmi2/OneDrive - Faurecia/Documents/Programs/STM32IDE/STM32CubeIDE_1.14.0/STM32CubeIDE/plugins/com.st.stm32cube.ide.mcu.externaltools.gnu-tools-for-stm32.11.3.rel1.win32_1.1.100.202309141235/tools/bin/../lib/gcc/arm-none-eabi/11.3.1/../../../../arm-none-eabi/lib/thumb/v7e-m+fp/hard\libc_nano.a(libc_a-lock.o)
                0x0000000008006cd0                __retarget_lock_acquire_recursive
 .text.__retarget_lock_release_recursive
                0x0000000008006cd2        0x2 C:/Users/gligmi2/OneDrive - Faurecia/Documents/Programs/STM32IDE/STM32CubeIDE_1.14.0/STM32CubeIDE/plugins/com.st.stm32cube.ide.mcu.externaltools.gnu-tools-for-stm32.11.3.rel1.win32_1.1.100.202309141235/tools/bin/../lib/gcc/arm-none-eabi/11.3.1/../../../../arm-none-eabi/lib/thumb/v7e-m+fp/hard\libc_nano.a(libc_a-lock.o)
                0x0000000008006cd2                __retarget_lock_release_recursive
 .text.memcpy   0x0000000008006cd4       0x1c C:/Users/gligmi2/OneDrive - Faurecia/Documents/Programs/STM32IDE/STM32CubeIDE_1.14.0/STM32CubeIDE/plugins/com.st.stm32cube.ide.mcu.externaltools.gnu-tools-for-stm32.11.3.rel1.win32_1.1.100.202309141235/tools/bin/../lib/gcc/arm-none-eabi/11.3.1/../../../../arm-none-eabi/lib/thumb/v7e-m+fp/hard\libc_nano.a(libc_a-memcpy-stub.o)
                0x0000000008006cd4                memcpy
 .text._free_r  0x0000000008006cf0       0x98 C:/Users/gligmi2/OneDrive - Faurecia/Documents/Programs/STM32IDE/STM32CubeIDE_1.14.0/STM32CubeIDE/plugins/com.st.stm32cube.ide.mcu.externaltools.gnu-tools-for-stm32.11.3.rel1.win32_1.1.100.202309141235/tools/bin/../lib/gcc/arm-none-eabi/11.3.1/../../../../arm-none-eabi/lib/thumb/v7e-m+fp/hard\libc_nano.a(libc_a-freer.o)
                0x0000000008006cf0                _free_r
 .text.__malloc_lock
                0x0000000008006d88        0xc C:/Users/gligmi2/OneDrive - Faurecia/Documents/Programs/STM32IDE/STM32CubeIDE_1.14.0/STM32CubeIDE/plugins/com.st.stm32cube.ide.mcu.externaltools.gnu-tools-for-stm32.11.3.rel1.win32_1.1.100.202309141235/tools/bin/../lib/gcc/arm-none-eabi/11.3.1/../../../../arm-none-eabi/lib/thumb/v7e-m+fp/hard\libc_nano.a(libc_a-mlock.o)
                0x0000000008006d88                __malloc_lock
 .text.__malloc_unlock
                0x0000000008006d94        0xc C:/Users/gligmi2/OneDrive - Faurecia/Documents/Programs/STM32IDE/STM32CubeIDE_1.14.0/STM32CubeIDE/plugins/com.st.stm32cube.ide.mcu.externaltools.gnu-tools-for-stm32.11.3.rel1.win32_1.1.100.202309141235/tools/bin/../lib/gcc/arm-none-eabi/11.3.1/../../../../arm-none-eabi/lib/thumb/v7e-m+fp/hard\libc_nano.a(libc_a-mlock.o)
                0x0000000008006d94                __malloc_unlock
 *(.glue_7)
 .glue_7        0x0000000008006da0        0x0 linker stubs
 *(.glue_7t)
 .glue_7t       0x0000000008006da0        0x0 linker stubs
 *(.eh_frame)
 .eh_frame      0x0000000008006da0        0x0 C:/Users/gligmi2/OneDrive - Faurecia/Documents/Programs/STM32IDE/STM32CubeIDE_1.14.0/STM32CubeIDE/plugins/com.st.stm32cube.ide.mcu.externaltools.gnu-tools-for-stm32.11.3.rel1.win32_1.1.100.202309141235/tools/bin/../lib/gcc/arm-none-eabi/11.3.1/thumb/v7e-m+fp/hard/crtbegin.o
 *(.init)
 .init          0x0000000008006da0        0x4 C:/Users/gligmi2/OneDrive - Faurecia/Documents/Programs/STM32IDE/STM32CubeIDE_1.14.0/STM32CubeIDE/plugins/com.st.stm32cube.ide.mcu.externaltools.gnu-tools-for-stm32.11.3.rel1.win32_1.1.100.202309141235/tools/bin/../lib/gcc/arm-none-eabi/11.3.1/thumb/v7e-m+fp/hard/crti.o
                0x0000000008006da0                _init
 .init          0x0000000008006da4        0x8 C:/Users/gligmi2/OneDrive - Faurecia/Documents/Programs/STM32IDE/STM32CubeIDE_1.14.0/STM32CubeIDE/plugins/com.st.stm32cube.ide.mcu.externaltools.gnu-tools-for-stm32.11.3.rel1.win32_1.1.100.202309141235/tools/bin/../lib/gcc/arm-none-eabi/11.3.1/thumb/v7e-m+fp/hard/crtn.o
 *(.fini)
 .fini          0x0000000008006dac        0x4 C:/Users/gligmi2/OneDrive - Faurecia/Documents/Programs/STM32IDE/STM32CubeIDE_1.14.0/STM32CubeIDE/plugins/com.st.stm32cube.ide.mcu.externaltools.gnu-tools-for-stm32.11.3.rel1.win32_1.1.100.202309141235/tools/bin/../lib/gcc/arm-none-eabi/11.3.1/thumb/v7e-m+fp/hard/crti.o
                0x0000000008006dac                _fini
 .fini          0x0000000008006db0        0x8 C:/Users/gligmi2/OneDrive - Faurecia/Documents/Programs/STM32IDE/STM32CubeIDE_1.14.0/STM32CubeIDE/plugins/com.st.stm32cube.ide.mcu.externaltools.gnu-tools-for-stm32.11.3.rel1.win32_1.1.100.202309141235/tools/bin/../lib/gcc/arm-none-eabi/11.3.1/thumb/v7e-m+fp/hard/crtn.o
                0x0000000008006db8                . = ALIGN (0x4)
                0x0000000008006db8                _etext = .

.vfp11_veneer   0x0000000008006db8        0x0
 .vfp11_veneer  0x0000000008006db8        0x0 linker stubs

.v4_bx          0x0000000008006db8        0x0
 .v4_bx         0x0000000008006db8        0x0 linker stubs

.iplt           0x0000000008006db8        0x0
 .iplt          0x0000000008006db8        0x0 C:/Users/gligmi2/OneDrive - Faurecia/Documents/Programs/STM32IDE/STM32CubeIDE_1.14.0/STM32CubeIDE/plugins/com.st.stm32cube.ide.mcu.externaltools.gnu-tools-for-stm32.11.3.rel1.win32_1.1.100.202309141235/tools/bin/../lib/gcc/arm-none-eabi/11.3.1/thumb/v7e-m+fp/hard/crtbegin.o

.rodata         0x0000000008006db8      0x10c
                0x0000000008006db8                . = ALIGN (0x4)
 *(.rodata)
 .rodata        0x0000000008006db8       0xac ./Core/Src/main.o
 .rodata        0x0000000008006e64        0x5 ./Middlewares/Third_Party/FreeRTOS/Source/tasks.o
 *fill*         0x0000000008006e69        0x3 
 .rodata        0x0000000008006e6c        0xd ./Middlewares/Third_Party/FreeRTOS/Source/timers.o
 *(.rodata*)
 *fill*         0x0000000008006e79        0x3 
 .rodata.AHBPrescTable
                0x0000000008006e7c       0x10 ./Core/Src/system_stm32l4xx.o
                0x0000000008006e7c                AHBPrescTable
 .rodata.APBPrescTable
                0x0000000008006e8c        0x8 ./Core/Src/system_stm32l4xx.o
                0x0000000008006e8c                APBPrescTable
 .rodata.MSIRangeTable
                0x0000000008006e94       0x30 ./Core/Src/system_stm32l4xx.o
                0x0000000008006e94                MSIRangeTable
                0x0000000008006ec4                . = ALIGN (0x4)

.rel.dyn        0x0000000008006ec4        0x0
 .rel.iplt      0x0000000008006ec4        0x0 C:/Users/gligmi2/OneDrive - Faurecia/Documents/Programs/STM32IDE/STM32CubeIDE_1.14.0/STM32CubeIDE/plugins/com.st.stm32cube.ide.mcu.externaltools.gnu-tools-for-stm32.11.3.rel1.win32_1.1.100.202309141235/tools/bin/../lib/gcc/arm-none-eabi/11.3.1/thumb/v7e-m+fp/hard/crtbegin.o

.ARM.extab      0x0000000008006ec4        0x0
                0x0000000008006ec4                . = ALIGN (0x4)
 *(.ARM.extab* .gnu.linkonce.armextab.*)
                0x0000000008006ec4                . = ALIGN (0x4)

.ARM            0x0000000008006ec4        0x0
                0x0000000008006ec4                . = ALIGN (0x4)
                0x0000000008006ec4                __exidx_start = .
 *(.ARM.exidx*)
                0x0000000008006ec4                __exidx_end = .
                0x0000000008006ec4                . = ALIGN (0x4)

.preinit_array  0x0000000008006ec4        0x0
                0x0000000008006ec4                . = ALIGN (0x4)
                0x0000000008006ec4                PROVIDE (__preinit_array_start = .)
 *(.preinit_array*)
                0x0000000008006ec4                PROVIDE (__preinit_array_end = .)
                0x0000000008006ec4                . = ALIGN (0x4)

.init_array     0x0000000008006ec4        0x4
                0x0000000008006ec4                . = ALIGN (0x4)
                0x0000000008006ec4                PROVIDE (__init_array_start = .)
 *(SORT_BY_NAME(.init_array.*))
 *(.init_array*)
 .init_array    0x0000000008006ec4        0x4 C:/Users/gligmi2/OneDrive - Faurecia/Documents/Programs/STM32IDE/STM32CubeIDE_1.14.0/STM32CubeIDE/plugins/com.st.stm32cube.ide.mcu.externaltools.gnu-tools-for-stm32.11.3.rel1.win32_1.1.100.202309141235/tools/bin/../lib/gcc/arm-none-eabi/11.3.1/thumb/v7e-m+fp/hard/crtbegin.o
                0x0000000008006ec8                PROVIDE (__init_array_end = .)
                0x0000000008006ec8                . = ALIGN (0x4)

.fini_array     0x0000000008006ec8        0x4
                0x0000000008006ec8                . = ALIGN (0x4)
                [!provide]                        PROVIDE (__fini_array_start = .)
 *(SORT_BY_NAME(.fini_array.*))
 *(.fini_array*)
 .fini_array    0x0000000008006ec8        0x4 C:/Users/gligmi2/OneDrive - Faurecia/Documents/Programs/STM32IDE/STM32CubeIDE_1.14.0/STM32CubeIDE/plugins/com.st.stm32cube.ide.mcu.externaltools.gnu-tools-for-stm32.11.3.rel1.win32_1.1.100.202309141235/tools/bin/../lib/gcc/arm-none-eabi/11.3.1/thumb/v7e-m+fp/hard/crtbegin.o
                [!provide]                        PROVIDE (__fini_array_end = .)
                0x0000000008006ecc                . = ALIGN (0x4)
                0x0000000008006ecc                _sidata = LOADADDR (.data)

.data           0x0000000020000000       0xbc load address 0x0000000008006ecc
                0x0000000020000000                . = ALIGN (0x4)
                0x0000000020000000                _sdata = .
 *(.data)
 *(.data*)
 .data.seconds  0x0000000020000000        0x4 ./Core/Src/main.o
                0x0000000020000000                seconds
 .data.zero     0x0000000020000004        0x8 ./Core/Src/main.o
                0x0000000020000004                zero
 .data.one      0x000000002000000c        0x8 ./Core/Src/main.o
                0x000000002000000c                one
 .data.two      0x0000000020000014        0x8 ./Core/Src/main.o
                0x0000000020000014                two
 .data.three    0x000000002000001c        0x8 ./Core/Src/main.o
                0x000000002000001c                three
 .data.four     0x0000000020000024        0x8 ./Core/Src/main.o
                0x0000000020000024                four
 .data.five     0x000000002000002c        0x8 ./Core/Src/main.o
                0x000000002000002c                five
 .data.six      0x0000000020000034        0x8 ./Core/Src/main.o
                0x0000000020000034                six
 .data.seven    0x000000002000003c        0x8 ./Core/Src/main.o
                0x000000002000003c                seven
 .data.eight    0x0000000020000044        0x8 ./Core/Src/main.o
                0x0000000020000044                eight
 .data.nine     0x000000002000004c        0x8 ./Core/Src/main.o
                0x000000002000004c                nine
 .data.Skull    0x0000000020000054        0x8 ./Core/Src/main.o
                0x0000000020000054                Skull
 .data.SystemCoreClock
                0x000000002000005c        0x4 ./Core/Src/system_stm32l4xx.o
                0x000000002000005c                SystemCoreClock
 .data.uwTickPrio
                0x0000000020000060        0x4 ./Drivers/STM32L4xx_HAL_Driver/Src/stm32l4xx_hal.o
                0x0000000020000060                uwTickPrio
 .data.uwTickFreq
                0x0000000020000064        0x1 ./Drivers/STM32L4xx_HAL_Driver/Src/stm32l4xx_hal.o
                0x0000000020000064                uwTickFreq
 *fill*         0x0000000020000065        0x3 
 .data.uxCriticalNesting
                0x0000000020000068        0x4 ./Middlewares/Third_Party/FreeRTOS/Source/portable/GCC/ARM_CM4F/port.o
 .data._impure_data
                0x000000002000006c       0x4c C:/Users/gligmi2/OneDrive - Faurecia/Documents/Programs/STM32IDE/STM32CubeIDE_1.14.0/STM32CubeIDE/plugins/com.st.stm32cube.ide.mcu.externaltools.gnu-tools-for-stm32.11.3.rel1.win32_1.1.100.202309141235/tools/bin/../lib/gcc/arm-none-eabi/11.3.1/../../../../arm-none-eabi/lib/thumb/v7e-m+fp/hard\libc_nano.a(libc_a-impure.o)
                0x000000002000006c                _impure_data
 .data._impure_ptr
                0x00000000200000b8        0x4 C:/Users/gligmi2/OneDrive - Faurecia/Documents/Programs/STM32IDE/STM32CubeIDE_1.14.0/STM32CubeIDE/plugins/com.st.stm32cube.ide.mcu.externaltools.gnu-tools-for-stm32.11.3.rel1.win32_1.1.100.202309141235/tools/bin/../lib/gcc/arm-none-eabi/11.3.1/../../../../arm-none-eabi/lib/thumb/v7e-m+fp/hard\libc_nano.a(libc_a-impure.o)
                0x00000000200000b8                _impure_ptr
 *(.RamFunc)
 *(.RamFunc*)
                0x00000000200000bc                . = ALIGN (0x4)
                0x00000000200000bc                _edata = .

.igot.plt       0x00000000200000bc        0x0 load address 0x0000000008006f88
 .igot.plt      0x00000000200000bc        0x0 C:/Users/gligmi2/OneDrive - Faurecia/Documents/Programs/STM32IDE/STM32CubeIDE_1.14.0/STM32CubeIDE/plugins/com.st.stm32cube.ide.mcu.externaltools.gnu-tools-for-stm32.11.3.rel1.win32_1.1.100.202309141235/tools/bin/../lib/gcc/arm-none-eabi/11.3.1/thumb/v7e-m+fp/hard/crtbegin.o
                0x00000000200000bc                . = ALIGN (0x4)

.bss            0x00000000200000bc     0x17e0 load address 0x0000000008006f88
                0x00000000200000bc                _sbss = .
                0x00000000200000bc                __bss_start__ = _sbss
 *(.bss)
 .bss           0x00000000200000bc       0x1c C:/Users/gligmi2/OneDrive - Faurecia/Documents/Programs/STM32IDE/STM32CubeIDE_1.14.0/STM32CubeIDE/plugins/com.st.stm32cube.ide.mcu.externaltools.gnu-tools-for-stm32.11.3.rel1.win32_1.1.100.202309141235/tools/bin/../lib/gcc/arm-none-eabi/11.3.1/thumb/v7e-m+fp/hard/crtbegin.o
 *(.bss*)
 .bss.xIdleTaskTCBBuffer
                0x00000000200000d8       0xa0 ./Core/Src/freertos.o
 .bss.xIdleStack
                0x0000000020000178      0x200 ./Core/Src/freertos.o
 .bss.xTimerTaskTCBBuffer
                0x0000000020000378       0xa0 ./Core/Src/freertos.o
 .bss.xTimerStack
                0x0000000020000418      0x400 ./Core/Src/freertos.o
 .bss.hcan1     0x0000000020000818       0x28 ./Core/Src/main.o
                0x0000000020000818                hcan1
 .bss.htim2     0x0000000020000840       0x4c ./Core/Src/main.o
                0x0000000020000840                htim2
 .bss.defaultTaskHandle
                0x000000002000088c        0x4 ./Core/Src/main.o
                0x000000002000088c                defaultTaskHandle
 .bss.task1Handle
                0x0000000020000890        0x4 ./Core/Src/main.o
                0x0000000020000890                task1Handle
 .bss.ResetBtnTaskHandle
                0x0000000020000894        0x4 ./Core/Src/main.o
                0x0000000020000894                ResetBtnTaskHandle
 .bss.BlinkTaskHandle
                0x0000000020000898        0x4 ./Core/Src/main.o
                0x0000000020000898                BlinkTaskHandle
 .bss.btnValue  0x000000002000089c        0x1 ./Core/Src/main.o
                0x000000002000089c                btnValue
 .bss.lastBtnValue
                0x000000002000089d        0x1 ./Core/Src/main.o
                0x000000002000089d                lastBtnValue
 *fill*         0x000000002000089e        0x2 
 .bss.RxHeader  0x00000000200008a0       0x1c ./Core/Src/main.o
                0x00000000200008a0                RxHeader
 .bss.RxData    0x00000000200008bc        0x8 ./Core/Src/main.o
                0x00000000200008bc                RxData
 .bss.htim1     0x00000000200008c4       0x4c ./Core/Src/stm32l4xx_hal_timebase_tim.o
                0x00000000200008c4                htim1
 .bss.uwTick    0x0000000020000910        0x4 ./Drivers/STM32L4xx_HAL_Driver/Src/stm32l4xx_hal.o
                0x0000000020000910                uwTick
 .bss.xQueueRegistry
                0x0000000020000914       0x40 ./Middlewares/Third_Party/FreeRTOS/Source/queue.o
                0x0000000020000914                xQueueRegistry
 .bss.pxCurrentTCB
                0x0000000020000954        0x4 ./Middlewares/Third_Party/FreeRTOS/Source/tasks.o
                0x0000000020000954                pxCurrentTCB
 .bss.pxReadyTasksLists
                0x0000000020000958       0x8c ./Middlewares/Third_Party/FreeRTOS/Source/tasks.o
 .bss.xDelayedTaskList1
                0x00000000200009e4       0x14 ./Middlewares/Third_Party/FreeRTOS/Source/tasks.o
 .bss.xDelayedTaskList2
                0x00000000200009f8       0x14 ./Middlewares/Third_Party/FreeRTOS/Source/tasks.o
 .bss.pxDelayedTaskList
                0x0000000020000a0c        0x4 ./Middlewares/Third_Party/FreeRTOS/Source/tasks.o
 .bss.pxOverflowDelayedTaskList
                0x0000000020000a10        0x4 ./Middlewares/Third_Party/FreeRTOS/Source/tasks.o
 .bss.xPendingReadyList
                0x0000000020000a14       0x14 ./Middlewares/Third_Party/FreeRTOS/Source/tasks.o
 .bss.xTasksWaitingTermination
                0x0000000020000a28       0x14 ./Middlewares/Third_Party/FreeRTOS/Source/tasks.o
 .bss.uxDeletedTasksWaitingCleanUp
                0x0000000020000a3c        0x4 ./Middlewares/Third_Party/FreeRTOS/Source/tasks.o
 .bss.xSuspendedTaskList
                0x0000000020000a40       0x14 ./Middlewares/Third_Party/FreeRTOS/Source/tasks.o
 .bss.uxCurrentNumberOfTasks
                0x0000000020000a54        0x4 ./Middlewares/Third_Party/FreeRTOS/Source/tasks.o
 .bss.xTickCount
                0x0000000020000a58        0x4 ./Middlewares/Third_Party/FreeRTOS/Source/tasks.o
 .bss.uxTopReadyPriority
                0x0000000020000a5c        0x4 ./Middlewares/Third_Party/FreeRTOS/Source/tasks.o
 .bss.xSchedulerRunning
                0x0000000020000a60        0x4 ./Middlewares/Third_Party/FreeRTOS/Source/tasks.o
 .bss.xPendedTicks
                0x0000000020000a64        0x4 ./Middlewares/Third_Party/FreeRTOS/Source/tasks.o
 .bss.xYieldPending
                0x0000000020000a68        0x4 ./Middlewares/Third_Party/FreeRTOS/Source/tasks.o
 .bss.xNumOfOverflows
                0x0000000020000a6c        0x4 ./Middlewares/Third_Party/FreeRTOS/Source/tasks.o
 .bss.uxTaskNumber
                0x0000000020000a70        0x4 ./Middlewares/Third_Party/FreeRTOS/Source/tasks.o
 .bss.xNextTaskUnblockTime
                0x0000000020000a74        0x4 ./Middlewares/Third_Party/FreeRTOS/Source/tasks.o
 .bss.xIdleTaskHandle
                0x0000000020000a78        0x4 ./Middlewares/Third_Party/FreeRTOS/Source/tasks.o
 .bss.uxSchedulerSuspended
                0x0000000020000a7c        0x4 ./Middlewares/Third_Party/FreeRTOS/Source/tasks.o
 .bss.xActiveTimerList1
                0x0000000020000a80       0x14 ./Middlewares/Third_Party/FreeRTOS/Source/timers.o
 .bss.xActiveTimerList2
                0x0000000020000a94       0x14 ./Middlewares/Third_Party/FreeRTOS/Source/timers.o
 .bss.pxCurrentTimerList
                0x0000000020000aa8        0x4 ./Middlewares/Third_Party/FreeRTOS/Source/timers.o
 .bss.pxOverflowTimerList
                0x0000000020000aac        0x4 ./Middlewares/Third_Party/FreeRTOS/Source/timers.o
 .bss.xTimerQueue
                0x0000000020000ab0        0x4 ./Middlewares/Third_Party/FreeRTOS/Source/timers.o
 .bss.xTimerTaskHandle
                0x0000000020000ab4        0x4 ./Middlewares/Third_Party/FreeRTOS/Source/timers.o
 .bss.xLastTime.2
                0x0000000020000ab8        0x4 ./Middlewares/Third_Party/FreeRTOS/Source/timers.o
 .bss.ucStaticTimerQueueStorage.1
                0x0000000020000abc       0x78 ./Middlewares/Third_Party/FreeRTOS/Source/timers.o
 .bss.xStaticTimerQueue.0
                0x0000000020000b34       0x48 ./Middlewares/Third_Party/FreeRTOS/Source/timers.o
 .bss.ucMaxSysCallPriority
                0x0000000020000b7c        0x1 ./Middlewares/Third_Party/FreeRTOS/Source/portable/GCC/ARM_CM4F/port.o
 *fill*         0x0000000020000b7d        0x3 
 .bss.ulMaxPRIGROUPValue
                0x0000000020000b80        0x4 ./Middlewares/Third_Party/FreeRTOS/Source/portable/GCC/ARM_CM4F/port.o
 .bss.ucHeap    0x0000000020000b84      0xbb8 ./Middlewares/Third_Party/FreeRTOS/Source/portable/MemMang/heap_4.o
 .bss.xStart    0x000000002000173c        0x8 ./Middlewares/Third_Party/FreeRTOS/Source/portable/MemMang/heap_4.o
 .bss.pxEnd     0x0000000020001744        0x4 ./Middlewares/Third_Party/FreeRTOS/Source/portable/MemMang/heap_4.o
 .bss.xFreeBytesRemaining
                0x0000000020001748        0x4 ./Middlewares/Third_Party/FreeRTOS/Source/portable/MemMang/heap_4.o
 .bss.xMinimumEverFreeBytesRemaining
                0x000000002000174c        0x4 ./Middlewares/Third_Party/FreeRTOS/Source/portable/MemMang/heap_4.o
 .bss.xNumberOfSuccessfulAllocations
                0x0000000020001750        0x4 ./Middlewares/Third_Party/FreeRTOS/Source/portable/MemMang/heap_4.o
 .bss.xNumberOfSuccessfulFrees
                0x0000000020001754        0x4 ./Middlewares/Third_Party/FreeRTOS/Source/portable/MemMang/heap_4.o
 .bss.xBlockAllocatedBit
                0x0000000020001758        0x4 ./Middlewares/Third_Party/FreeRTOS/Source/portable/MemMang/heap_4.o
 .bss.__sf      0x000000002000175c      0x138 C:/Users/gligmi2/OneDrive - Faurecia/Documents/Programs/STM32IDE/STM32CubeIDE_1.14.0/STM32CubeIDE/plugins/com.st.stm32cube.ide.mcu.externaltools.gnu-tools-for-stm32.11.3.rel1.win32_1.1.100.202309141235/tools/bin/../lib/gcc/arm-none-eabi/11.3.1/../../../../arm-none-eabi/lib/thumb/v7e-m+fp/hard\libc_nano.a(libc_a-findfp.o)
                0x000000002000175c                __sf
 .bss.__lock___malloc_recursive_mutex
                0x0000000020001894        0x1 C:/Users/gligmi2/OneDrive - Faurecia/Documents/Programs/STM32IDE/STM32CubeIDE_1.14.0/STM32CubeIDE/plugins/com.st.stm32cube.ide.mcu.externaltools.gnu-tools-for-stm32.11.3.rel1.win32_1.1.100.202309141235/tools/bin/../lib/gcc/arm-none-eabi/11.3.1/../../../../arm-none-eabi/lib/thumb/v7e-m+fp/hard\libc_nano.a(libc_a-lock.o)
                0x0000000020001894                __lock___malloc_recursive_mutex
 *fill*         0x0000000020001895        0x3 
 .bss.__malloc_free_list
                0x0000000020001898        0x4 C:/Users/gligmi2/OneDrive - Faurecia/Documents/Programs/STM32IDE/STM32CubeIDE_1.14.0/STM32CubeIDE/plugins/com.st.stm32cube.ide.mcu.externaltools.gnu-tools-for-stm32.11.3.rel1.win32_1.1.100.202309141235/tools/bin/../lib/gcc/arm-none-eabi/11.3.1/../../../../arm-none-eabi/lib/thumb/v7e-m+fp/hard\libc_nano.a(libc_a-mallocr.o)
                0x0000000020001898                __malloc_free_list
 *(COMMON)
                0x000000002000189c                . = ALIGN (0x4)
                0x000000002000189c                _ebss = .
                0x000000002000189c                __bss_end__ = _ebss

._user_heap_stack
                0x000000002000189c      0x604 load address 0x0000000008006f88
                0x00000000200018a0                . = ALIGN (0x8)
 *fill*         0x000000002000189c        0x4 
                [!provide]                        PROVIDE (end = .)
                0x00000000200018a0                PROVIDE (_end = .)
                0x0000000020001aa0                . = (. + _Min_Heap_Size)
 *fill*         0x00000000200018a0      0x200 
                0x0000000020001ea0                . = (. + _Min_Stack_Size)
 *fill*         0x0000000020001aa0      0x400 
                0x0000000020001ea0                . = ALIGN (0x8)

/DISCARD/
 libc.a(*)
 libm.a(*)
 libgcc.a(*)

.ARM.attributes
                0x0000000000000000       0x30
 *(.ARM.attributes)
 .ARM.attributes
                0x0000000000000000       0x1e C:/Users/gligmi2/OneDrive - Faurecia/Documents/Programs/STM32IDE/STM32CubeIDE_1.14.0/STM32CubeIDE/plugins/com.st.stm32cube.ide.mcu.externaltools.gnu-tools-for-stm32.11.3.rel1.win32_1.1.100.202309141235/tools/bin/../lib/gcc/arm-none-eabi/11.3.1/thumb/v7e-m+fp/hard/crti.o
 .ARM.attributes
                0x000000000000001e       0x34 C:/Users/gligmi2/OneDrive - Faurecia/Documents/Programs/STM32IDE/STM32CubeIDE_1.14.0/STM32CubeIDE/plugins/com.st.stm32cube.ide.mcu.externaltools.gnu-tools-for-stm32.11.3.rel1.win32_1.1.100.202309141235/tools/bin/../lib/gcc/arm-none-eabi/11.3.1/thumb/v7e-m+fp/hard/crtbegin.o
 .ARM.attributes
                0x0000000000000052       0x34 ./Core/Src/freertos.o
 .ARM.attributes
                0x0000000000000086       0x34 ./Core/Src/main.o
 .ARM.attributes
                0x00000000000000ba       0x34 ./Core/Src/stm32l4xx_hal_msp.o
 .ARM.attributes
                0x00000000000000ee       0x34 ./Core/Src/stm32l4xx_hal_timebase_tim.o
 .ARM.attributes
                0x0000000000000122       0x34 ./Core/Src/stm32l4xx_it.o
 .ARM.attributes
                0x0000000000000156       0x34 ./Core/Src/system_stm32l4xx.o
 .ARM.attributes
                0x000000000000018a       0x21 ./Core/Startup/startup_stm32l4r5zitx.o
 .ARM.attributes
                0x00000000000001ab       0x34 ./Drivers/STM32L4xx_HAL_Driver/Src/stm32l4xx_hal.o
 .ARM.attributes
                0x00000000000001df       0x34 ./Drivers/STM32L4xx_HAL_Driver/Src/stm32l4xx_hal_can.o
 .ARM.attributes
                0x0000000000000213       0x34 ./Drivers/STM32L4xx_HAL_Driver/Src/stm32l4xx_hal_cortex.o
 .ARM.attributes
                0x0000000000000247       0x34 ./Drivers/STM32L4xx_HAL_Driver/Src/stm32l4xx_hal_gpio.o
 .ARM.attributes
                0x000000000000027b       0x34 ./Drivers/STM32L4xx_HAL_Driver/Src/stm32l4xx_hal_pwr_ex.o
 .ARM.attributes
                0x00000000000002af       0x34 ./Drivers/STM32L4xx_HAL_Driver/Src/stm32l4xx_hal_rcc.o
 .ARM.attributes
                0x00000000000002e3       0x34 ./Drivers/STM32L4xx_HAL_Driver/Src/stm32l4xx_hal_tim.o
 .ARM.attributes
                0x0000000000000317       0x34 ./Drivers/STM32L4xx_HAL_Driver/Src/stm32l4xx_hal_tim_ex.o
 .ARM.attributes
                0x000000000000034b       0x34 ./Middlewares/Third_Party/FreeRTOS/Source/CMSIS_RTOS/cmsis_os.o
 .ARM.attributes
                0x000000000000037f       0x34 ./Middlewares/Third_Party/FreeRTOS/Source/list.o
 .ARM.attributes
                0x00000000000003b3       0x34 ./Middlewares/Third_Party/FreeRTOS/Source/queue.o
 .ARM.attributes
                0x00000000000003e7       0x34 ./Middlewares/Third_Party/FreeRTOS/Source/tasks.o
 .ARM.attributes
                0x000000000000041b       0x34 ./Middlewares/Third_Party/FreeRTOS/Source/timers.o
 .ARM.attributes
                0x000000000000044f       0x34 ./Middlewares/Third_Party/FreeRTOS/Source/portable/GCC/ARM_CM4F/port.o
 .ARM.attributes
                0x0000000000000483       0x34 ./Middlewares/Third_Party/FreeRTOS/Source/portable/MemMang/heap_4.o
 .ARM.attributes
                0x00000000000004b7       0x34 C:/Users/gligmi2/OneDrive - Faurecia/Documents/Programs/STM32IDE/STM32CubeIDE_1.14.0/STM32CubeIDE/plugins/com.st.stm32cube.ide.mcu.externaltools.gnu-tools-for-stm32.11.3.rel1.win32_1.1.100.202309141235/tools/bin/../lib/gcc/arm-none-eabi/11.3.1/../../../../arm-none-eabi/lib/thumb/v7e-m+fp/hard\libc_nano.a(libc_a-findfp.o)
 .ARM.attributes
                0x00000000000004eb       0x34 C:/Users/gligmi2/OneDrive - Faurecia/Documents/Programs/STM32IDE/STM32CubeIDE_1.14.0/STM32CubeIDE/plugins/com.st.stm32cube.ide.mcu.externaltools.gnu-tools-for-stm32.11.3.rel1.win32_1.1.100.202309141235/tools/bin/../lib/gcc/arm-none-eabi/11.3.1/../../../../arm-none-eabi/lib/thumb/v7e-m+fp/hard\libc_nano.a(libc_a-memset.o)
 .ARM.attributes
                0x000000000000051f       0x34 C:/Users/gligmi2/OneDrive - Faurecia/Documents/Programs/STM32IDE/STM32CubeIDE_1.14.0/STM32CubeIDE/plugins/com.st.stm32cube.ide.mcu.externaltools.gnu-tools-for-stm32.11.3.rel1.win32_1.1.100.202309141235/tools/bin/../lib/gcc/arm-none-eabi/11.3.1/../../../../arm-none-eabi/lib/thumb/v7e-m+fp/hard\libc_nano.a(libc_a-reent.o)
 .ARM.attributes
                0x0000000000000553       0x34 C:/Users/gligmi2/OneDrive - Faurecia/Documents/Programs/STM32IDE/STM32CubeIDE_1.14.0/STM32CubeIDE/plugins/com.st.stm32cube.ide.mcu.externaltools.gnu-tools-for-stm32.11.3.rel1.win32_1.1.100.202309141235/tools/bin/../lib/gcc/arm-none-eabi/11.3.1/../../../../arm-none-eabi/lib/thumb/v7e-m+fp/hard\libc_nano.a(libc_a-impure.o)
 .ARM.attributes
                0x0000000000000587       0x34 C:/Users/gligmi2/OneDrive - Faurecia/Documents/Programs/STM32IDE/STM32CubeIDE_1.14.0/STM32CubeIDE/plugins/com.st.stm32cube.ide.mcu.externaltools.gnu-tools-for-stm32.11.3.rel1.win32_1.1.100.202309141235/tools/bin/../lib/gcc/arm-none-eabi/11.3.1/../../../../arm-none-eabi/lib/thumb/v7e-m+fp/hard\libc_nano.a(libc_a-init.o)
 .ARM.attributes
                0x00000000000005bb       0x34 C:/Users/gligmi2/OneDrive - Faurecia/Documents/Programs/STM32IDE/STM32CubeIDE_1.14.0/STM32CubeIDE/plugins/com.st.stm32cube.ide.mcu.externaltools.gnu-tools-for-stm32.11.3.rel1.win32_1.1.100.202309141235/tools/bin/../lib/gcc/arm-none-eabi/11.3.1/../../../../arm-none-eabi/lib/thumb/v7e-m+fp/hard\libc_nano.a(libc_a-lock.o)
 .ARM.attributes
                0x00000000000005ef       0x34 C:/Users/gligmi2/OneDrive - Faurecia/Documents/Programs/STM32IDE/STM32CubeIDE_1.14.0/STM32CubeIDE/plugins/com.st.stm32cube.ide.mcu.externaltools.gnu-tools-for-stm32.11.3.rel1.win32_1.1.100.202309141235/tools/bin/../lib/gcc/arm-none-eabi/11.3.1/../../../../arm-none-eabi/lib/thumb/v7e-m+fp/hard\libc_nano.a(libc_a-memcpy-stub.o)
 .ARM.attributes
                0x0000000000000623       0x34 C:/Users/gligmi2/OneDrive - Faurecia/Documents/Programs/STM32IDE/STM32CubeIDE_1.14.0/STM32CubeIDE/plugins/com.st.stm32cube.ide.mcu.externaltools.gnu-tools-for-stm32.11.3.rel1.win32_1.1.100.202309141235/tools/bin/../lib/gcc/arm-none-eabi/11.3.1/../../../../arm-none-eabi/lib/thumb/v7e-m+fp/hard\libc_nano.a(libc_a-freer.o)
 .ARM.attributes
                0x0000000000000657       0x34 C:/Users/gligmi2/OneDrive - Faurecia/Documents/Programs/STM32IDE/STM32CubeIDE_1.14.0/STM32CubeIDE/plugins/com.st.stm32cube.ide.mcu.externaltools.gnu-tools-for-stm32.11.3.rel1.win32_1.1.100.202309141235/tools/bin/../lib/gcc/arm-none-eabi/11.3.1/../../../../arm-none-eabi/lib/thumb/v7e-m+fp/hard\libc_nano.a(libc_a-mallocr.o)
 .ARM.attributes
                0x000000000000068b       0x34 C:/Users/gligmi2/OneDrive - Faurecia/Documents/Programs/STM32IDE/STM32CubeIDE_1.14.0/STM32CubeIDE/plugins/com.st.stm32cube.ide.mcu.externaltools.gnu-tools-for-stm32.11.3.rel1.win32_1.1.100.202309141235/tools/bin/../lib/gcc/arm-none-eabi/11.3.1/../../../../arm-none-eabi/lib/thumb/v7e-m+fp/hard\libc_nano.a(libc_a-mlock.o)
 .ARM.attributes
                0x00000000000006bf       0x1e C:/Users/gligmi2/OneDrive - Faurecia/Documents/Programs/STM32IDE/STM32CubeIDE_1.14.0/STM32CubeIDE/plugins/com.st.stm32cube.ide.mcu.externaltools.gnu-tools-for-stm32.11.3.rel1.win32_1.1.100.202309141235/tools/bin/../lib/gcc/arm-none-eabi/11.3.1/thumb/v7e-m+fp/hard/crtn.o
OUTPUT(FreeRTOS_timer.elf elf32-littlearm)
LOAD linker stubs
LOAD C:/Users/gligmi2/OneDrive - Faurecia/Documents/Programs/STM32IDE/STM32CubeIDE_1.14.0/STM32CubeIDE/plugins/com.st.stm32cube.ide.mcu.externaltools.gnu-tools-for-stm32.11.3.rel1.win32_1.1.100.202309141235/tools/bin/../lib/gcc/arm-none-eabi/11.3.1/../../../../arm-none-eabi/lib/thumb/v7e-m+fp/hard\libc.a
LOAD C:/Users/gligmi2/OneDrive - Faurecia/Documents/Programs/STM32IDE/STM32CubeIDE_1.14.0/STM32CubeIDE/plugins/com.st.stm32cube.ide.mcu.externaltools.gnu-tools-for-stm32.11.3.rel1.win32_1.1.100.202309141235/tools/bin/../lib/gcc/arm-none-eabi/11.3.1/../../../../arm-none-eabi/lib/thumb/v7e-m+fp/hard\libm.a
LOAD C:/Users/gligmi2/OneDrive - Faurecia/Documents/Programs/STM32IDE/STM32CubeIDE_1.14.0/STM32CubeIDE/plugins/com.st.stm32cube.ide.mcu.externaltools.gnu-tools-for-stm32.11.3.rel1.win32_1.1.100.202309141235/tools/bin/../lib/gcc/arm-none-eabi/11.3.1/thumb/v7e-m+fp/hard\libgcc.a

.comment        0x0000000000000000       0x43
 .comment       0x0000000000000000       0x43 C:/Users/gligmi2/OneDrive - Faurecia/Documents/Programs/STM32IDE/STM32CubeIDE_1.14.0/STM32CubeIDE/plugins/com.st.stm32cube.ide.mcu.externaltools.gnu-tools-for-stm32.11.3.rel1.win32_1.1.100.202309141235/tools/bin/../lib/gcc/arm-none-eabi/11.3.1/thumb/v7e-m+fp/hard/crtbegin.o
                                         0x44 (size before relaxing)
 .comment       0x0000000000000043       0x44 ./Core/Src/freertos.o
 .comment       0x0000000000000043       0x44 ./Core/Src/main.o
 .comment       0x0000000000000043       0x44 ./Core/Src/stm32l4xx_hal_msp.o
 .comment       0x0000000000000043       0x44 ./Core/Src/stm32l4xx_hal_timebase_tim.o
 .comment       0x0000000000000043       0x44 ./Core/Src/stm32l4xx_it.o
 .comment       0x0000000000000043       0x44 ./Core/Src/system_stm32l4xx.o
 .comment       0x0000000000000043       0x44 ./Drivers/STM32L4xx_HAL_Driver/Src/stm32l4xx_hal.o
 .comment       0x0000000000000043       0x44 ./Drivers/STM32L4xx_HAL_Driver/Src/stm32l4xx_hal_can.o
 .comment       0x0000000000000043       0x44 ./Drivers/STM32L4xx_HAL_Driver/Src/stm32l4xx_hal_cortex.o
 .comment       0x0000000000000043       0x44 ./Drivers/STM32L4xx_HAL_Driver/Src/stm32l4xx_hal_gpio.o
 .comment       0x0000000000000043       0x44 ./Drivers/STM32L4xx_HAL_Driver/Src/stm32l4xx_hal_pwr_ex.o
 .comment       0x0000000000000043       0x44 ./Drivers/STM32L4xx_HAL_Driver/Src/stm32l4xx_hal_rcc.o
 .comment       0x0000000000000043       0x44 ./Drivers/STM32L4xx_HAL_Driver/Src/stm32l4xx_hal_tim.o
 .comment       0x0000000000000043       0x44 ./Drivers/STM32L4xx_HAL_Driver/Src/stm32l4xx_hal_tim_ex.o
 .comment       0x0000000000000043       0x44 ./Middlewares/Third_Party/FreeRTOS/Source/CMSIS_RTOS/cmsis_os.o
 .comment       0x0000000000000043       0x44 ./Middlewares/Third_Party/FreeRTOS/Source/list.o
 .comment       0x0000000000000043       0x44 ./Middlewares/Third_Party/FreeRTOS/Source/queue.o
 .comment       0x0000000000000043       0x44 ./Middlewares/Third_Party/FreeRTOS/Source/tasks.o
 .comment       0x0000000000000043       0x44 ./Middlewares/Third_Party/FreeRTOS/Source/timers.o
 .comment       0x0000000000000043       0x44 ./Middlewares/Third_Party/FreeRTOS/Source/portable/GCC/ARM_CM4F/port.o
 .comment       0x0000000000000043       0x44 ./Middlewares/Third_Party/FreeRTOS/Source/portable/MemMang/heap_4.o

.debug_info     0x0000000000000000    0x16fe7
 .debug_info    0x0000000000000000      0x98a ./Core/Src/freertos.o
 .debug_info    0x000000000000098a     0x2511 ./Core/Src/main.o
 .debug_info    0x0000000000002e9b     0x1309 ./Core/Src/stm32l4xx_hal_msp.o
 .debug_info    0x00000000000041a4      0xde9 ./Core/Src/stm32l4xx_hal_timebase_tim.o
 .debug_info    0x0000000000004f8d      0xbe3 ./Core/Src/stm32l4xx_it.o
 .debug_info    0x0000000000005b70      0x5e9 ./Core/Src/system_stm32l4xx.o
 .debug_info    0x0000000000006159       0x23 ./Core/Startup/startup_stm32l4r5zitx.o
 .debug_info    0x000000000000617c      0xb49 ./Drivers/STM32L4xx_HAL_Driver/Src/stm32l4xx_hal.o
 .debug_info    0x0000000000006cc5      0xf2b ./Drivers/STM32L4xx_HAL_Driver/Src/stm32l4xx_hal_can.o
 .debug_info    0x0000000000007bf0      0xd64 ./Drivers/STM32L4xx_HAL_Driver/Src/stm32l4xx_hal_cortex.o
 .debug_info    0x0000000000008954      0x787 ./Drivers/STM32L4xx_HAL_Driver/Src/stm32l4xx_hal_gpio.o
 .debug_info    0x00000000000090db      0xa0a ./Drivers/STM32L4xx_HAL_Driver/Src/stm32l4xx_hal_pwr_ex.o
 .debug_info    0x0000000000009ae5      0xd32 ./Drivers/STM32L4xx_HAL_Driver/Src/stm32l4xx_hal_rcc.o
 .debug_info    0x000000000000a817     0x2bc0 ./Drivers/STM32L4xx_HAL_Driver/Src/stm32l4xx_hal_tim.o
 .debug_info    0x000000000000d3d7     0x17c4 ./Drivers/STM32L4xx_HAL_Driver/Src/stm32l4xx_hal_tim_ex.o
 .debug_info    0x000000000000eb9b     0x22b4 ./Middlewares/Third_Party/FreeRTOS/Source/CMSIS_RTOS/cmsis_os.o
 .debug_info    0x0000000000010e4f      0x2af ./Middlewares/Third_Party/FreeRTOS/Source/list.o
 .debug_info    0x00000000000110fe     0x183b ./Middlewares/Third_Party/FreeRTOS/Source/queue.o
 .debug_info    0x0000000000012939     0x2407 ./Middlewares/Third_Party/FreeRTOS/Source/tasks.o
 .debug_info    0x0000000000014d40     0x18f4 ./Middlewares/Third_Party/FreeRTOS/Source/timers.o
 .debug_info    0x0000000000016634      0x4de ./Middlewares/Third_Party/FreeRTOS/Source/portable/GCC/ARM_CM4F/port.o
 .debug_info    0x0000000000016b12      0x4d5 ./Middlewares/Third_Party/FreeRTOS/Source/portable/MemMang/heap_4.o

.debug_abbrev   0x0000000000000000     0x3433
 .debug_abbrev  0x0000000000000000      0x187 ./Core/Src/freertos.o
 .debug_abbrev  0x0000000000000187      0x3bc ./Core/Src/main.o
 .debug_abbrev  0x0000000000000543      0x20b ./Core/Src/stm32l4xx_hal_msp.o
 .debug_abbrev  0x000000000000074e      0x1f2 ./Core/Src/stm32l4xx_hal_timebase_tim.o
 .debug_abbrev  0x0000000000000940      0x1b3 ./Core/Src/stm32l4xx_it.o
 .debug_abbrev  0x0000000000000af3      0x11a ./Core/Src/system_stm32l4xx.o
 .debug_abbrev  0x0000000000000c0d       0x12 ./Core/Startup/startup_stm32l4r5zitx.o
 .debug_abbrev  0x0000000000000c1f      0x242 ./Drivers/STM32L4xx_HAL_Driver/Src/stm32l4xx_hal.o
 .debug_abbrev  0x0000000000000e61      0x26e ./Drivers/STM32L4xx_HAL_Driver/Src/stm32l4xx_hal_can.o
 .debug_abbrev  0x00000000000010cf      0x327 ./Drivers/STM32L4xx_HAL_Driver/Src/stm32l4xx_hal_cortex.o
 .debug_abbrev  0x00000000000013f6      0x1cb ./Drivers/STM32L4xx_HAL_Driver/Src/stm32l4xx_hal_gpio.o
 .debug_abbrev  0x00000000000015c1      0x1f9 ./Drivers/STM32L4xx_HAL_Driver/Src/stm32l4xx_hal_pwr_ex.o
 .debug_abbrev  0x00000000000017ba      0x306 ./Drivers/STM32L4xx_HAL_Driver/Src/stm32l4xx_hal_rcc.o
 .debug_abbrev  0x0000000000001ac0      0x276 ./Drivers/STM32L4xx_HAL_Driver/Src/stm32l4xx_hal_tim.o
 .debug_abbrev  0x0000000000001d36      0x281 ./Drivers/STM32L4xx_HAL_Driver/Src/stm32l4xx_hal_tim_ex.o
 .debug_abbrev  0x0000000000001fb7      0x426 ./Middlewares/Third_Party/FreeRTOS/Source/CMSIS_RTOS/cmsis_os.o
 .debug_abbrev  0x00000000000023dd       0xf5 ./Middlewares/Third_Party/FreeRTOS/Source/list.o
 .debug_abbrev  0x00000000000024d2      0x3b6 ./Middlewares/Third_Party/FreeRTOS/Source/queue.o
 .debug_abbrev  0x0000000000002888      0x3e5 ./Middlewares/Third_Party/FreeRTOS/Source/tasks.o
 .debug_abbrev  0x0000000000002c6d      0x34d ./Middlewares/Third_Party/FreeRTOS/Source/timers.o
 .debug_abbrev  0x0000000000002fba      0x25c ./Middlewares/Third_Party/FreeRTOS/Source/portable/GCC/ARM_CM4F/port.o
 .debug_abbrev  0x0000000000003216      0x21d ./Middlewares/Third_Party/FreeRTOS/Source/portable/MemMang/heap_4.o

.debug_aranges  0x0000000000000000     0x13f0
 .debug_aranges
                0x0000000000000000       0x28 ./Core/Src/freertos.o
 .debug_aranges
                0x0000000000000028       0xd8 ./Core/Src/main.o
 .debug_aranges
                0x0000000000000100       0x48 ./Core/Src/stm32l4xx_hal_msp.o
 .debug_aranges
                0x0000000000000148       0x30 ./Core/Src/stm32l4xx_hal_timebase_tim.o
 .debug_aranges
                0x0000000000000178       0x58 ./Core/Src/stm32l4xx_it.o
 .debug_aranges
                0x00000000000001d0       0x28 ./Core/Src/system_stm32l4xx.o
 .debug_aranges
                0x00000000000001f8       0x28 ./Core/Startup/startup_stm32l4r5zitx.o
 .debug_aranges
                0x0000000000000220      0x130 ./Drivers/STM32L4xx_HAL_Driver/Src/stm32l4xx_hal.o
 .debug_aranges
                0x0000000000000350      0x138 ./Drivers/STM32L4xx_HAL_Driver/Src/stm32l4xx_hal_can.o
 .debug_aranges
                0x0000000000000488      0x118 ./Drivers/STM32L4xx_HAL_Driver/Src/stm32l4xx_hal_cortex.o
 .debug_aranges
                0x00000000000005a0       0x58 ./Drivers/STM32L4xx_HAL_Driver/Src/stm32l4xx_hal_gpio.o
 .debug_aranges
                0x00000000000005f8      0x170 ./Drivers/STM32L4xx_HAL_Driver/Src/stm32l4xx_hal_pwr_ex.o
 .debug_aranges
                0x0000000000000768       0x98 ./Drivers/STM32L4xx_HAL_Driver/Src/stm32l4xx_hal_rcc.o
 .debug_aranges
                0x0000000000000800      0x3e0 ./Drivers/STM32L4xx_HAL_Driver/Src/stm32l4xx_hal_tim.o
 .debug_aranges
                0x0000000000000be0      0x180 ./Drivers/STM32L4xx_HAL_Driver/Src/stm32l4xx_hal_tim_ex.o
 .debug_aranges
                0x0000000000000d60      0x1d8 ./Middlewares/Third_Party/FreeRTOS/Source/CMSIS_RTOS/cmsis_os.o
 .debug_aranges
                0x0000000000000f38       0x40 ./Middlewares/Third_Party/FreeRTOS/Source/list.o
 .debug_aranges
                0x0000000000000f78      0x110 ./Middlewares/Third_Party/FreeRTOS/Source/queue.o
 .debug_aranges
                0x0000000000001088      0x1c0 ./Middlewares/Third_Party/FreeRTOS/Source/tasks.o
 .debug_aranges
                0x0000000000001248       0xd0 ./Middlewares/Third_Party/FreeRTOS/Source/timers.o
 .debug_aranges
                0x0000000000001318       0x80 ./Middlewares/Third_Party/FreeRTOS/Source/portable/GCC/ARM_CM4F/port.o
 .debug_aranges
                0x0000000000001398       0x58 ./Middlewares/Third_Party/FreeRTOS/Source/portable/MemMang/heap_4.o

.debug_rnglists
                0x0000000000000000      0xf4e
 .debug_rnglists
                0x0000000000000000       0x19 ./Core/Src/freertos.o
 .debug_rnglists
                0x0000000000000019       0xa3 ./Core/Src/main.o
 .debug_rnglists
                0x00000000000000bc       0x32 ./Core/Src/stm32l4xx_hal_msp.o
 .debug_rnglists
                0x00000000000000ee       0x20 ./Core/Src/stm32l4xx_hal_timebase_tim.o
 .debug_rnglists
                0x000000000000010e       0x3d ./Core/Src/stm32l4xx_it.o
 .debug_rnglists
                0x000000000000014b       0x1a ./Core/Src/system_stm32l4xx.o
 .debug_rnglists
                0x0000000000000165       0x19 ./Core/Startup/startup_stm32l4r5zitx.o
 .debug_rnglists
                0x000000000000017e       0xdf ./Drivers/STM32L4xx_HAL_Driver/Src/stm32l4xx_hal.o
 .debug_rnglists
                0x000000000000025d       0xee ./Drivers/STM32L4xx_HAL_Driver/Src/stm32l4xx_hal_can.o
 .debug_rnglists
                0x000000000000034b       0xce ./Drivers/STM32L4xx_HAL_Driver/Src/stm32l4xx_hal_cortex.o
 .debug_rnglists
                0x0000000000000419       0x3f ./Drivers/STM32L4xx_HAL_Driver/Src/stm32l4xx_hal_gpio.o
 .debug_rnglists
                0x0000000000000458      0x115 ./Drivers/STM32L4xx_HAL_Driver/Src/stm32l4xx_hal_pwr_ex.o
 .debug_rnglists
                0x000000000000056d       0x74 ./Drivers/STM32L4xx_HAL_Driver/Src/stm32l4xx_hal_rcc.o
 .debug_rnglists
                0x00000000000005e1      0x328 ./Drivers/STM32L4xx_HAL_Driver/Src/stm32l4xx_hal_tim.o
 .debug_rnglists
                0x0000000000000909      0x139 ./Drivers/STM32L4xx_HAL_Driver/Src/stm32l4xx_hal_tim_ex.o
 .debug_rnglists
                0x0000000000000a42      0x16b ./Middlewares/Third_Party/FreeRTOS/Source/CMSIS_RTOS/cmsis_os.o
 .debug_rnglists
                0x0000000000000bad       0x2b ./Middlewares/Third_Party/FreeRTOS/Source/list.o
 .debug_rnglists
                0x0000000000000bd8       0xd3 ./Middlewares/Third_Party/FreeRTOS/Source/queue.o
 .debug_rnglists
                0x0000000000000cab      0x165 ./Middlewares/Third_Party/FreeRTOS/Source/tasks.o
 .debug_rnglists
                0x0000000000000e10       0x9f ./Middlewares/Third_Party/FreeRTOS/Source/timers.o
 .debug_rnglists
                0x0000000000000eaf       0x5d ./Middlewares/Third_Party/FreeRTOS/Source/portable/GCC/ARM_CM4F/port.o
 .debug_rnglists
                0x0000000000000f0c       0x42 ./Middlewares/Third_Party/FreeRTOS/Source/portable/MemMang/heap_4.o

.debug_macro    0x0000000000000000    0x2bb4e
 .debug_macro   0x0000000000000000      0x2d8 ./Core/Src/freertos.o
 .debug_macro   0x00000000000002d8      0xaa8 ./Core/Src/freertos.o
 .debug_macro   0x0000000000000d80      0x174 ./Core/Src/freertos.o
 .debug_macro   0x0000000000000ef4       0x22 ./Core/Src/freertos.o
 .debug_macro   0x0000000000000f16       0x8e ./Core/Src/freertos.o
 .debug_macro   0x0000000000000fa4       0x51 ./Core/Src/freertos.o
 .debug_macro   0x0000000000000ff5      0x103 ./Core/Src/freertos.o
 .debug_macro   0x00000000000010f8       0x6a ./Core/Src/freertos.o
 .debug_macro   0x0000000000001162      0x1df ./Core/Src/freertos.o
 .debug_macro   0x0000000000001341      0x10a ./Core/Src/freertos.o
 .debug_macro   0x000000000000144b      0x15a ./Core/Src/freertos.o
 .debug_macro   0x00000000000015a5       0xde ./Core/Src/freertos.o
 .debug_macro   0x0000000000001683       0x1c ./Core/Src/freertos.o
 .debug_macro   0x000000000000169f       0x26 ./Core/Src/freertos.o
 .debug_macro   0x00000000000016c5       0x61 ./Core/Src/freertos.o
 .debug_macro   0x0000000000001726       0x2a ./Core/Src/freertos.o
 .debug_macro   0x0000000000001750       0x43 ./Core/Src/freertos.o
 .debug_macro   0x0000000000001793       0x34 ./Core/Src/freertos.o
 .debug_macro   0x00000000000017c7       0x16 ./Core/Src/freertos.o
 .debug_macro   0x00000000000017dd       0x43 ./Core/Src/freertos.o
 .debug_macro   0x0000000000001820       0x34 ./Core/Src/freertos.o
 .debug_macro   0x0000000000001854       0x10 ./Core/Src/freertos.o
 .debug_macro   0x0000000000001864       0x58 ./Core/Src/freertos.o
 .debug_macro   0x00000000000018bc       0x8e ./Core/Src/freertos.o
 .debug_macro   0x000000000000194a       0x1c ./Core/Src/freertos.o
 .debug_macro   0x0000000000001966      0x177 ./Core/Src/freertos.o
 .debug_macro   0x0000000000001add       0x10 ./Core/Src/freertos.o
 .debug_macro   0x0000000000001aed       0x35 ./Core/Src/freertos.o
 .debug_macro   0x0000000000001b22      0x4f7 ./Core/Src/freertos.o
 .debug_macro   0x0000000000002019       0xb5 ./Core/Src/freertos.o
 .debug_macro   0x00000000000020ce       0xaa ./Core/Src/freertos.o
 .debug_macro   0x0000000000002178      0x1a7 ./Core/Src/freertos.o
 .debug_macro   0x000000000000231f       0x2e ./Core/Src/freertos.o
 .debug_macro   0x000000000000234d       0x28 ./Core/Src/freertos.o
 .debug_macro   0x0000000000002375       0x1c ./Core/Src/freertos.o
 .debug_macro   0x0000000000002391       0x22 ./Core/Src/freertos.o
 .debug_macro   0x00000000000023b3       0xfb ./Core/Src/freertos.o
 .debug_macro   0x00000000000024ae     0x1011 ./Core/Src/freertos.o
 .debug_macro   0x00000000000034bf      0x11f ./Core/Src/freertos.o
 .debug_macro   0x00000000000035de    0x1cb71 ./Core/Src/freertos.o
 .debug_macro   0x000000000002014f       0x6d ./Core/Src/freertos.o
 .debug_macro   0x00000000000201bc     0x38ed ./Core/Src/freertos.o
 .debug_macro   0x0000000000023aa9       0x5c ./Core/Src/freertos.o
 .debug_macro   0x0000000000023b05     0x1884 ./Core/Src/freertos.o
 .debug_macro   0x0000000000025389      0x7dc ./Core/Src/freertos.o
 .debug_macro   0x0000000000025b65      0x1b9 ./Core/Src/freertos.o
 .debug_macro   0x0000000000025d1e      0x225 ./Core/Src/freertos.o
 .debug_macro   0x0000000000025f43      0x486 ./Core/Src/freertos.o
 .debug_macro   0x00000000000263c9      0x1ce ./Core/Src/freertos.o
 .debug_macro   0x0000000000026597       0x43 ./Core/Src/freertos.o
 .debug_macro   0x00000000000265da      0x23d ./Core/Src/freertos.o
 .debug_macro   0x0000000000026817      0x408 ./Core/Src/freertos.o
 .debug_macro   0x0000000000026c1f      0x241 ./Core/Src/freertos.o
 .debug_macro   0x0000000000026e60      0x416 ./Core/Src/freertos.o