Archive member included to satisfy reference by file (symbol)

C:/Users/gligmi2/OneDrive - Faurecia/Documents/Programs/STM32IDE/STM32CubeIDE_1.14.0/STM32CubeIDE/plugins/com.st.stm32cube.ide.mcu.externaltools.gnu-tools-for-stm32.11.3.rel1.win32_1.1.100.202309141235/tools/bin/../lib/gcc/arm-none-eabi/11.3.1/../../../../arm-none-eabi/lib/thumb/v7e-m+fp/hard\libc_nano.a(libc_a-exit.o)
                              C:/Users/gligmi2/OneDrive - Faurecia/Documents/Programs/STM32IDE/STM32CubeIDE_1.14.0/STM32CubeIDE/plugins/com.st.stm32cube.ide.mcu.externaltools.gnu-tools-for-stm32.11.3.rel1.win32_1.1.100.202309141235/tools/bin/../lib/gcc/arm-none-eabi/11.3.1/../../../../arm-none-eabi/lib/thumb/v7e-m+fp/hard/crt0.o (exit)
C:/Users/gligmi2/OneDrive - Faurecia/Documents/Programs/STM32IDE/STM32CubeIDE_1.14.0/STM32CubeIDE/plugins/com.st.stm32cube.ide.mcu.externaltools.gnu-tools-for-stm32.11.3.rel1.win32_1.1.100.202309141235/tools/bin/../lib/gcc/arm-none-eabi/11.3.1/../../../../arm-none-eabi/lib/thumb/v7e-m+fp/hard\libc_nano.a(libc_a-findfp.o)
                              C:/Users/gligmi2/OneDrive - Faurecia/Documents/Programs/STM32IDE/STM32CubeIDE_1.14.0/STM32CubeIDE/plugins/com.st.stm32cube.ide.mcu.externaltools.gnu-tools-for-stm32.11.3.rel1.win32_1.1.100.202309141235/tools/bin/../lib/gcc/arm-none-eabi/11.3.1/../../../../arm-none-eabi/lib/thumb/v7e-m+fp/hard\libc_nano.a(libc_a-exit.o) (__stdio_exit_handler)
C:/Users/gligmi2/OneDrive - Faurecia/Documents/Programs/STM32IDE/STM32CubeIDE_1.14.0/STM32CubeIDE/plugins/com.st.stm32cube.ide.mcu.externaltools.gnu-tools-for-stm32.11.3.rel1.win32_1.1.100.202309141235/tools/bin/../lib/gcc/arm-none-eabi/11.3.1/../../../../arm-none-eabi/lib/thumb/v7e-m+fp/hard\libc_nano.a(libc_a-fwalk.o)
                              C:/Users/gligmi2/OneDrive - Faurecia/Documents/Programs/STM32IDE/STM32CubeIDE_1.14.0/STM32CubeIDE/plugins/com.st.stm32cube.ide.mcu.externaltools.gnu-tools-for-stm32.11.3.rel1.win32_1.1.100.202309141235/tools/bin/../lib/gcc/arm-none-eabi/11.3.1/../../../../arm-none-eabi/lib/thumb/v7e-m+fp/hard\libc_nano.a(libc_a-findfp.o) (_fwalk_sglue)
C:/Users/gligmi2/OneDrive - Faurecia/Documents/Programs/STM32IDE/STM32CubeIDE_1.14.0/STM32CubeIDE/plugins/com.st.stm32cube.ide.mcu.externaltools.gnu-tools-for-stm32.11.3.rel1.win32_1.1.100.202309141235/tools/bin/../lib/gcc/arm-none-eabi/11.3.1/../../../../arm-none-eabi/lib/thumb/v7e-m+fp/hard\libc_nano.a(libc_a-stdio.o)
                              C:/Users/gligmi2/OneDrive - Faurecia/Documents/Programs/STM32IDE/STM32CubeIDE_1.14.0/STM32CubeIDE/plugins/com.st.stm32cube.ide.mcu.externaltools.gnu-tools-for-stm32.11.3.rel1.win32_1.1.100.202309141235/tools/bin/../lib/gcc/arm-none-eabi/11.3.1/../../../../arm-none-eabi/lib/thumb/v7e-m+fp/hard\libc_nano.a(libc_a-findfp.o) (__sread)
C:/Users/gligmi2/OneDrive - Faurecia/Documents/Programs/STM32IDE/STM32CubeIDE_1.14.0/STM32CubeIDE/plugins/com.st.stm32cube.ide.mcu.externaltools.gnu-tools-for-stm32.11.3.rel1.win32_1.1.100.202309141235/tools/bin/../lib/gcc/arm-none-eabi/11.3.1/../../../../arm-none-eabi/lib/thumb/v7e-m+fp/hard\libc_nano.a(libc_a-memset.o)
                              C:/Users/gligmi2/OneDrive - Faurecia/Documents/Programs/STM32IDE/STM32CubeIDE_1.14.0/STM32CubeIDE/plugins/com.st.stm32cube.ide.mcu.externaltools.gnu-tools-for-stm32.11.3.rel1.win32_1.1.100.202309141235/tools/bin/../lib/gcc/arm-none-eabi/11.3.1/../../../../arm-none-eabi/lib/thumb/v7e-m+fp/hard/crt0.o (memset)
C:/Users/gligmi2/OneDrive - Faurecia/Documents/Programs/STM32IDE/STM32CubeIDE_1.14.0/STM32CubeIDE/plugins/com.st.stm32cube.ide.mcu.externaltools.gnu-tools-for-stm32.11.3.rel1.win32_1.1.100.202309141235/tools/bin/../lib/gcc/arm-none-eabi/11.3.1/../../../../arm-none-eabi/lib/thumb/v7e-m+fp/hard\libc_nano.a(libc_a-closer.o)
                              C:/Users/gligmi2/OneDrive - Faurecia/Documents/Programs/STM32IDE/STM32CubeIDE_1.14.0/STM32CubeIDE/plugins/com.st.stm32cube.ide.mcu.externaltools.gnu-tools-for-stm32.11.3.rel1.win32_1.1.100.202309141235/tools/bin/../lib/gcc/arm-none-eabi/11.3.1/../../../../arm-none-eabi/lib/thumb/v7e-m+fp/hard\libc_nano.a(libc_a-stdio.o) (_close_r)
C:/Users/gligmi2/OneDrive - Faurecia/Documents/Programs/STM32IDE/STM32CubeIDE_1.14.0/STM32CubeIDE/plugins/com.st.stm32cube.ide.mcu.externaltools.gnu-tools-for-stm32.11.3.rel1.win32_1.1.100.202309141235/tools/bin/../lib/gcc/arm-none-eabi/11.3.1/../../../../arm-none-eabi/lib/thumb/v7e-m+fp/hard\libc_nano.a(libc_a-reent.o)
                              C:/Users/gligmi2/OneDrive - Faurecia/Documents/Programs/STM32IDE/STM32CubeIDE_1.14.0/STM32CubeIDE/plugins/com.st.stm32cube.ide.mcu.externaltools.gnu-tools-for-stm32.11.3.rel1.win32_1.1.100.202309141235/tools/bin/../lib/gcc/arm-none-eabi/11.3.1/../../../../arm-none-eabi/lib/thumb/v7e-m+fp/hard\libc_nano.a(libc_a-closer.o) (errno)
[...]
Memory Configuration

Name             Origin             Length             Attributes
RAM              0x0000000020000000 0x00000000000a0000 xrw
RAM2             0x0000000010000000 0x0000000000010000 xrw
RAM3             0x0000000020040000 0x0000000000060000 xrw
FLASH            0x0000000008000000 0x0000000000200000 xr
*default*        0x0000000000000000 0xffffffffffffffff

Linker script and memory map

LOAD C:/Users/gligmi2/OneDrive - Faurecia/Documents/Programs/STM32IDE/STM32CubeIDE_1.14.0/STM32CubeIDE/plugins/com.st.stm32cube.ide.mcu.externaltools.gnu-tools-for-stm32.11.3.rel1.win32_1.1.100.202309141235/tools/bin/../lib/gcc/arm-none-eabi/11.3.1/thumb/v7e-m+fp/hard/crti.o
LOAD C:/Users/gligmi2/OneDrive - Faurecia/Documents/Programs/STM32IDE/STM32CubeIDE_1.14.0/STM32CubeIDE/plugins/com.st.stm32cube.ide.mcu.externaltools.gnu-tools-for-stm32.11.3.rel1.win32_1.1.100.202309141235/tools/bin/../lib/gcc/arm-none-eabi/11.3.1/thumb/v7e-m+fp/hard/crtbegin.o
LOAD C:/Users/gligmi2/OneDrive - Faurecia/Documents/Programs/STM32IDE/STM32CubeIDE_1.14.0/STM32CubeIDE/plugins/com.st.stm32cube.ide.mcu.externaltools.gnu-tools-for-stm32.11.3.rel1.win32_1.1.100.202309141235/tools/bin/../lib/gcc/arm-none-eabi/11.3.1/../../../../arm-none-eabi/lib/thumb/v7e-m+fp/hard/crt0.o
LOAD ./Core/Src/main.o
LOAD ./Core/Src/stm32l4xx_hal_msp.o
LOAD ./Core/Src/stm32l4xx_it.o
LOAD ./Core/Src/syscalls.o
LOAD ./Core/Src/sysmem.o
LOAD ./Core/Src/system_stm32l4xx.o
LOAD ./Core/Startup/startup_stm32l4r5zitx.o
LOAD ./Drivers/STM32L4xx_HAL_Driver/Src/stm32l4xx_hal.o
LOAD ./Drivers/STM32L4xx_HAL_Driver/Src/stm32l4xx_hal_cortex.o
LOAD ./Drivers/STM32L4xx_HAL_Driver/Src/stm32l4xx_hal_dma.o
LOAD ./Drivers/STM32L4xx_HAL_Driver/Src/stm32l4xx_hal_dma_ex.o
LOAD ./Drivers/STM32L4xx_HAL_Driver/Src/stm32l4xx_hal_exti.o
LOAD ./Drivers/STM32L4xx_HAL_Driver/Src/stm32l4xx_hal_flash.o
LOAD ./Drivers/STM32L4xx_HAL_Driver/Src/stm32l4xx_hal_flash_ex.o
LOAD ./Drivers/STM32L4xx_HAL_Driver/Src/stm32l4xx_hal_flash_ramfunc.o
LOAD ./Drivers/STM32L4xx_HAL_Driver/Src/stm32l4xx_hal_gpio.o
LOAD ./Drivers/STM32L4xx_HAL_Driver/Src/stm32l4xx_hal_i2c.o
LOAD ./Drivers/STM32L4xx_HAL_Driver/Src/stm32l4xx_hal_i2c_ex.o
LOAD ./Drivers/STM32L4xx_HAL_Driver/Src/stm32l4xx_hal_pcd.o
LOAD ./Drivers/STM32L4xx_HAL_Driver/Src/stm32l4xx_hal_pcd_ex.o
LOAD ./Drivers/STM32L4xx_HAL_Driver/Src/stm32l4xx_hal_pwr.o
LOAD ./Drivers/STM32L4xx_HAL_Driver/Src/stm32l4xx_hal_pwr_ex.o
LOAD ./Drivers/STM32L4xx_HAL_Driver/Src/stm32l4xx_hal_rcc.o
LOAD ./Drivers/STM32L4xx_HAL_Driver/Src/stm32l4xx_hal_rcc_ex.o
LOAD ./Drivers/STM32L4xx_HAL_Driver/Src/stm32l4xx_hal_spi.o
LOAD ./Drivers/STM32L4xx_HAL_Driver/Src/stm32l4xx_hal_spi_ex.o
LOAD ./Drivers/STM32L4xx_HAL_Driver/Src/stm32l4xx_hal_tim.o
LOAD ./Drivers/STM32L4xx_HAL_Driver/Src/stm32l4xx_hal_tim_ex.o
LOAD ./Drivers/STM32L4xx_HAL_Driver/Src/stm32l4xx_hal_uart.o
LOAD ./Drivers/STM32L4xx_HAL_Driver/Src/stm32l4xx_hal_uart_ex.o
LOAD ./Drivers/STM32L4xx_HAL_Driver/Src/stm32l4xx_ll_usb.o
START GROUP
LOAD C:/Users/gligmi2/OneDrive - Faurecia/Documents/Programs/STM32IDE/STM32CubeIDE_1.14.0/STM32CubeIDE/plugins/com.st.stm32cube.ide.mcu.externaltools.gnu-tools-for-stm32.11.3.rel1.win32_1.1.100.202309141235/tools/bin/../lib/gcc/arm-none-eabi/11.3.1/../../../../arm-none-eabi/lib/thumb/v7e-m+fp/hard\libc_nano.a
LOAD C:/Users/gligmi2/OneDrive - Faurecia/Documents/Programs/STM32IDE/STM32CubeIDE_1.14.0/STM32CubeIDE/plugins/com.st.stm32cube.ide.mcu.externaltools.gnu-tools-for-stm32.11.3.rel1.win32_1.1.100.202309141235/tools/bin/../lib/gcc/arm-none-eabi/11.3.1/../../../../arm-none-eabi/lib/thumb/v7e-m+fp/hard\libm.a
END GROUP
START GROUP
LOAD C:/Users/gligmi2/OneDrive - Faurecia/Documents/Programs/STM32IDE/STM32CubeIDE_1.14.0/STM32CubeIDE/plugins/com.st.stm32cube.ide.mcu.externaltools.gnu-tools-for-stm32.11.3.rel1.win32_1.1.100.202309141235/tools/bin/../lib/gcc/arm-none-eabi/11.3.1/thumb/v7e-m+fp/hard\libgcc.a
LOAD C:/Users/gligmi2/OneDrive - Faurecia/Documents/Programs/STM32IDE/STM32CubeIDE_1.14.0/STM32CubeIDE/plugins/com.st.stm32cube.ide.mcu.externaltools.gnu-tools-for-stm32.11.3.rel1.win32_1.1.100.202309141235/tools/bin/../lib/gcc/arm-none-eabi/11.3.1/../../../../arm-none-eabi/lib/thumb/v7e-m+fp/hard\libc_nano.a
END GROUP
START GROUP
LOAD C:/Users/gligmi2/OneDrive - Faurecia/Documents/Programs/STM32IDE/STM32CubeIDE_1.14.0/STM32CubeIDE/plugins/com.st.stm32cube.ide.mcu.externaltools.gnu-tools-for-stm32.11.3.rel1.win32_1.1.100.202309141235/tools/bin/../lib/gcc/arm-none-eabi/11.3.1/thumb/v7e-m+fp/hard\libgcc.a
LOAD C:/Users/gligmi2/OneDrive - Faurecia/Documents/Programs/STM32IDE/STM32CubeIDE_1.14.0/STM32CubeIDE/plugins/com.st.stm32cube.ide.mcu.externaltools.gnu-tools-for-stm32.11.3.rel1.win32_1.1.100.202309141235/tools/bin/../lib/gcc/arm-none-eabi/11.3.1/../../../../arm-none-eabi/lib/thumb/v7e-m+fp/hard\libc_nano.a
LOAD C:/Users/gligmi2/OneDrive - Faurecia/Documents/Programs/STM32IDE/STM32CubeIDE_1.14.0/STM32CubeIDE/plugins/com.st.stm32cube.ide.mcu.externaltools.gnu-tools-for-stm32.11.3.rel1.win32_1.1.100.202309141235/tools/bin/../lib/gcc/arm-none-eabi/11.3.1/../../../../arm-none-eabi/lib/thumb/v7e-m+fp/hard\libnosys.a
END GROUP
START GROUP
LOAD C:/Users/gligmi2/OneDrive - Faurecia/Documents/Programs/STM32IDE/STM32CubeIDE_1.14.0/STM32CubeIDE/plugins/com.st.stm32cube.ide.mcu.externaltools.gnu-tools-for-stm32.11.3.rel1.win32_1.1.100.202309141235/tools/bin/../lib/gcc/arm-none-eabi/11.3.1/thumb/v7e-m+fp/hard\libgcc.a
LOAD C:/Users/gligmi2/OneDrive - Faurecia/Documents/Programs/STM32IDE/STM32CubeIDE_1.14.0/STM32CubeIDE/plugins/com.st.stm32cube.ide.mcu.externaltools.gnu-tools-for-stm32.11.3.rel1.win32_1.1.100.202309141235/tools/bin/../lib/gcc/arm-none-eabi/11.3.1/../../../../arm-none-eabi/lib/thumb/v7e-m+fp/hard\libc_nano.a
LOAD C:/Users/gligmi2/OneDrive - Faurecia/Documents/Programs/STM32IDE/STM32CubeIDE_1.14.0/STM32CubeIDE/plugins/com.st.stm32cube.ide.mcu.externaltools.gnu-tools-for-stm32.11.3.rel1.win32_1.1.100.202309141235/tools/bin/../lib/gcc/arm-none-eabi/11.3.1/../../../../arm-none-eabi/lib/thumb/v7e-m+fp/hard\libnosys.a
END GROUP
LOAD C:/Users/gligmi2/OneDrive - Faurecia/Documents/Programs/STM32IDE/STM32CubeIDE_1.14.0/STM32CubeIDE/plugins/com.st.stm32cube.ide.mcu.externaltools.gnu-tools-for-stm32.11.3.rel1.win32_1.1.100.202309141235/tools/bin/../lib/gcc/arm-none-eabi/11.3.1/thumb/v7e-m+fp/hard/crtend.o
LOAD C:/Users/gligmi2/OneDrive - Faurecia/Documents/Programs/STM32IDE/STM32CubeIDE_1.14.0/STM32CubeIDE/plugins/com.st.stm32cube.ide.mcu.externaltools.gnu-tools-for-stm32.11.3.rel1.win32_1.1.100.202309141235/tools/bin/../lib/gcc/arm-none-eabi/11.3.1/thumb/v7e-m+fp/hard/crtn.o
                0x00000000200a0000                _estack = (ORIGIN (RAM) + LENGTH (RAM))
                0x0000000000000200                _Min_Heap_Size = 0x200
                0x0000000000000400                _Min_Stack_Size = 0x400

.isr_vector     0x0000000008000000      0x1bc
                0x0000000008000000                . = ALIGN (0x4)
 *(.isr_vector)
 .isr_vector    0x0000000008000000      0x1bc ./Core/Startup/startup_stm32l4r5zitx.o
                0x0000000008000000                g_pfnVectors
                0x00000000080001bc                . = ALIGN (0x4)

.text           0x00000000080001bc     0x4824
                0x00000000080001bc                . = ALIGN (0x4)
 *(.text)
 .text          0x00000000080001bc       0x40 C:/Users/gligmi2/OneDrive - Faurecia/Documents/Programs/STM32IDE/STM32CubeIDE_1.14.0/STM32CubeIDE/plugins/com.st.stm32cube.ide.mcu.externaltools.gnu-tools-for-stm32.11.3.rel1.win32_1.1.100.202309141235/tools/bin/../lib/gcc/arm-none-eabi/11.3.1/thumb/v7e-m+fp/hard/crtbegin.o
 .text          0x00000000080001fc       0x30 C:/Users/gligmi2/OneDrive - Faurecia/Documents/Programs/STM32IDE/STM32CubeIDE_1.14.0/STM32CubeIDE/plugins/com.st.stm32cube.ide.mcu.externaltools.gnu-tools-for-stm32.11.3.rel1.win32_1.1.100.202309141235/tools/bin/../lib/gcc/arm-none-eabi/11.3.1/thumb/v7e-m+fp/hard\libgcc.a(_aeabi_uldivmod.o)
                0x00000000080001fc                __aeabi_uldivmod
 .text          0x000000000800022c      0x2c8 C:/Users/gligmi2/OneDrive - Faurecia/Documents/Programs/STM32IDE/STM32CubeIDE_1.14.0/STM32CubeIDE/plugins/com.st.stm32cube.ide.mcu.externaltools.gnu-tools-for-stm32.11.3.rel1.win32_1.1.100.202309141235/tools/bin/../lib/gcc/arm-none-eabi/11.3.1/thumb/v7e-m+fp/hard\libgcc.a(_udivmoddi4.o)
                0x000000000800022c                __udivmoddi4
 .text          0x00000000080004f4        0x4 C:/Users/gligmi2/OneDrive - Faurecia/Documents/Programs/STM32IDE/STM32CubeIDE_1.14.0/STM32CubeIDE/plugins/com.st.stm32cube.ide.mcu.externaltools.gnu-tools-for-stm32.11.3.rel1.win32_1.1.100.202309141235/tools/bin/../lib/gcc/arm-none-eabi/11.3.1/thumb/v7e-m+fp/hard\libgcc.a(_dvmd_tls.o)
                0x00000000080004f4                __aeabi_idiv0
                0x00000000080004f4                __aeabi_ldiv0
 *(.text*)
 .text.main     0x00000000080004f8       0xa0 ./Core/Src/main.o
                0x00000000080004f8                main
 .text.SystemClock_Config
                0x0000000008000598       0xa6 ./Core/Src/main.o
                0x0000000008000598                SystemClock_Config
 *fill*         0x000000000800063e        0x2 
 .text.MX_LPUART1_UART_Init
                0x0000000008000640       0x9c ./Core/Src/main.o
 .text.MX_USART3_UART_Init
                0x00000000080006dc       0x98 ./Core/Src/main.o
 .text.MX_SPI1_Init
                0x0000000008000774       0x7c ./Core/Src/main.o
 .text.MX_USB_OTG_FS_PCD_Init
                0x00000000080007f0       0x5c ./Core/Src/main.o
 .text.MX_GPIO_Init
                0x000000000800084c      0x174 ./Core/Src/main.o
 .text.Error_Handler
                0x00000000080009c0        0xa ./Core/Src/main.o
                0x00000000080009c0                Error_Handler
 *fill*         0x00000000080009ca        0x2 
 .text.HAL_MspInit
                0x00000000080009cc       0x48 ./Core/Src/stm32l4xx_hal_msp.o
                0x00000000080009cc                HAL_MspInit
 .text.HAL_UART_MspInit
                0x0000000008000a14      0x14c ./Core/Src/stm32l4xx_hal_msp.o
                0x0000000008000a14                HAL_UART_MspInit
 .text.HAL_SPI_MspInit
                0x0000000008000b60       0x84 ./Core/Src/stm32l4xx_hal_msp.o
                0x0000000008000b60                HAL_SPI_MspInit
 .text.HAL_PCD_MspInit
                0x0000000008000be4      0x118 ./Core/Src/stm32l4xx_hal_msp.o
                0x0000000008000be4                HAL_PCD_MspInit
 .text.NMI_Handler
                0x0000000008000cfc        0x6 ./Core/Src/stm32l4xx_it.o
                0x0000000008000cfc                NMI_Handler
 .text.HardFault_Handler
                0x0000000008000d02        0x6 ./Core/Src/stm32l4xx_it.o
                0x0000000008000d02                HardFault_Handler
 .text.MemManage_Handler
                0x0000000008000d08        0x6 ./Core/Src/stm32l4xx_it.o
                0x0000000008000d08                MemManage_Handler
 .text.BusFault_Handler
                0x0000000008000d0e        0x6 ./Core/Src/stm32l4xx_it.o
                0x0000000008000d0e                BusFault_Handler
 .text.UsageFault_Handler
                0x0000000008000d14        0x6 ./Core/Src/stm32l4xx_it.o
                0x0000000008000d14                UsageFault_Handler
 .text.SVC_Handler
                0x0000000008000d1a        0xe ./Core/Src/stm32l4xx_it.o
                0x0000000008000d1a                SVC_Handler
 .text.DebugMon_Handler
                0x0000000008000d28        0xe ./Core/Src/stm32l4xx_it.o
                0x0000000008000d28                DebugMon_Handler
 .text.PendSV_Handler
                0x0000000008000d36        0xe ./Core/Src/stm32l4xx_it.o
                0x0000000008000d36                PendSV_Handler
 .text.SysTick_Handler
                0x0000000008000d44        0xc ./Core/Src/stm32l4xx_it.o
                0x0000000008000d44                SysTick_Handler
 .text.SystemInit
                0x0000000008000d50       0x24 ./Core/Src/system_stm32l4xx.o
                0x0000000008000d50                SystemInit
 .text.Reset_Handler
                0x0000000008000d74       0x50 ./Core/Startup/startup_stm32l4r5zitx.o
                0x0000000008000d74                Reset_Handler
 .text.Default_Handler
                0x0000000008000dc4        0x2 ./Core/Startup/startup_stm32l4r5zitx.o
                0x0000000008000dc4                RTC_Alarm_IRQHandler
                0x0000000008000dc4                EXTI2_IRQHandler
                0x0000000008000dc4                TIM8_TRG_COM_IRQHandler
                0x0000000008000dc4                TIM8_CC_IRQHandler
                0x0000000008000dc4                TIM1_CC_IRQHandler
                0x0000000008000dc4                TSC_IRQHandler
                0x0000000008000dc4                TAMP_STAMP_IRQHandler
                0x0000000008000dc4                EXTI3_IRQHandler
                0x0000000008000dc4                LPTIM2_IRQHandler
                0x0000000008000dc4                DFSDM1_FLT1_IRQHandler
                0x0000000008000dc4                GFXMMU_IRQHandler
                0x0000000008000dc4                I2C3_ER_IRQHandler
                0x0000000008000dc4                DFSDM1_FLT2_IRQHandler
                0x0000000008000dc4                EXTI0_IRQHandler
                0x0000000008000dc4                I2C2_EV_IRQHandler
                0x0000000008000dc4                CAN1_RX0_IRQHandler
                0x0000000008000dc4                FPU_IRQHandler
                0x0000000008000dc4                TIM1_UP_TIM16_IRQHandler
                0x0000000008000dc4                LTDC_ER_IRQHandler
                0x0000000008000dc4                SPI1_IRQHandler
                0x0000000008000dc4                OCTOSPI1_IRQHandler
                0x0000000008000dc4                TIM6_DAC_IRQHandler
                0x0000000008000dc4                DCMI_IRQHandler
                0x0000000008000dc4                TIM8_UP_IRQHandler
                0x0000000008000dc4                OCTOSPI2_IRQHandler
                0x0000000008000dc4                DMA2_Channel2_IRQHandler
                0x0000000008000dc4                DMA1_Channel4_IRQHandler
                0x0000000008000dc4                SAI2_IRQHandler
                0x0000000008000dc4                ADC1_IRQHandler
                0x0000000008000dc4                DFSDM1_FLT3_IRQHandler
                0x0000000008000dc4                USART3_IRQHandler
                0x0000000008000dc4                DMA1_Channel7_IRQHandler
                0x0000000008000dc4                CAN1_RX1_IRQHandler
                0x0000000008000dc4                UART5_IRQHandler
                0x0000000008000dc4                TIM4_IRQHandler
                0x0000000008000dc4                DMA2_Channel1_IRQHandler
                0x0000000008000dc4                I2C1_EV_IRQHandler
                0x0000000008000dc4                DMAMUX1_OVR_IRQHandler
                0x0000000008000dc4                DMA1_Channel6_IRQHandler
                0x0000000008000dc4                UART4_IRQHandler
                0x0000000008000dc4                DMA2_Channel4_IRQHandler
                0x0000000008000dc4                TIM3_IRQHandler
                0x0000000008000dc4                RCC_IRQHandler
                0x0000000008000dc4                DMA1_Channel1_IRQHandler
                0x0000000008000dc4                Default_Handler
                0x0000000008000dc4                DMA2_Channel7_IRQHandler
                0x0000000008000dc4                EXTI15_10_IRQHandler
                0x0000000008000dc4                TIM7_IRQHandler
                0x0000000008000dc4                SDMMC1_IRQHandler
                0x0000000008000dc4                TIM5_IRQHandler
                0x0000000008000dc4                I2C3_EV_IRQHandler
                0x0000000008000dc4                EXTI9_5_IRQHandler
                0x0000000008000dc4                RTC_WKUP_IRQHandler
                0x0000000008000dc4                LTDC_IRQHandler
                0x0000000008000dc4                PVD_PVM_IRQHandler
                0x0000000008000dc4                SPI2_IRQHandler
                0x0000000008000dc4                CAN1_TX_IRQHandler
                0x0000000008000dc4                DMA2_Channel5_IRQHandler
                0x0000000008000dc4                CRS_IRQHandler
                0x0000000008000dc4                DMA1_Channel5_IRQHandler
                0x0000000008000dc4                EXTI4_IRQHandler
                0x0000000008000dc4                RNG_IRQHandler
                0x0000000008000dc4                TIM1_TRG_COM_TIM17_IRQHandler
                0x0000000008000dc4                DMA1_Channel3_IRQHandler
                0x0000000008000dc4                COMP_IRQHandler
                0x0000000008000dc4                WWDG_IRQHandler
                0x0000000008000dc4                I2C4_EV_IRQHandler
                0x0000000008000dc4                LPUART1_IRQHandler
                0x0000000008000dc4                DMA2_Channel6_IRQHandler
                0x0000000008000dc4                TIM2_IRQHandler
                0x0000000008000dc4                DMA2D_IRQHandler
                0x0000000008000dc4                EXTI1_IRQHandler
                0x0000000008000dc4                USART2_IRQHandler
                0x0000000008000dc4                DFSDM1_FLT0_IRQHandler
                0x0000000008000dc4                I2C2_ER_IRQHandler
                0x0000000008000dc4                DMA1_Channel2_IRQHandler
                0x0000000008000dc4                TIM8_BRK_IRQHandler
                0x0000000008000dc4                CAN1_SCE_IRQHandler
                0x0000000008000dc4                FLASH_IRQHandler
                0x0000000008000dc4                USART1_IRQHandler
                0x0000000008000dc4                OTG_FS_IRQHandler
                0x0000000008000dc4                SPI3_IRQHandler
                0x0000000008000dc4                I2C1_ER_IRQHandler
                0x0000000008000dc4                FMC_IRQHandler
                0x0000000008000dc4                LPTIM1_IRQHandler
                0x0000000008000dc4                I2C4_ER_IRQHandler
                0x0000000008000dc4                SAI1_IRQHandler
                0x0000000008000dc4                DMA2_Channel3_IRQHandler
                0x0000000008000dc4                TIM1_BRK_TIM15_IRQHandler
 .text.HAL_Init
                0x0000000008000dc6       0x30 ./Drivers/STM32L4xx_HAL_Driver/Src/stm32l4xx_hal.o
                0x0000000008000dc6                HAL_Init
 *fill*         0x0000000008000df6        0x2 
 .text.HAL_InitTick
                0x0000000008000df8       0x78 ./Drivers/STM32L4xx_HAL_Driver/Src/stm32l4xx_hal.o
                0x0000000008000df8                HAL_InitTick
 .text.HAL_IncTick
                0x0000000008000e70       0x28 ./Drivers/STM32L4xx_HAL_Driver/Src/stm32l4xx_hal.o
                0x0000000008000e70                HAL_IncTick
 .text.HAL_GetTick
                0x0000000008000e98       0x18 ./Drivers/STM32L4xx_HAL_Driver/Src/stm32l4xx_hal.o
                0x0000000008000e98                HAL_GetTick
 .text.HAL_Delay
                0x0000000008000eb0       0x48 ./Drivers/STM32L4xx_HAL_Driver/Src/stm32l4xx_hal.o
                0x0000000008000eb0                HAL_Delay
 .text.__NVIC_SetPriorityGrouping
                0x0000000008000ef8       0x48 ./Drivers/STM32L4xx_HAL_Driver/Src/stm32l4xx_hal_cortex.o
 .text.__NVIC_GetPriorityGrouping
                0x0000000008000f40       0x1c ./Drivers/STM32L4xx_HAL_Driver/Src/stm32l4xx_hal_cortex.o
 .text.__NVIC_SetPriority
                0x0000000008000f5c       0x54 ./Drivers/STM32L4xx_HAL_Driver/Src/stm32l4xx_hal_cortex.o
 .text.NVIC_EncodePriority
                0x0000000008000fb0       0x66 ./Drivers/STM32L4xx_HAL_Driver/Src/stm32l4xx_hal_cortex.o
 *fill*         0x0000000008001016        0x2 
 .text.SysTick_Config
                0x0000000008001018       0x44 ./Drivers/STM32L4xx_HAL_Driver/Src/stm32l4xx_hal_cortex.o
 .text.HAL_NVIC_SetPriorityGrouping
                0x000000000800105c       0x16 ./Drivers/STM32L4xx_HAL_Driver/Src/stm32l4xx_hal_cortex.o
                0x000000000800105c                HAL_NVIC_SetPriorityGrouping
 .text.HAL_NVIC_SetPriority
                0x0000000008001072       0x38 ./Drivers/STM32L4xx_HAL_Driver/Src/stm32l4xx_hal_cortex.o
                0x0000000008001072                HAL_NVIC_SetPriority
 .text.HAL_SYSTICK_Config
                0x00000000080010aa       0x18 ./Drivers/STM32L4xx_HAL_Driver/Src/stm32l4xx_hal_cortex.o
                0x00000000080010aa                HAL_SYSTICK_Config
 *fill*         0x00000000080010c2        0x2 
 .text.HAL_GPIO_Init
                0x00000000080010c4      0x324 ./Drivers/STM32L4xx_HAL_Driver/Src/stm32l4xx_hal_gpio.o
                0x00000000080010c4                HAL_GPIO_Init
 .text.HAL_GPIO_WritePin
                0x00000000080013e8       0x30 ./Drivers/STM32L4xx_HAL_Driver/Src/stm32l4xx_hal_gpio.o
                0x00000000080013e8                HAL_GPIO_WritePin
 .text.HAL_PCD_Init
                0x0000000008001418      0x248 ./Drivers/STM32L4xx_HAL_Driver/Src/stm32l4xx_hal_pcd.o
                0x0000000008001418                HAL_PCD_Init
 .text.HAL_PCDEx_ActivateLPM
                0x0000000008001660       0x48 ./Drivers/STM32L4xx_HAL_Driver/Src/stm32l4xx_hal_pcd_ex.o
                0x0000000008001660                HAL_PCDEx_ActivateLPM
 .text.HAL_PWREx_GetVoltageRange
                0x00000000080016a8       0x40 ./Drivers/STM32L4xx_HAL_Driver/Src/stm32l4xx_hal_pwr_ex.o
                0x00000000080016a8                HAL_PWREx_GetVoltageRange
 .text.HAL_PWREx_ControlVoltageScaling
                0x00000000080016e8      0x148 ./Drivers/STM32L4xx_HAL_Driver/Src/stm32l4xx_hal_pwr_ex.o
                0x00000000080016e8                HAL_PWREx_ControlVoltageScaling
 .text.HAL_PWREx_EnableVddUSB
                0x0000000008001830       0x20 ./Drivers/STM32L4xx_HAL_Driver/Src/stm32l4xx_hal_pwr_ex.o
                0x0000000008001830                HAL_PWREx_EnableVddUSB
 .text.HAL_PWREx_EnableVddIO2
                0x0000000008001850       0x20 ./Drivers/STM32L4xx_HAL_Driver/Src/stm32l4xx_hal_pwr_ex.o
                0x0000000008001850                HAL_PWREx_EnableVddIO2
 .text.HAL_RCC_OscConfig
                0x0000000008001870      0x834 ./Drivers/STM32L4xx_HAL_Driver/Src/stm32l4xx_hal_rcc.o
                0x0000000008001870                HAL_RCC_OscConfig
 .text.HAL_RCC_ClockConfig
                0x00000000080020a4      0x274 ./Drivers/STM32L4xx_HAL_Driver/Src/stm32l4xx_hal_rcc.o
                0x00000000080020a4                HAL_RCC_ClockConfig
 .text.HAL_RCC_GetSysClockFreq
                0x0000000008002318      0x118 ./Drivers/STM32L4xx_HAL_Driver/Src/stm32l4xx_hal_rcc.o
                0x0000000008002318                HAL_RCC_GetSysClockFreq
 .text.HAL_RCC_GetHCLKFreq
                0x0000000008002430       0x18 ./Drivers/STM32L4xx_HAL_Driver/Src/stm32l4xx_hal_rcc.o
                0x0000000008002430                HAL_RCC_GetHCLKFreq
 .text.HAL_RCC_GetPCLK1Freq
                0x0000000008002448       0x2c ./Drivers/STM32L4xx_HAL_Driver/Src/stm32l4xx_hal_rcc.o
                0x0000000008002448                HAL_RCC_GetPCLK1Freq
 .text.HAL_RCC_GetPCLK2Freq
                0x0000000008002474       0x2c ./Drivers/STM32L4xx_HAL_Driver/Src/stm32l4xx_hal_rcc.o
                0x0000000008002474                HAL_RCC_GetPCLK2Freq
 .text.RCC_SetFlashLatencyFromMSIRange
                0x00000000080024a0       0xb4 ./Drivers/STM32L4xx_HAL_Driver/Src/stm32l4xx_hal_rcc.o
 .text.RCC_GetSysClockFreqFromPLLSource
                0x0000000008002554       0xcc ./Drivers/STM32L4xx_HAL_Driver/Src/stm32l4xx_hal_rcc.o
 .text.HAL_RCCEx_PeriphCLKConfig
                0x0000000008002620      0x660 ./Drivers/STM32L4xx_HAL_Driver/Src/stm32l4xx_hal_rcc_ex.o
                0x0000000008002620                HAL_RCCEx_PeriphCLKConfig
 .text.RCCEx_PLLSAI1_Config
                0x0000000008002c80      0x1e8 ./Drivers/STM32L4xx_HAL_Driver/Src/stm32l4xx_hal_rcc_ex.o
 .text.RCCEx_PLLSAI2_Config
                0x0000000008002e68      0x1e8 ./Drivers/STM32L4xx_HAL_Driver/Src/stm32l4xx_hal_rcc_ex.o
 .text.HAL_SPI_Init
                0x0000000008003050      0x146 ./Drivers/STM32L4xx_HAL_Driver/Src/stm32l4xx_hal_spi.o
                0x0000000008003050                HAL_SPI_Init
 .text.HAL_SPI_Transmit
                0x0000000008003196      0x2ea ./Drivers/STM32L4xx_HAL_Driver/Src/stm32l4xx_hal_spi.o
                0x0000000008003196                HAL_SPI_Transmit
 .text.SPI_WaitFlagStateUntilTimeout
                0x0000000008003480      0x110 ./Drivers/STM32L4xx_HAL_Driver/Src/stm32l4xx_hal_spi.o
 .text.SPI_WaitFifoStateUntilTimeout
                0x0000000008003590      0x12c ./Drivers/STM32L4xx_HAL_Driver/Src/stm32l4xx_hal_spi.o
 .text.SPI_EndRxTxTransaction
                0x00000000080036bc       0x8c ./Drivers/STM32L4xx_HAL_Driver/Src/stm32l4xx_hal_spi.o
 .text.HAL_UART_Init
                0x0000000008003748       0xa0 ./Drivers/STM32L4xx_HAL_Driver/Src/stm32l4xx_hal_uart.o
                0x0000000008003748                HAL_UART_Init
 .text.UART_SetConfig
                0x00000000080037e8      0x5f8 ./Drivers/STM32L4xx_HAL_Driver/Src/stm32l4xx_hal_uart.o
                0x00000000080037e8                UART_SetConfig
 .text.UART_AdvFeatureConfig
                0x0000000008003de0      0x144 ./Drivers/STM32L4xx_HAL_Driver/Src/stm32l4xx_hal_uart.o
                0x0000000008003de0                UART_AdvFeatureConfig
 .text.UART_CheckIdleState
                0x0000000008003f24      0x154 ./Drivers/STM32L4xx_HAL_Driver/Src/stm32l4xx_hal_uart.o
                0x0000000008003f24                UART_CheckIdleState
 .text.UART_WaitOnFlagUntilTimeout
                0x0000000008004078       0xce ./Drivers/STM32L4xx_HAL_Driver/Src/stm32l4xx_hal_uart.o
                0x0000000008004078                UART_WaitOnFlagUntilTimeout
 .text.UART_EndRxTransfer
                0x0000000008004146       0xcc ./Drivers/STM32L4xx_HAL_Driver/Src/stm32l4xx_hal_uart.o
 .text.HAL_UARTEx_DisableFifoMode
                0x0000000008004212       0x72 ./Drivers/STM32L4xx_HAL_Driver/Src/stm32l4xx_hal_uart_ex.o
                0x0000000008004212                HAL_UARTEx_DisableFifoMode
 .text.HAL_UARTEx_SetTxFifoThreshold
                0x0000000008004284       0x7c ./Drivers/STM32L4xx_HAL_Driver/Src/stm32l4xx_hal_uart_ex.o
                0x0000000008004284                HAL_UARTEx_SetTxFifoThreshold
 .text.HAL_UARTEx_SetRxFifoThreshold
                0x0000000008004300       0x7c ./Drivers/STM32L4xx_HAL_Driver/Src/stm32l4xx_hal_uart_ex.o
                0x0000000008004300                HAL_UARTEx_SetRxFifoThreshold
 .text.UARTEx_SetNbDataToProcess
                0x000000000800437c       0x9c ./Drivers/STM32L4xx_HAL_Driver/Src/stm32l4xx_hal_uart_ex.o
 .text.USB_CoreInit
                0x0000000008004418       0x58 ./Drivers/STM32L4xx_HAL_Driver/Src/stm32l4xx_ll_usb.o
                0x0000000008004418                USB_CoreInit
 .text.USB_DisableGlobalInt
                0x0000000008004470       0x22 ./Drivers/STM32L4xx_HAL_Driver/Src/stm32l4xx_ll_usb.o
                0x0000000008004470                USB_DisableGlobalInt
 .text.USB_SetCurrentMode
                0x0000000008004492       0x98 ./Drivers/STM32L4xx_HAL_Driver/Src/stm32l4xx_ll_usb.o
                0x0000000008004492                USB_SetCurrentMode
 *fill*         0x000000000800452a        0x2 
 .text.USB_DevInit
                0x000000000800452c      0x284 ./Drivers/STM32L4xx_HAL_Driver/Src/stm32l4xx_ll_usb.o
                0x000000000800452c                USB_DevInit
 .text.USB_FlushTxFifo
                0x00000000080047b0       0x68 ./Drivers/STM32L4xx_HAL_Driver/Src/stm32l4xx_ll_usb.o
                0x00000000080047b0                USB_FlushTxFifo
 .text.USB_FlushRxFifo
                0x0000000008004818       0x60 ./Drivers/STM32L4xx_HAL_Driver/Src/stm32l4xx_ll_usb.o
                0x0000000008004818                USB_FlushRxFifo
 .text.USB_SetDevSpeed
                0x0000000008004878       0x32 ./Drivers/STM32L4xx_HAL_Driver/Src/stm32l4xx_ll_usb.o
                0x0000000008004878                USB_SetDevSpeed
 .text.USB_DevDisconnect
                0x00000000080048aa       0x42 ./Drivers/STM32L4xx_HAL_Driver/Src/stm32l4xx_ll_usb.o
                0x00000000080048aa                USB_DevDisconnect
 .text.USB_GetMode
                0x00000000080048ec       0x1c ./Drivers/STM32L4xx_HAL_Driver/Src/stm32l4xx_ll_usb.o
                0x00000000080048ec                USB_GetMode
 .text.USB_CoreReset
                0x0000000008004908       0x68 ./Drivers/STM32L4xx_HAL_Driver/Src/stm32l4xx_ll_usb.o
 .text.memset   0x0000000008004970       0x10 C:/Users/gligmi2/OneDrive - Faurecia/Documents/Programs/STM32IDE/STM32CubeIDE_1.14.0/STM32CubeIDE/plugins/com.st.stm32cube.ide.mcu.externaltools.gnu-tools-for-stm32.11.3.rel1.win32_1.1.100.202309141235/tools/bin/../lib/gcc/arm-none-eabi/11.3.1/../../../../arm-none-eabi/lib/thumb/v7e-m+fp/hard\libc_nano.a(libc_a-memset.o)
                0x0000000008004970                memset
 .text.__libc_init_array
                0x0000000008004980       0x48 C:/Users/gligmi2/OneDrive - Faurecia/Documents/Programs/STM32IDE/STM32CubeIDE_1.14.0/STM32CubeIDE/plugins/com.st.stm32cube.ide.mcu.externaltools.gnu-tools-for-stm32.11.3.rel1.win32_1.1.100.202309141235/tools/bin/../lib/gcc/arm-none-eabi/11.3.1/../../../../arm-none-eabi/lib/thumb/v7e-m+fp/hard\libc_nano.a(libc_a-init.o)
                0x0000000008004980                __libc_init_array
 *(.glue_7)
 .glue_7        0x00000000080049c8        0x0 linker stubs
 *(.glue_7t)
 .glue_7t       0x00000000080049c8        0x0 linker stubs
 *(.eh_frame)
 .eh_frame      0x00000000080049c8        0x0 C:/Users/gligmi2/OneDrive - Faurecia/Documents/Programs/STM32IDE/STM32CubeIDE_1.14.0/STM32CubeIDE/plugins/com.st.stm32cube.ide.mcu.externaltools.gnu-tools-for-stm32.11.3.rel1.win32_1.1.100.202309141235/tools/bin/../lib/gcc/arm-none-eabi/11.3.1/thumb/v7e-m+fp/hard/crtbegin.o
 *(.init)
 .init          0x00000000080049c8        0x4 C:/Users/gligmi2/OneDrive - Faurecia/Documents/Programs/STM32IDE/STM32CubeIDE_1.14.0/STM32CubeIDE/plugins/com.st.stm32cube.ide.mcu.externaltools.gnu-tools-for-stm32.11.3.rel1.win32_1.1.100.202309141235/tools/bin/../lib/gcc/arm-none-eabi/11.3.1/thumb/v7e-m+fp/hard/crti.o
                0x00000000080049c8                _init
 .init          0x00000000080049cc        0x8 C:/Users/gligmi2/OneDrive - Faurecia/Documents/Programs/STM32IDE/STM32CubeIDE_1.14.0/STM32CubeIDE/plugins/com.st.stm32cube.ide.mcu.externaltools.gnu-tools-for-stm32.11.3.rel1.win32_1.1.100.202309141235/tools/bin/../lib/gcc/arm-none-eabi/11.3.1/thumb/v7e-m+fp/hard/crtn.o
 *(.fini)
 .fini          0x00000000080049d4        0x4 C:/Users/gligmi2/OneDrive - Faurecia/Documents/Programs/STM32IDE/STM32CubeIDE_1.14.0/STM32CubeIDE/plugins/com.st.stm32cube.ide.mcu.externaltools.gnu-tools-for-stm32.11.3.rel1.win32_1.1.100.202309141235/tools/bin/../lib/gcc/arm-none-eabi/11.3.1/thumb/v7e-m+fp/hard/crti.o
                0x00000000080049d4                _fini
 .fini          0x00000000080049d8        0x8 C:/Users/gligmi2/OneDrive - Faurecia/Documents/Programs/STM32IDE/STM32CubeIDE_1.14.0/STM32CubeIDE/plugins/com.st.stm32cube.ide.mcu.externaltools.gnu-tools-for-stm32.11.3.rel1.win32_1.1.100.202309141235/tools/bin/../lib/gcc/arm-none-eabi/11.3.1/thumb/v7e-m+fp/hard/crtn.o
                0x00000000080049e0                . = ALIGN (0x4)
                0x00000000080049e0                _etext = .

.vfp11_veneer   0x00000000080049e0        0x0
 .vfp11_veneer  0x00000000080049e0        0x0 linker stubs

.v4_bx          0x00000000080049e0        0x0
 .v4_bx         0x00000000080049e0        0x0 linker stubs

.iplt           0x00000000080049e0        0x0
 .iplt          0x00000000080049e0        0x0 C:/Users/gligmi2/OneDrive - Faurecia/Documents/Programs/STM32IDE/STM32CubeIDE_1.14.0/STM32CubeIDE/plugins/com.st.stm32cube.ide.mcu.externaltools.gnu-tools-for-stm32.11.3.rel1.win32_1.1.100.202309141235/tools/bin/../lib/gcc/arm-none-eabi/11.3.1/thumb/v7e-m+fp/hard/crtbegin.o

.rodata         0x00000000080049e0       0x70
                0x00000000080049e0                . = ALIGN (0x4)
 *(.rodata)
 *(.rodata*)
 .rodata.AHBPrescTable
                0x00000000080049e0       0x10 ./Core/Src/system_stm32l4xx.o
                0x00000000080049e0                AHBPrescTable
 .rodata.APBPrescTable
                0x00000000080049f0        0x8 ./Core/Src/system_stm32l4xx.o
                0x00000000080049f0                APBPrescTable
 .rodata.MSIRangeTable
                0x00000000080049f8       0x30 ./Core/Src/system_stm32l4xx.o
                0x00000000080049f8                MSIRangeTable
 .rodata.UARTPrescTable
                0x0000000008004a28       0x18 ./Drivers/STM32L4xx_HAL_Driver/Src/stm32l4xx_hal_uart.o
                0x0000000008004a28                UARTPrescTable
 .rodata.numerator.1
                0x0000000008004a40        0x8 ./Drivers/STM32L4xx_HAL_Driver/Src/stm32l4xx_hal_uart_ex.o
 .rodata.denominator.0
                0x0000000008004a48        0x8 ./Drivers/STM32L4xx_HAL_Driver/Src/stm32l4xx_hal_uart_ex.o
                0x0000000008004a50                . = ALIGN (0x4)

.ARM.extab      0x0000000008004a50        0x0
                0x0000000008004a50                . = ALIGN (0x4)
 *(.ARM.extab* .gnu.linkonce.armextab.*)
                0x0000000008004a50                . = ALIGN (0x4)

.ARM            0x0000000008004a50        0x8
                0x0000000008004a50                . = ALIGN (0x4)
                0x0000000008004a50                __exidx_start = .
 *(.ARM.exidx*)
 .ARM.exidx     0x0000000008004a50        0x8 C:/Users/gligmi2/OneDrive - Faurecia/Documents/Programs/STM32IDE/STM32CubeIDE_1.14.0/STM32CubeIDE/plugins/com.st.stm32cube.ide.mcu.externaltools.gnu-tools-for-stm32.11.3.rel1.win32_1.1.100.202309141235/tools/bin/../lib/gcc/arm-none-eabi/11.3.1/thumb/v7e-m+fp/hard\libgcc.a(_udivmoddi4.o)
                0x0000000008004a58                __exidx_end = .
                0x0000000008004a58                . = ALIGN (0x4)

.rel.dyn        0x0000000008004a58        0x0
 .rel.iplt      0x0000000008004a58        0x0 C:/Users/gligmi2/OneDrive - Faurecia/Documents/Programs/STM32IDE/STM32CubeIDE_1.14.0/STM32CubeIDE/plugins/com.st.stm32cube.ide.mcu.externaltools.gnu-tools-for-stm32.11.3.rel1.win32_1.1.100.202309141235/tools/bin/../lib/gcc/arm-none-eabi/11.3.1/thumb/v7e-m+fp/hard/crtbegin.o

.preinit_array  0x0000000008004a58        0x0
                0x0000000008004a58                . = ALIGN (0x4)
                0x0000000008004a58                PROVIDE (__preinit_array_start = .)
 *(.preinit_array*)
                0x0000000008004a58                PROVIDE (__preinit_array_end = .)
                0x0000000008004a58                . = ALIGN (0x4)

.init_array     0x0000000008004a58        0x4
                0x0000000008004a58                . = ALIGN (0x4)
                0x0000000008004a58                PROVIDE (__init_array_start = .)
 *(SORT_BY_NAME(.init_array.*))
 *(.init_array*)
 .init_array    0x0000000008004a58        0x4 C:/Users/gligmi2/OneDrive - Faurecia/Documents/Programs/STM32IDE/STM32CubeIDE_1.14.0/STM32CubeIDE/plugins/com.st.stm32cube.ide.mcu.externaltools.gnu-tools-for-stm32.11.3.rel1.win32_1.1.100.202309141235/tools/bin/../lib/gcc/arm-none-eabi/11.3.1/thumb/v7e-m+fp/hard/crtbegin.o
                0x0000000008004a5c                PROVIDE (__init_array_end = .)
                0x0000000008004a5c                . = ALIGN (0x4)

.fini_array     0x0000000008004a5c        0x4
                0x0000000008004a5c                . = ALIGN (0x4)
                [!provide]                        PROVIDE (__fini_array_start = .)
 *(SORT_BY_NAME(.fini_array.*))
 *(.fini_array*)
 .fini_array    0x0000000008004a5c        0x4 C:/Users/gligmi2/OneDrive - Faurecia/Documents/Programs/STM32IDE/STM32CubeIDE_1.14.0/STM32CubeIDE/plugins/com.st.stm32cube.ide.mcu.externaltools.gnu-tools-for-stm32.11.3.rel1.win32_1.1.100.202309141235/tools/bin/../lib/gcc/arm-none-eabi/11.3.1/thumb/v7e-m+fp/hard/crtbegin.o
                [!provide]                        PROVIDE (__fini_array_end = .)
                0x0000000008004a60                . = ALIGN (0x4)
                0x0000000008004a60                _sidata = LOADADDR (.data)

.data           0x0000000020000000        0xc load address 0x0000000008004a60
                0x0000000020000000                . = ALIGN (0x4)
                0x0000000020000000                _sdata = .
 *(.data)
 *(.data*)
 .data.SystemCoreClock
                0x0000000020000000        0x4 ./Core/Src/system_stm32l4xx.o
                0x0000000020000000                SystemCoreClock
 .data.uwTickPrio
                0x0000000020000004        0x4 ./Drivers/STM32L4xx_HAL_Driver/Src/stm32l4xx_hal.o
                0x0000000020000004                uwTickPrio
 .data.uwTickFreq
                0x0000000020000008        0x1 ./Drivers/STM32L4xx_HAL_Driver/Src/stm32l4xx_hal.o
                0x0000000020000008                uwTickFreq
 *(.RamFunc)
 *(.RamFunc*)
                0x000000002000000c                . = ALIGN (0x4)
 *fill*         0x0000000020000009        0x3 
                0x000000002000000c                _edata = .

.igot.plt       0x000000002000000c        0x0 load address 0x0000000008004a6c
 .igot.plt      0x000000002000000c        0x0 C:/Users/gligmi2/OneDrive - Faurecia/Documents/Programs/STM32IDE/STM32CubeIDE_1.14.0/STM32CubeIDE/plugins/com.st.stm32cube.ide.mcu.externaltools.gnu-tools-for-stm32.11.3.rel1.win32_1.1.100.202309141235/tools/bin/../lib/gcc/arm-none-eabi/11.3.1/thumb/v7e-m+fp/hard/crtbegin.o
                0x000000002000000c                . = ALIGN (0x4)

.bss            0x000000002000000c      0x6b8 load address 0x0000000008004a6c
                0x000000002000000c                _sbss = .
                0x000000002000000c                __bss_start__ = _sbss
 *(.bss)
 .bss           0x000000002000000c       0x1c C:/Users/gligmi2/OneDrive - Faurecia/Documents/Programs/STM32IDE/STM32CubeIDE_1.14.0/STM32CubeIDE/plugins/com.st.stm32cube.ide.mcu.externaltools.gnu-tools-for-stm32.11.3.rel1.win32_1.1.100.202309141235/tools/bin/../lib/gcc/arm-none-eabi/11.3.1/thumb/v7e-m+fp/hard/crtbegin.o
 *(.bss*)
 .bss.hlpuart1  0x0000000020000028       0x94 ./Core/Src/main.o
                0x0000000020000028                hlpuart1
 .bss.huart3    0x00000000200000bc       0x94 ./Core/Src/main.o
                0x00000000200000bc                huart3
 .bss.hspi1     0x0000000020000150       0x64 ./Core/Src/main.o
                0x0000000020000150                hspi1
 .bss.hpcd_USB_OTG_FS
                0x00000000200001b4      0x50c ./Core/Src/main.o
                0x00000000200001b4                hpcd_USB_OTG_FS
 .bss.uwTick    0x00000000200006c0        0x4 ./Drivers/STM32L4xx_HAL_Driver/Src/stm32l4xx_hal.o
                0x00000000200006c0                uwTick
 *(COMMON)
                0x00000000200006c4                . = ALIGN (0x4)
                0x00000000200006c4                _ebss = .
                0x00000000200006c4                __bss_end__ = _ebss

._user_heap_stack
                0x00000000200006c4      0x604 load address 0x0000000008004a6c
                0x00000000200006c8                . = ALIGN (0x8)
 *fill*         0x00000000200006c4        0x4 
                [!provide]                        PROVIDE (end = .)
                0x00000000200006c8                PROVIDE (_end = .)
                0x00000000200008c8                . = (. + _Min_Heap_Size)
 *fill*         0x00000000200006c8      0x200 
                0x0000000020000cc8                . = (. + _Min_Stack_Size)
 *fill*         0x00000000200008c8      0x400 
                0x0000000020000cc8                . = ALIGN (0x8)

/DISCARD/
 libc.a(*)
 libm.a(*)
 libgcc.a(*)

.ARM.attributes
                0x0000000000000000       0x30
 *(.ARM.attributes)
 .ARM.attributes
                0x0000000000000000       0x1e C:/Users/gligmi2/OneDrive - Faurecia/Documents/Programs/STM32IDE/STM32CubeIDE_1.14.0/STM32CubeIDE/plugins/com.st.stm32cube.ide.mcu.externaltools.gnu-tools-for-stm32.11.3.rel1.win32_1.1.100.202309141235/tools/bin/../lib/gcc/arm-none-eabi/11.3.1/thumb/v7e-m+fp/hard/crti.o
 .ARM.attributes
                0x000000000000001e       0x34 C:/Users/gligmi2/OneDrive - Faurecia/Documents/Programs/STM32IDE/STM32CubeIDE_1.14.0/STM32CubeIDE/plugins/com.st.stm32cube.ide.mcu.externaltools.gnu-tools-for-stm32.11.3.rel1.win32_1.1.100.202309141235/tools/bin/../lib/gcc/arm-none-eabi/11.3.1/thumb/v7e-m+fp/hard/crtbegin.o
 .ARM.attributes
                0x0000000000000052       0x34 ./Core/Src/main.o
 .ARM.attributes
                0x0000000000000086       0x34 ./Core/Src/stm32l4xx_hal_msp.o
 .ARM.attributes
                0x00000000000000ba       0x34 ./Core/Src/stm32l4xx_it.o
 .ARM.attributes
                0x00000000000000ee       0x34 ./Core/Src/system_stm32l4xx.o
 .ARM.attributes
                0x0000000000000122       0x21 ./Core/Startup/startup_stm32l4r5zitx.o
 .ARM.attributes
                0x0000000000000143       0x34 ./Drivers/STM32L4xx_HAL_Driver/Src/stm32l4xx_hal.o
 .ARM.attributes
                0x0000000000000177       0x34 ./Drivers/STM32L4xx_HAL_Driver/Src/stm32l4xx_hal_cortex.o
 .ARM.attributes
                0x00000000000001ab       0x34 ./Drivers/STM32L4xx_HAL_Driver/Src/stm32l4xx_hal_gpio.o
 .ARM.attributes
                0x00000000000001df       0x34 ./Drivers/STM32L4xx_HAL_Driver/Src/stm32l4xx_hal_pcd.o
 .ARM.attributes
                0x0000000000000213       0x34 ./Drivers/STM32L4xx_HAL_Driver/Src/stm32l4xx_hal_pcd_ex.o
 .ARM.attributes
                0x0000000000000247       0x34 ./Drivers/STM32L4xx_HAL_Driver/Src/stm32l4xx_hal_pwr_ex.o
 .ARM.attributes
                0x000000000000027b       0x34 ./Drivers/STM32L4xx_HAL_Driver/Src/stm32l4xx_hal_rcc.o
 .ARM.attributes
                0x00000000000002af       0x34 ./Drivers/STM32L4xx_HAL_Driver/Src/stm32l4xx_hal_rcc_ex.o
 .ARM.attributes
                0x00000000000002e3       0x34 ./Drivers/STM32L4xx_HAL_Driver/Src/stm32l4xx_hal_spi.o
 .ARM.attributes
                0x0000000000000317       0x34 ./Drivers/STM32L4xx_HAL_Driver/Src/stm32l4xx_hal_uart.o
 .ARM.attributes
                0x000000000000034b       0x34 ./Drivers/STM32L4xx_HAL_Driver/Src/stm32l4xx_hal_uart_ex.o
 .ARM.attributes
                0x000000000000037f       0x34 ./Drivers/STM32L4xx_HAL_Driver/Src/stm32l4xx_ll_usb.o
 .ARM.attributes
                0x00000000000003b3       0x34 C:/Users/gligmi2/OneDrive - Faurecia/Documents/Programs/STM32IDE/STM32CubeIDE_1.14.0/STM32CubeIDE/plugins/com.st.stm32cube.ide.mcu.externaltools.gnu-tools-for-stm32.11.3.rel1.win32_1.1.100.202309141235/tools/bin/../lib/gcc/arm-none-eabi/11.3.1/../../../../arm-none-eabi/lib/thumb/v7e-m+fp/hard\libc_nano.a(libc_a-memset.o)
 .ARM.attributes
                0x00000000000003e7       0x34 C:/Users/gligmi2/OneDrive - Faurecia/Documents/Programs/STM32IDE/STM32CubeIDE_1.14.0/STM32CubeIDE/plugins/com.st.stm32cube.ide.mcu.externaltools.gnu-tools-for-stm32.11.3.rel1.win32_1.1.100.202309141235/tools/bin/../lib/gcc/arm-none-eabi/11.3.1/../../../../arm-none-eabi/lib/thumb/v7e-m+fp/hard\libc_nano.a(libc_a-init.o)
 .ARM.attributes
                0x000000000000041b       0x1e C:/Users/gligmi2/OneDrive - Faurecia/Documents/Programs/STM32IDE/STM32CubeIDE_1.14.0/STM32CubeIDE/plugins/com.st.stm32cube.ide.mcu.externaltools.gnu-tools-for-stm32.11.3.rel1.win32_1.1.100.202309141235/tools/bin/../lib/gcc/arm-none-eabi/11.3.1/thumb/v7e-m+fp/hard\libgcc.a(_aeabi_uldivmod.o)
 .ARM.attributes
                0x0000000000000439       0x34 C:/Users/gligmi2/OneDrive - Faurecia/Documents/Programs/STM32IDE/STM32CubeIDE_1.14.0/STM32CubeIDE/plugins/com.st.stm32cube.ide.mcu.externaltools.gnu-tools-for-stm32.11.3.rel1.win32_1.1.100.202309141235/tools/bin/../lib/gcc/arm-none-eabi/11.3.1/thumb/v7e-m+fp/hard\libgcc.a(_udivmoddi4.o)
 .ARM.attributes
                0x000000000000046d       0x1e C:/Users/gligmi2/OneDrive - Faurecia/Documents/Programs/STM32IDE/STM32CubeIDE_1.14.0/STM32CubeIDE/plugins/com.st.stm32cube.ide.mcu.externaltools.gnu-tools-for-stm32.11.3.rel1.win32_1.1.100.202309141235/tools/bin/../lib/gcc/arm-none-eabi/11.3.1/thumb/v7e-m+fp/hard\libgcc.a(_dvmd_tls.o)
 .ARM.attributes
                0x000000000000048b       0x1e C:/Users/gligmi2/OneDrive - Faurecia/Documents/Programs/STM32IDE/STM32CubeIDE_1.14.0/STM32CubeIDE/plugins/com.st.stm32cube.ide.mcu.externaltools.gnu-tools-for-stm32.11.3.rel1.win32_1.1.100.202309141235/tools/bin/../lib/gcc/arm-none-eabi/11.3.1/thumb/v7e-m+fp/hard/crtn.o
OUTPUT(SPI_com_tutorial.elf elf32-littlearm)
LOAD linker stubs
LOAD C:/Users/gligmi2/OneDrive - Faurecia/Documents/Programs/STM32IDE/STM32CubeIDE_1.14.0/STM32CubeIDE/plugins/com.st.stm32cube.ide.mcu.externaltools.gnu-tools-for-stm32.11.3.rel1.win32_1.1.100.202309141235/tools/bin/../lib/gcc/arm-none-eabi/11.3.1/../../../../arm-none-eabi/lib/thumb/v7e-m+fp/hard\libc.a
LOAD C:/Users/gligmi2/OneDrive - Faurecia/Documents/Programs/STM32IDE/STM32CubeIDE_1.14.0/STM32CubeIDE/plugins/com.st.stm32cube.ide.mcu.externaltools.gnu-tools-for-stm32.11.3.rel1.win32_1.1.100.202309141235/tools/bin/../lib/gcc/arm-none-eabi/11.3.1/../../../../arm-none-eabi/lib/thumb/v7e-m+fp/hard\libm.a
LOAD C:/Users/gligmi2/OneDrive - Faurecia/Documents/Programs/STM32IDE/STM32CubeIDE_1.14.0/STM32CubeIDE/plugins/com.st.stm32cube.ide.mcu.externaltools.gnu-tools-for-stm32.11.3.rel1.win32_1.1.100.202309141235/tools/bin/../lib/gcc/arm-none-eabi/11.3.1/thumb/v7e-m+fp/hard\libgcc.a

.comment        0x0000000000000000       0x43
 .comment       0x0000000000000000       0x43 C:/Users/gligmi2/OneDrive - Faurecia/Documents/Programs/STM32IDE/STM32CubeIDE_1.14.0/STM32CubeIDE/plugins/com.st.stm32cube.ide.mcu.externaltools.gnu-tools-for-stm32.11.3.rel1.win32_1.1.100.202309141235/tools/bin/../lib/gcc/arm-none-eabi/11.3.1/thumb/v7e-m+fp/hard/crtbegin.o
                                         0x44 (size before relaxing)
 .comment       0x0000000000000043       0x44 ./Core/Src/main.o
 .comment       0x0000000000000043       0x44 ./Core/Src/stm32l4xx_hal_msp.o
 .comment       0x0000000000000043       0x44 ./Core/Src/stm32l4xx_it.o
 .comment       0x0000000000000043       0x44 ./Core/Src/system_stm32l4xx.o
 .comment       0x0000000000000043       0x44 ./Drivers/STM32L4xx_HAL_Driver/Src/stm32l4xx_hal.o
 .comment       0x0000000000000043       0x44 ./Drivers/STM32L4xx_HAL_Driver/Src/stm32l4xx_hal_cortex.o
 .comment       0x0000000000000043       0x44 ./Drivers/STM32L4xx_HAL_Driver/Src/stm32l4xx_hal_gpio.o
 .comment       0x0000000000000043       0x44 ./Drivers/STM32L4xx_HAL_Driver/Src/stm32l4xx_hal_pcd.o
 .comment       0x0000000000000043       0x44 ./Drivers/STM32L4xx_HAL_Driver/Src/stm32l4xx_hal_pcd_ex.o
 .comment       0x0000000000000043       0x44 ./Drivers/STM32L4xx_HAL_Driver/Src/stm32l4xx_hal_pwr_ex.o
 .comment       0x0000000000000043       0x44 ./Drivers/STM32L4xx_HAL_Driver/Src/stm32l4xx_hal_rcc.o
 .comment       0x0000000000000043       0x44 ./Drivers/STM32L4xx_HAL_Driver/Src/stm32l4xx_hal_rcc_ex.o
 .comment       0x0000000000000043       0x44 ./Drivers/STM32L4xx_HAL_Driver/Src/stm32l4xx_hal_spi.o
 .comment       0x0000000000000043       0x44 ./Drivers/STM32L4xx_HAL_Driver/Src/stm32l4xx_hal_uart.o
 .comment       0x0000000000000043       0x44 ./Drivers/STM32L4xx_HAL_Driver/Src/stm32l4xx_hal_uart_ex.o
 .comment       0x0000000000000043       0x44 ./Drivers/STM32L4xx_HAL_Driver/Src/stm32l4xx_ll_usb.o

.debug_info     0x0000000000000000    0x1268a
 .debug_info    0x0000000000000000     0x17fe ./Core/Src/main.o
 .debug_info    0x00000000000017fe     0x1804 ./Core/Src/stm32l4xx_hal_msp.o
 .debug_info    0x0000000000003002      0x113 ./Core/Src/stm32l4xx_it.o
 .debug_info    0x0000000000003115      0x5e9 ./Core/Src/system_stm32l4xx.o
 .debug_info    0x00000000000036fe       0x23 ./Core/Startup/startup_stm32l4r5zitx.o
 .debug_info    0x0000000000003721      0xb49 ./Drivers/STM32L4xx_HAL_Driver/Src/stm32l4xx_hal.o
 .debug_info    0x000000000000426a      0xd64 ./Drivers/STM32L4xx_HAL_Driver/Src/stm32l4xx_hal_cortex.o
 .debug_info    0x0000000000004fce      0x787 ./Drivers/STM32L4xx_HAL_Driver/Src/stm32l4xx_hal_gpio.o
 .debug_info    0x0000000000005755     0x14c8 ./Drivers/STM32L4xx_HAL_Driver/Src/stm32l4xx_hal_pcd.o
 .debug_info    0x0000000000006c1d      0x89e ./Drivers/STM32L4xx_HAL_Driver/Src/stm32l4xx_hal_pcd_ex.o
 .debug_info    0x00000000000074bb      0xa0a ./Drivers/STM32L4xx_HAL_Driver/Src/stm32l4xx_hal_pwr_ex.o
 .debug_info    0x0000000000007ec5      0xd32 ./Drivers/STM32L4xx_HAL_Driver/Src/stm32l4xx_hal_rcc.o
 .debug_info    0x0000000000008bf7     0x1167 ./Drivers/STM32L4xx_HAL_Driver/Src/stm32l4xx_hal_rcc_ex.o
 .debug_info    0x0000000000009d5e     0x172e ./Drivers/STM32L4xx_HAL_Driver/Src/stm32l4xx_hal_spi.o
 .debug_info    0x000000000000b48c     0x4875 ./Drivers/STM32L4xx_HAL_Driver/Src/stm32l4xx_hal_uart.o
 .debug_info    0x000000000000fd01     0x1018 ./Drivers/STM32L4xx_HAL_Driver/Src/stm32l4xx_hal_uart_ex.o
 .debug_info    0x0000000000010d19     0x1971 ./Drivers/STM32L4xx_HAL_Driver/Src/stm32l4xx_ll_usb.o

.debug_abbrev   0x0000000000000000     0x25cf
 .debug_abbrev  0x0000000000000000      0x2db ./Core/Src/main.o
 .debug_abbrev  0x00000000000002db      0x26a ./Core/Src/stm32l4xx_hal_msp.o
 .debug_abbrev  0x0000000000000545       0x73 ./Core/Src/stm32l4xx_it.o
 .debug_abbrev  0x00000000000005b8      0x11a ./Core/Src/system_stm32l4xx.o
 .debug_abbrev  0x00000000000006d2       0x12 ./Core/Startup/startup_stm32l4r5zitx.o
 .debug_abbrev  0x00000000000006e4      0x242 ./Drivers/STM32L4xx_HAL_Driver/Src/stm32l4xx_hal.o
 .debug_abbrev  0x0000000000000926      0x327 ./Drivers/STM32L4xx_HAL_Driver/Src/stm32l4xx_hal_cortex.o
 .debug_abbrev  0x0000000000000c4d      0x1cb ./Drivers/STM32L4xx_HAL_Driver/Src/stm32l4xx_hal_gpio.o
 .debug_abbrev  0x0000000000000e18      0x2cf ./Drivers/STM32L4xx_HAL_Driver/Src/stm32l4xx_hal_pcd.o
 .debug_abbrev  0x00000000000010e7      0x256 ./Drivers/STM32L4xx_HAL_Driver/Src/stm32l4xx_hal_pcd_ex.o
 .debug_abbrev  0x000000000000133d      0x1f9 ./Drivers/STM32L4xx_HAL_Driver/Src/stm32l4xx_hal_pwr_ex.o
 .debug_abbrev  0x0000000000001536      0x306 ./Drivers/STM32L4xx_HAL_Driver/Src/stm32l4xx_hal_rcc.o
 .debug_abbrev  0x000000000000183c      0x2a3 ./Drivers/STM32L4xx_HAL_Driver/Src/stm32l4xx_hal_rcc_ex.o
 .debug_abbrev  0x0000000000001adf      0x267 ./Drivers/STM32L4xx_HAL_Driver/Src/stm32l4xx_hal_spi.o
 .debug_abbrev  0x0000000000001d46      0x304 ./Drivers/STM32L4xx_HAL_Driver/Src/stm32l4xx_hal_uart.o
 .debug_abbrev  0x000000000000204a      0x2d2 ./Drivers/STM32L4xx_HAL_Driver/Src/stm32l4xx_hal_uart_ex.o
 .debug_abbrev  0x000000000000231c      0x2b3 ./Drivers/STM32L4xx_HAL_Driver/Src/stm32l4xx_ll_usb.o

.debug_aranges  0x0000000000000000      0xf10
 .debug_aranges
                0x0000000000000000       0x58 ./Core/Src/main.o
 .debug_aranges
                0x0000000000000058       0x50 ./Core/Src/stm32l4xx_hal_msp.o
 .debug_aranges
                0x00000000000000a8       0x60 ./Core/Src/stm32l4xx_it.o
 .debug_aranges
                0x0000000000000108       0x28 ./Core/Src/system_stm32l4xx.o
 .debug_aranges
                0x0000000000000130       0x28 ./Core/Startup/startup_stm32l4r5zitx.o
 .debug_aranges
                0x0000000000000158      0x130 ./Drivers/STM32L4xx_HAL_Driver/Src/stm32l4xx_hal.o
 .debug_aranges
                0x0000000000000288      0x118 ./Drivers/STM32L4xx_HAL_Driver/Src/stm32l4xx_hal_cortex.o
 .debug_aranges
                0x00000000000003a0       0x58 ./Drivers/STM32L4xx_HAL_Driver/Src/stm32l4xx_hal_gpio.o
 .debug_aranges
                0x00000000000003f8      0x138 ./Drivers/STM32L4xx_HAL_Driver/Src/stm32l4xx_hal_pcd.o
 .debug_aranges
                0x0000000000000530       0x60 ./Drivers/STM32L4xx_HAL_Driver/Src/stm32l4xx_hal_pcd_ex.o
 .debug_aranges
                0x0000000000000590      0x170 ./Drivers/STM32L4xx_HAL_Driver/Src/stm32l4xx_hal_pwr_ex.o
 .debug_aranges
                0x0000000000000700       0x98 ./Drivers/STM32L4xx_HAL_Driver/Src/stm32l4xx_hal_rcc.o
 .debug_aranges
                0x0000000000000798      0x110 ./Drivers/STM32L4xx_HAL_Driver/Src/stm32l4xx_hal_rcc_ex.o
 .debug_aranges
                0x00000000000008a8      0x1d8 ./Drivers/STM32L4xx_HAL_Driver/Src/stm32l4xx_hal_spi.o
 .debug_aranges
                0x0000000000000a80      0x248 ./Drivers/STM32L4xx_HAL_Driver/Src/stm32l4xx_hal_uart.o
 .debug_aranges
                0x0000000000000cc8       0xa8 ./Drivers/STM32L4xx_HAL_Driver/Src/stm32l4xx_hal_uart_ex.o
 .debug_aranges
                0x0000000000000d70      0x1a0 ./Drivers/STM32L4xx_HAL_Driver/Src/stm32l4xx_ll_usb.o

.debug_rnglists
                0x0000000000000000      0xba4
 .debug_rnglists
                0x0000000000000000       0x42 ./Core/Src/main.o
 .debug_rnglists
                0x0000000000000042       0x3a ./Core/Src/stm32l4xx_hal_msp.o
 .debug_rnglists
                0x000000000000007c       0x43 ./Core/Src/stm32l4xx_it.o
 .debug_rnglists
                0x00000000000000bf       0x1a ./Core/Src/system_stm32l4xx.o
 .debug_rnglists
                0x00000000000000d9       0x19 ./Core/Startup/startup_stm32l4r5zitx.o
 .debug_rnglists
                0x00000000000000f2       0xdf ./Drivers/STM32L4xx_HAL_Driver/Src/stm32l4xx_hal.o
 .debug_rnglists
                0x00000000000001d1       0xce ./Drivers/STM32L4xx_HAL_Driver/Src/stm32l4xx_hal_cortex.o
 .debug_rnglists
                0x000000000000029f       0x3f ./Drivers/STM32L4xx_HAL_Driver/Src/stm32l4xx_hal_gpio.o
 .debug_rnglists
                0x00000000000002de       0xed ./Drivers/STM32L4xx_HAL_Driver/Src/stm32l4xx_hal_pcd.o
 .debug_rnglists
                0x00000000000003cb       0x45 ./Drivers/STM32L4xx_HAL_Driver/Src/stm32l4xx_hal_pcd_ex.o
 .debug_rnglists
                0x0000000000000410      0x115 ./Drivers/STM32L4xx_HAL_Driver/Src/stm32l4xx_hal_pwr_ex.o
 .debug_rnglists
                0x0000000000000525       0x74 ./Drivers/STM32L4xx_HAL_Driver/Src/stm32l4xx_hal_rcc.o
 .debug_rnglists
                0x0000000000000599       0xd4 ./Drivers/STM32L4xx_HAL_Driver/Src/stm32l4xx_hal_rcc_ex.o
 .debug_rnglists
                0x000000000000066d      0x178 ./Drivers/STM32L4xx_HAL_Driver/Src/stm32l4xx_hal_spi.o
 .debug_rnglists
                0x00000000000007e5      0x1fa ./Drivers/STM32L4xx_HAL_Driver/Src/stm32l4xx_hal_uart.o
 .debug_rnglists
                0x00000000000009df       0x7f ./Drivers/STM32L4xx_HAL_Driver/Src/stm32l4xx_hal_uart_ex.o
 .debug_rnglists
                0x0000000000000a5e      0x146 ./Drivers/STM32L4xx_HAL_Driver/Src/stm32l4xx_ll_usb.o

.debug_macro    0x0000000000000000    0x2a034
 .debug_macro   0x0000000000000000      0x2da ./Core/Src/main.o
 .debug_macro   0x00000000000002da      0xaa8 ./Core/Src/main.o
 .debug_macro   0x0000000000000d82      0x1ad ./Core/Src/main.o
 .debug_macro   0x0000000000000f2f       0x2e ./Core/Src/main.o
 .debug_macro   0x0000000000000f5d       0x28 ./Core/Src/main.o
 .debug_macro   0x0000000000000f85       0x22 ./Core/Src/main.o
 .debug_macro   0x0000000000000fa7       0x8e ./Core/Src/main.o
 .debug_macro   0x0000000000001035       0x51 ./Core/Src/main.o
 .debug_macro   0x0000000000001086      0x103 ./Core/Src/main.o
 .debug_macro   0x0000000000001189       0x6a ./Core/Src/main.o
 .debug_macro   0x00000000000011f3      0x1df ./Core/Src/main.o
 .debug_macro   0x00000000000013d2       0x1c ./Core/Src/main.o
 .debug_macro   0x00000000000013ee       0x22 ./Core/Src/main.o
 .debug_macro   0x0000000000001410       0xfb ./Core/Src/main.o
 .debug_macro   0x000000000000150b     0x1011 ./Core/Src/main.o
 .debug_macro   0x000000000000251c      0x11f ./Core/Src/main.o
 .debug_macro   0x000000000000263b    0x1cb71 ./Core/Src/main.o
 .debug_macro   0x000000000001f1ac       0x6d ./Core/Src/main.o
 .debug_macro   0x000000000001f219     0x38ed ./Core/Src/main.o
 .debug_macro   0x0000000000022b06      0x174 ./Core/Src/main.o
 .debug_macro   0x0000000000022c7a       0x5c ./Core/Src/main.o
 .debug_macro   0x0000000000022cd6     0x1884 ./Core/Src/main.o
 .debug_macro   0x000000000002455a      0x7dc ./Core/Src/main.o
 .debug_macro   0x0000000000024d36      0x1b9 ./Core/Src/main.o
 .debug_macro   0x0000000000024eef      0x225 ./Core/Src/main.o
 .debug_macro   0x0000000000025114      0x486 ./Core/Src/main.o
 .debug_macro   0x000000000002559a      0x1ce ./Core/Src/main.o
 .debug_macro   0x0000000000025768       0x43 ./Core/Src/main.o
 .debug_macro   0x00000000000257ab      0x23d ./Core/Src/main.o
 .debug_macro   0x00000000000259e8      0x241 ./Core/Src/main.o
 .debug_macro   0x0000000000025c29      0x416 ./Core/Src/main.o
 .debug_macro   0x000000000002603f       0x1c ./Core/Src/main.o
 .debug_macro   0x000000000002605b       0xf2 ./Core/Src/main.o
 .debug_macro   0x000000000002614d      0x209 ./Core/Src/main.o
 .debug_macro   0x0000000000026356       0x97 ./Core/Src/main.o
 .debug_macro   0x00000000000263ed      0x122 ./Core/Src/main.o
 .debug_macro   0x000000000002650f      0x3f6 ./Core/Src/main.o
 .debug_macro   0x0000000000026905      0x2fe ./Core/Src/main.o
 .debug_macro   0x0000000000026c03      0x693 ./Core/Src/main.o
 .debug_macro   0x0000000000027296       0xa6 ./Core/Src/main.o
 .debug_macro   0x000000000002733c      0x432 ./Core/Src/main.o
 .debug_macro   0x000000000002776e       0xd0 ./Core/Src/main.o
 .debug_macro   0x000000000002783e       0x61 ./Core/Src/main.o
 .debug_macro   0x000000000002789f       0x2a ./Core/Src/main.o
 .debug_macro   0x00000000000278c9       0x43 ./Core/Src/main.o
 .debug_macro   0x000000000002790c       0x34 ./Core/Src/main.o
 .debug_macro   0x0000000000027940       0x16 ./Core/Src/main.o
 .debug_macro   0x0000000000027956       0x35 ./Core/Src/main.o
 .debug_macro   0x000000000002798b      0x369 ./Core/Src/main.o
 .debug_macro   0x0000000000027cf4       0x10 ./Core/Src/main.o
 .debug_macro   0x0000000000027d04       0x16 ./Core/Src/main.o
 .debug_macro   0x0000000000027d1a       0x43 ./Core/Src/main.o
 .debug_macro   0x0000000000027d5d       0x34 ./Core/Src/main.o
 .debug_macro   0x0000000000027d91       0x10 ./Core/Src/main.o
 .debug_macro   0x0000000000027da1       0x58 ./Core/Src/main.o
 .debug_macro   0x0000000000027df9       0x8e ./Core/Src/main.o
 .debug_macro   0x0000000000027e87       0x1c ./Core/Src/main.o
 .debug_macro   0x0000000000027ea3      0x177 ./Core/Src/main.o
 .debug_macro   0x000000000002801a       0x16 ./Core/Src/main.o
 .debug_macro   0x0000000000028030       0x16 ./Core/Src/main.o
 .debug_macro   0x0000000000028046      0x147 ./Core/Src/main.o
 .debug_macro   0x000000000002818d      0x202 ./Core/Src/stm32l4xx_hal_msp.o
 .debug_macro   0x000000000002838f      0x20c ./Core/Src/stm32l4xx_it.o
 .debug_macro   0x000000000002859b      0x1f3 ./Core/Src/system_stm32l4xx.o
 .debug_macro   0x000000000002878e      0x241 ./Drivers/STM32L4xx_HAL_Driver/Src/stm32l4xx_hal.o
 .debug_macro   0x00000000000289cf      0x1f3 ./Drivers/STM32L4xx_HAL_Driver/Src/stm32l4xx_hal_cortex.o
 .debug_macro   0x0000000000028bc2      0x1fa ./Drivers/STM32L4xx_HAL_Driver/Src/stm32l4xx_hal_gpio.o
 .debug_macro   0x0000000000028dbc      0x1ff ./Drivers/STM32L4xx_HAL_Driver/Src/stm32l4xx_hal_pcd.o
 .debug_macro   0x0000000000028fbb      0x1f3 ./Drivers/STM32L4xx_HAL_Driver/Src/stm32l4xx_hal_pcd_ex.o
 .debug_macro   0x00000000000291ae      0x21d ./Drivers/STM32L4xx_HAL_Driver/Src/stm32l4xx_hal_pwr_ex.o
 .debug_macro   0x00000000000293cb      0x235 ./Drivers/STM32L4xx_HAL_Driver/Src/stm32l4xx_hal_rcc.o
 .debug_macro   0x0000000000029600      0x229 ./Drivers/STM32L4xx_HAL_Driver/Src/stm32l4xx_hal_rcc_ex.o
 .debug_macro   0x0000000000029829      0x1fb ./Drivers/STM32L4xx_HAL_Driver/Src/stm32l4xx_hal_spi.o
 .debug_macro   0x0000000000029a24      0x21e ./Drivers/STM32L4xx_HAL_Driver/Src/stm32l4xx_hal_uart.o
 .debug_macro   0x0000000000029c42      0x1ff ./Drivers/STM32L4xx_HAL_Driver/Src/stm32l4xx_hal_uart_ex.o
 .debug_macro   0x0000000000029e41      0x1f3 ./Drivers/STM32L4xx_HAL_Driver/Src/stm32l4xx_ll_usb.o

.debug_line     0x0000000000000000    0x12bda
 .debug_line    0x0000000000000000      0xcd7 ./Core/Src/main.o
 .debug_line    0x0000000000000cd7      0x98f ./Core/Src/stm32l4xx_hal_msp.o
 .debug_line    0x0000000000001666      0x8d0 ./Core/Src/stm32l4xx_it.o
 .debug_line    0x0000000000001f36      0x8a5 ./Core/Src/system_stm32l4xx.o
 .debug_line    0x00000000000027db       0x7a ./Core/Startup/startup_stm32l4r5zitx.o
 .debug_line    0x0000000000002855      0xbfd ./Drivers/STM32L4xx_HAL_Driver/Src/stm32l4xx_hal.o
 .debug_line    0x0000000000003452      0xda4 ./Drivers/STM32L4xx_HAL_Driver/Src/stm32l4xx_hal_cortex.o
 .debug_line    0x00000000000041f6      0xc59 ./Drivers/STM32L4xx_HAL_Driver/Src/stm32l4xx_hal_gpio.o
 .debug_line    0x0000000000004e4f     0x140b ./Drivers/STM32L4xx_HAL_Driver/Src/stm32l4xx_hal_pcd.o
 .debug_line    0x000000000000625a      0x9dd ./Drivers/STM32L4xx_HAL_Driver/Src/stm32l4xx_hal_pcd_ex.o
 .debug_line    0x0000000000006c37      0xe6a ./Drivers/STM32L4xx_HAL_Driver/Src/stm32l4xx_hal_pwr_ex.o
 .debug_line    0x0000000000007aa1     0x114e ./Drivers/STM32L4xx_HAL_Driver/Src/stm32l4xx_hal_rcc.o
 .debug_line    0x0000000000008bef     0x1a65 ./Drivers/STM32L4xx_HAL_Driver/Src/stm32l4xx_hal_rcc_ex.o
 .debug_line    0x000000000000a654     0x206a ./Drivers/STM32L4xx_HAL_Driver/Src/stm32l4xx_hal_spi.o
 .debug_line    0x000000000000c6be     0x3c78 ./Drivers/STM32L4xx_HAL_Driver/Src/stm32l4xx_hal_uart.o
 .debug_line    0x0000000000010336      0xe59 ./Drivers/STM32L4xx_HAL_Driver/Src/stm32l4xx_hal_uart_ex.o
 .debug_line    0x000000000001118f     0x1a4b ./Drivers/STM32L4xx_HAL_Driver/Src/stm32l4xx_ll_usb.o

.debug_str      0x0000000000000000   0x1011d6
 .debug_str     0x0000000000000000    0xfcee6 ./Core/Src/main.o
                                      0xfd27b (size before relaxing)
 .debug_str     0x00000000000fcee6      0x35c ./Core/Src/stm32l4xx_hal_msp.o
                                      0xf9bb8 (size before relaxing)
 .debug_str     0x00000000000fd242       0xc9 ./Core/Src/stm32l4xx_it.o
                                      0xf8bac (size before relaxing)
 .debug_str     0x00000000000fd30b       0xf2 ./Core/Src/system_stm32l4xx.o
                                      0xf8a3d (size before relaxing)
 .debug_str     0x00000000000fd3fd       0x34 ./Core/Startup/startup_stm32l4r5zitx.o
                                         0x89 (size before relaxing)
 .debug_str     0x00000000000fd431      0xaac ./Drivers/STM32L4xx_HAL_Driver/Src/stm32l4xx_hal.o
                                      0xf960d (size before relaxing)
 .debug_str     0x00000000000fdedd      0x344 ./Drivers/STM32L4xx_HAL_Driver/Src/stm32l4xx_hal_cortex.o
                                      0xf929c (size before relaxing)
 .debug_str     0x00000000000fe221      0x123 ./Drivers/STM32L4xx_HAL_Driver/Src/stm32l4xx_hal_gpio.o
                                      0xf8bb7 (size before relaxing)
 .debug_str     0x00000000000fe344      0x7e9 ./Drivers/STM32L4xx_HAL_Driver/Src/stm32l4xx_hal_pcd.o
                                      0xf949f (size before relaxing)
 .debug_str     0x00000000000feb2d      0x174 ./Drivers/STM32L4xx_HAL_Driver/Src/stm32l4xx_hal_pcd_ex.o
                                      0xf8e6d (size before relaxing)
 .debug_str     0x00000000000feca1      0x57a ./Drivers/STM32L4xx_HAL_Driver/Src/stm32l4xx_hal_pwr_ex.o
                                      0xf9010 (size before relaxing)
 .debug_str     0x00000000000ff21b      0x3be ./Drivers/STM32L4xx_HAL_Driver/Src/stm32l4xx_hal_rcc.o
                                      0xf90b0 (size before relaxing)
 .debug_str     0x00000000000ff5d9      0x5c5 ./Drivers/STM32L4xx_HAL_Driver/Src/stm32l4xx_hal_rcc_ex.o
                                      0xf9471 (size before relaxing)
 .debug_str     0x00000000000ffb9e      0x5a0 ./Drivers/STM32L4xx_HAL_Driver/Src/stm32l4xx_hal_spi.o
                                      0xf933a (size before relaxing)
 .debug_str     0x000000000010013e      0x9b5 ./Drivers/STM32L4xx_HAL_Driver/Src/stm32l4xx_hal_uart.o
                                      0xf99e1 (size before relaxing)
 .debug_str     0x0000000000100af3      0x26b ./Drivers/STM32L4xx_HAL_Driver/Src/stm32l4xx_hal_uart_ex.o
                                      0xf91f1 (size before relaxing)
 .debug_str     0x0000000000100d5e      0x478 ./Drivers/STM32L4xx_HAL_Driver/Src/stm32l4xx_ll_usb.o
                                      0xf9377 (size before relaxing)

.debug_frame    0x0000000000000000     0x3f54
 .debug_frame   0x0000000000000000       0xfc ./Core/Src/main.o
 .debug_frame   0x00000000000000fc      0x118 ./Core/Src/stm32l4xx_hal_msp.o
 .debug_frame   0x0000000000000214      0x104 ./Core/Src/stm32l4xx_it.o
 .debug_frame   0x0000000000000318       0x58 ./Core/Src/system_stm32l4xx.o
 .debug_frame   0x0000000000000370      0x498 ./Drivers/STM32L4xx_HAL_Driver/Src/stm32l4xx_hal.o
 .debug_frame   0x0000000000000808      0x498 ./Drivers/STM32L4xx_HAL_Driver/Src/stm32l4xx_hal_cortex.o
 .debug_frame   0x0000000000000ca0      0x14c ./Drivers/STM32L4xx_HAL_Driver/Src/stm32l4xx_hal_gpio.o
 .debug_frame   0x0000000000000dec      0x568 ./Drivers/STM32L4xx_HAL_Driver/Src/stm32l4xx_hal_pcd.o
 .debug_frame   0x0000000000001354      0x174 ./Drivers/STM32L4xx_HAL_Driver/Src/stm32l4xx_hal_pcd_ex.o
 .debug_frame   0x00000000000014c8      0x5c4 ./Drivers/STM32L4xx_HAL_Driver/Src/stm32l4xx_hal_pwr_ex.o
 .debug_frame   0x0000000000001a8c      0x248 ./Drivers/STM32L4xx_HAL_Driver/Src/stm32l4xx_hal_rcc.o
 .debug_frame   0x0000000000001cd4      0x464 ./Drivers/STM32L4xx_HAL_Driver/Src/stm32l4xx_hal_rcc_ex.o
 .debug_frame   0x0000000000002138      0x860 ./Drivers/STM32L4xx_HAL_Driver/Src/stm32l4xx_hal_spi.o
 .debug_frame   0x0000000000002998      0xa94 ./Drivers/STM32L4xx_HAL_Driver/Src/stm32l4xx_hal_uart.o
 .debug_frame   0x000000000000342c      0x2c0 ./Drivers/STM32L4xx_HAL_Driver/Src/stm32l4xx_hal_uart_ex.o
 .debug_frame   0x00000000000036ec      0x7bc ./Drivers/STM32L4xx_HAL_Driver/Src/stm32l4xx_ll_usb.o
 .debug_frame   0x0000000000003ea8       0x20 C:/Users/gligmi2/OneDrive - Faurecia/Documents/Programs/STM32IDE/STM32CubeIDE_1.14.0/STM32CubeIDE/plugins/com.st.stm32cube.ide.mcu.externaltools.gnu-tools-for-stm32.11.3.rel1.win32_1.1.100.202309141235/tools/bin/../lib/gcc/arm-none-eabi/11.3.1/../../../../arm-none-eabi/lib/thumb/v7e-m+fp/hard\libc_nano.a(libc_a-memset.o)
 .debug_frame   0x0000000000003ec8       0x2c C:/Users/gligmi2/OneDrive - Faurecia/Documents/Programs/STM32IDE/STM32CubeIDE_1.14.0/STM32CubeIDE/plugins/com.st.stm32cube.ide.mcu.externaltools.gnu-tools-for-stm32.11.3.rel1.win32_1.1.100.202309141235/tools/bin/../lib/gcc/arm-none-eabi/11.3.1/../../../../arm-none-eabi/lib/thumb/v7e-m+fp/hard\libc_nano.a(libc_a-init.o)
 .debug_frame   0x0000000000003ef4       0x2c C:/Users/gligmi2/OneDrive - Faurecia/Documents/Programs/STM32IDE/STM32CubeIDE_1.14.0/STM32CubeIDE/plugins/com.st.stm32cube.ide.mcu.externaltools.gnu-tools-for-stm32.11.3.rel1.win32_1.1.100.202309141235/tools/bin/../lib/gcc/arm-none-eabi/11.3.1/thumb/v7e-m+fp/hard\libgcc.a(_aeabi_uldivmod.o)
 .debug_frame   0x0000000000003f20       0x34 C:/Users/gligmi2/OneDrive - Faurecia/Documents/Programs/STM32IDE/STM32CubeIDE_1.14.0/STM32CubeIDE/plugins/com.st.stm32cube.ide.mcu.externaltools.gnu-tools-for-stm32.11.3.rel1.win32_1.1.100.202309141235/tools/bin/../lib/gcc/arm-none-eabi/11.3.1/thumb/v7e-m+fp/hard\libgcc.a(_udivmoddi4.o)

.debug_line_str
                0x0000000000000000       0x7d
 .debug_line_str
                0x0000000000000000       0x7d ./Core/Startup/startup_stm32l4r5zitx.o
                                         0x95 (size before relaxing)
