Archive member included to satisfy reference by file (symbol)

C:/Users/gligmi2/OneDrive - Faurecia/Documents/Programs/STM32IDE/STM32CubeIDE_1.14.0/STM32CubeIDE/plugins/com.st.stm32cube.ide.mcu.externaltools.gnu-tools-for-stm32.11.3.rel1.win32_1.1.100.202309141235/tools/bin/../lib/gcc/arm-none-eabi/11.3.1/../../../../arm-none-eabi/lib/thumb/v7e-m+fp/hard\libc_nano.a(libc_a-exit.o)
                              C:/Users/gligmi2/OneDrive - Faurecia/Documents/Programs/STM32IDE/STM32CubeIDE_1.14.0/STM32CubeIDE/plugins/com.st.stm32cube.ide.mcu.externaltools.gnu-tools-for-stm32.11.3.rel1.win32_1.1.100.202309141235/tools/bin/../lib/gcc/arm-none-eabi/11.3.1/../../../../arm-none-eabi/lib/thumb/v7e-m+fp/hard/crt0.o (exit)
C:/Users/gligmi2/OneDrive - Faurecia/Documents/Programs/STM32IDE/STM32CubeIDE_1.14.0/STM32CubeIDE/plugins/com.st.stm32cube.ide.mcu.externaltools.gnu-tools-for-stm32.11.3.rel1.win32_1.1.100.202309141235/tools/bin/../lib/gcc/arm-none-eabi/11.3.1/../../../../arm-none-eabi/lib/thumb/v7e-m+fp/hard\libc_nano.a(libc_a-findfp.o)
                              C:/Users/gligmi2/OneDrive - Faurecia/Documents/Programs/STM32IDE/STM32CubeIDE_1.14.0/STM32CubeIDE/plugins/com.st.stm32cube.ide.mcu.externaltools.gnu-tools-for-stm32.11.3.rel1.win32_1.1.100.202309141235/tools/bin/../lib/gcc/arm-none-eabi/11.3.1/../../../../arm-none-eabi/lib/thumb/v7e-m+fp/hard\libc_nano.a(libc_a-exit.o) (__stdio_exit_handler)
C:/Users/gligmi2/OneDrive - Faurecia/Documents/Programs/STM32IDE/STM32CubeIDE_1.14.0/STM32CubeIDE/plugins/com.st.stm32cube.ide.mcu.externaltools.gnu-tools-for-stm32.11.3.rel1.win32_1.1.100.202309141235/tools/bin/../lib/gcc/arm-none-eabi/11.3.1/../../../../arm-none-eabi/lib/thumb/v7e-m+fp/hard\libc_nano.a(libc_a-fwalk.o)
                              C:/Users/gligmi2/OneDrive - Faurecia/Documents/Programs/STM32IDE/STM32CubeIDE_1.14.0/STM32CubeIDE/plugins/com.st.stm32cube.ide.mcu.externaltools.gnu-tools-for-stm32.11.3.rel1.win32_1.1.100.202309141235/tools/bin/../lib/gcc/arm-none-eabi/11.3.1/../../../../arm-none-eabi/lib/thumb/v7e-m+fp/hard\libc_nano.a(libc_a-findfp.o) (_fwalk_sglue)
C:/Users/gligmi2/OneDrive - Faurecia/Documents/Programs/STM32IDE/STM32CubeIDE_1.14.0/STM32CubeIDE/plugins/com.st.stm32cube.ide.mcu.externaltools.gnu-tools-for-stm32.11.3.rel1.win32_1.1.100.202309141235/tools/bin/../lib/gcc/arm-none-eabi/11.3.1/../../../../arm-none-eabi/lib/thumb/v7e-m+fp/hard\libc_nano.a(libc_a-stdio.o)
                              C:/Users/gligmi2/OneDrive - Faurecia/Documents/Programs/STM32IDE/STM32CubeIDE_1.14.0/STM32CubeIDE/plugins/com.st.stm32cube.ide.mcu.externaltools.gnu-tools-for-stm32.11.3.rel1.win32_1.1.100.202309141235/tools/bin/../lib/gcc/arm-none-eabi/11.3.1/../../../../arm-none-eabi/lib/thumb/v7e-m+fp/hard\libc_nano.a(libc_a-findfp.o) (__sread)
C:/Users/gligmi2/OneDrive - Faurecia/Documents/Programs/STM32IDE/STM32CubeIDE_1.14.0/STM32CubeIDE/plugins/com.st.stm32cube.ide.mcu.externaltools.gnu-tools-for-stm32.11.3.rel1.win32_1.1.100.202309141235/tools/bin/../lib/gcc/arm-none-eabi/11.3.1/../../../../arm-none-eabi/lib/thumb/v7e-m+fp/hard\libc_nano.a(libc_a-memset.o)
                              C:/Users/gligmi2/OneDrive - Faurecia/Documents/Programs/STM32IDE/STM32CubeIDE_1.14.0/STM32CubeIDE/plugins/com.st.stm32cube.ide.mcu.externaltools.gnu-tools-for-stm32.11.3.rel1.win32_1.1.100.202309141235/tools/bin/../lib/gcc/arm-none-eabi/11.3.1/../../../../arm-none-eabi/lib/thumb/v7e-m+fp/hard/crt0.o (memset)
C:/Users/gligmi2/OneDrive - Faurecia/Documents/Programs/STM32IDE/STM32CubeIDE_1.14.0/STM32CubeIDE/plugins/com.st.stm32cube.ide.mcu.externaltools.gnu-tools-for-stm32.11.3.rel1.win32_1.1.100.202309141235/tools/bin/../lib/gcc/arm-none-eabi/11.3.1/../../../../arm-none-eabi/lib/thumb/v7e-m+fp/hard\libc_nano.a(libc_a-closer.o)
                              C:/Users/gligmi2/OneDrive - Faurecia/Documents/Programs/STM32IDE/STM32CubeIDE_1.14.0/STM32CubeIDE/plugins/com.st.stm32cube.ide.mcu.externaltools.gnu-tools-for-stm32.11.3.rel1.win32_1.1.100.202309141235/tools/bin/../lib/gcc/arm-none-eabi/11.3.1/../../../../arm-none-eabi/lib/thumb/v7e-m+fp/hard\libc_nano.a(libc_a-stdio.o) (_close_r)
C:/Users/gligmi2/OneDrive - Faurecia/Documents/Programs/STM32IDE/STM32CubeIDE_1.14.0/STM32CubeIDE/plugins/com.st.stm32cube.ide.mcu.externaltools.gnu-tools-for-stm32.11.3.rel1.win32_1.1.100.202309141235/tools/bin/../lib/gcc/arm-none-eabi/11.3.1/../../../../arm-none-eabi/lib/thumb/v7e-m+fp/hard\libc_nano.a(libc_a-reent.o)
                              C:/Users/gligmi2/OneDrive - Faurecia/Documents/Programs/STM32IDE/STM32CubeIDE_1.14.0/STM32CubeIDE/plugins/com.st.stm32cube.ide.mcu.externaltools.gnu-tools-for-stm32.11.3.rel1.win32_1.1.100.202309141235/tools/bin/../lib/gcc/arm-none-eabi/11.3.1/../../../../arm-none-eabi/lib/thumb/v7e-m+fp/hard\libc_nano.a(libc_a-closer.o) (errno)
[...]
Memory Configuration

Name             Origin             Length             Attributes
RAM              0x0000000020000000 0x00000000000a0000 xrw
RAM2             0x0000000010000000 0x0000000000010000 xrw
RAM3             0x0000000020040000 0x0000000000060000 xrw
FLASH            0x0000000008000000 0x0000000000200000 xr
*default*        0x0000000000000000 0xffffffffffffffff

Linker script and memory map

LOAD C:/Users/gligmi2/OneDrive - Faurecia/Documents/Programs/STM32IDE/STM32CubeIDE_1.14.0/STM32CubeIDE/plugins/com.st.stm32cube.ide.mcu.externaltools.gnu-tools-for-stm32.11.3.rel1.win32_1.1.100.202309141235/tools/bin/../lib/gcc/arm-none-eabi/11.3.1/thumb/v7e-m+fp/hard/crti.o
LOAD C:/Users/gligmi2/OneDrive - Faurecia/Documents/Programs/STM32IDE/STM32CubeIDE_1.14.0/STM32CubeIDE/plugins/com.st.stm32cube.ide.mcu.externaltools.gnu-tools-for-stm32.11.3.rel1.win32_1.1.100.202309141235/tools/bin/../lib/gcc/arm-none-eabi/11.3.1/thumb/v7e-m+fp/hard/crtbegin.o
LOAD C:/Users/gligmi2/OneDrive - Faurecia/Documents/Programs/STM32IDE/STM32CubeIDE_1.14.0/STM32CubeIDE/plugins/com.st.stm32cube.ide.mcu.externaltools.gnu-tools-for-stm32.11.3.rel1.win32_1.1.100.202309141235/tools/bin/../lib/gcc/arm-none-eabi/11.3.1/../../../../arm-none-eabi/lib/thumb/v7e-m+fp/hard/crt0.o
LOAD ./Core/Src/main.o
LOAD ./Core/Src/stm32l4xx_hal_msp.o
LOAD ./Core/Src/stm32l4xx_it.o
LOAD ./Core/Src/syscalls.o
LOAD ./Core/Src/sysmem.o
LOAD ./Core/Src/system_stm32l4xx.o
LOAD ./Core/Startup/startup_stm32l4r5zitx.o
LOAD ./Drivers/STM32L4xx_HAL_Driver/Src/stm32l4xx_hal.o
LOAD ./Drivers/STM32L4xx_HAL_Driver/Src/stm32l4xx_hal_adc.o
LOAD ./Drivers/STM32L4xx_HAL_Driver/Src/stm32l4xx_hal_adc_ex.o
LOAD ./Drivers/STM32L4xx_HAL_Driver/Src/stm32l4xx_hal_cortex.o
LOAD ./Drivers/STM32L4xx_HAL_Driver/Src/stm32l4xx_hal_dma.o
LOAD ./Drivers/STM32L4xx_HAL_Driver/Src/stm32l4xx_hal_dma_ex.o
LOAD ./Drivers/STM32L4xx_HAL_Driver/Src/stm32l4xx_hal_exti.o
LOAD ./Drivers/STM32L4xx_HAL_Driver/Src/stm32l4xx_hal_flash.o
LOAD ./Drivers/STM32L4xx_HAL_Driver/Src/stm32l4xx_hal_flash_ex.o
LOAD ./Drivers/STM32L4xx_HAL_Driver/Src/stm32l4xx_hal_flash_ramfunc.o
LOAD ./Drivers/STM32L4xx_HAL_Driver/Src/stm32l4xx_hal_gpio.o
LOAD ./Drivers/STM32L4xx_HAL_Driver/Src/stm32l4xx_hal_i2c.o
LOAD ./Drivers/STM32L4xx_HAL_Driver/Src/stm32l4xx_hal_i2c_ex.o
LOAD ./Drivers/STM32L4xx_HAL_Driver/Src/stm32l4xx_hal_pwr.o
LOAD ./Drivers/STM32L4xx_HAL_Driver/Src/stm32l4xx_hal_pwr_ex.o
LOAD ./Drivers/STM32L4xx_HAL_Driver/Src/stm32l4xx_hal_rcc.o
LOAD ./Drivers/STM32L4xx_HAL_Driver/Src/stm32l4xx_hal_rcc_ex.o
LOAD ./Drivers/STM32L4xx_HAL_Driver/Src/stm32l4xx_hal_tim.o
LOAD ./Drivers/STM32L4xx_HAL_Driver/Src/stm32l4xx_hal_tim_ex.o
START GROUP
LOAD C:/Users/gligmi2/OneDrive - Faurecia/Documents/Programs/STM32IDE/STM32CubeIDE_1.14.0/STM32CubeIDE/plugins/com.st.stm32cube.ide.mcu.externaltools.gnu-tools-for-stm32.11.3.rel1.win32_1.1.100.202309141235/tools/bin/../lib/gcc/arm-none-eabi/11.3.1/../../../../arm-none-eabi/lib/thumb/v7e-m+fp/hard\libc_nano.a
LOAD C:/Users/gligmi2/OneDrive - Faurecia/Documents/Programs/STM32IDE/STM32CubeIDE_1.14.0/STM32CubeIDE/plugins/com.st.stm32cube.ide.mcu.externaltools.gnu-tools-for-stm32.11.3.rel1.win32_1.1.100.202309141235/tools/bin/../lib/gcc/arm-none-eabi/11.3.1/../../../../arm-none-eabi/lib/thumb/v7e-m+fp/hard\libm.a
END GROUP
START GROUP
LOAD C:/Users/gligmi2/OneDrive - Faurecia/Documents/Programs/STM32IDE/STM32CubeIDE_1.14.0/STM32CubeIDE/plugins/com.st.stm32cube.ide.mcu.externaltools.gnu-tools-for-stm32.11.3.rel1.win32_1.1.100.202309141235/tools/bin/../lib/gcc/arm-none-eabi/11.3.1/thumb/v7e-m+fp/hard\libgcc.a
LOAD C:/Users/gligmi2/OneDrive - Faurecia/Documents/Programs/STM32IDE/STM32CubeIDE_1.14.0/STM32CubeIDE/plugins/com.st.stm32cube.ide.mcu.externaltools.gnu-tools-for-stm32.11.3.rel1.win32_1.1.100.202309141235/tools/bin/../lib/gcc/arm-none-eabi/11.3.1/../../../../arm-none-eabi/lib/thumb/v7e-m+fp/hard\libc_nano.a
END GROUP
START GROUP
LOAD C:/Users/gligmi2/OneDrive - Faurecia/Documents/Programs/STM32IDE/STM32CubeIDE_1.14.0/STM32CubeIDE/plugins/com.st.stm32cube.ide.mcu.externaltools.gnu-tools-for-stm32.11.3.rel1.win32_1.1.100.202309141235/tools/bin/../lib/gcc/arm-none-eabi/11.3.1/thumb/v7e-m+fp/hard\libgcc.a
LOAD C:/Users/gligmi2/OneDrive - Faurecia/Documents/Programs/STM32IDE/STM32CubeIDE_1.14.0/STM32CubeIDE/plugins/com.st.stm32cube.ide.mcu.externaltools.gnu-tools-for-stm32.11.3.rel1.win32_1.1.100.202309141235/tools/bin/../lib/gcc/arm-none-eabi/11.3.1/../../../../arm-none-eabi/lib/thumb/v7e-m+fp/hard\libc_nano.a
LOAD C:/Users/gligmi2/OneDrive - Faurecia/Documents/Programs/STM32IDE/STM32CubeIDE_1.14.0/STM32CubeIDE/plugins/com.st.stm32cube.ide.mcu.externaltools.gnu-tools-for-stm32.11.3.rel1.win32_1.1.100.202309141235/tools/bin/../lib/gcc/arm-none-eabi/11.3.1/../../../../arm-none-eabi/lib/thumb/v7e-m+fp/hard\libnosys.a
END GROUP
START GROUP
LOAD C:/Users/gligmi2/OneDrive - Faurecia/Documents/Programs/STM32IDE/STM32CubeIDE_1.14.0/STM32CubeIDE/plugins/com.st.stm32cube.ide.mcu.externaltools.gnu-tools-for-stm32.11.3.rel1.win32_1.1.100.202309141235/tools/bin/../lib/gcc/arm-none-eabi/11.3.1/thumb/v7e-m+fp/hard\libgcc.a
LOAD C:/Users/gligmi2/OneDrive - Faurecia/Documents/Programs/STM32IDE/STM32CubeIDE_1.14.0/STM32CubeIDE/plugins/com.st.stm32cube.ide.mcu.externaltools.gnu-tools-for-stm32.11.3.rel1.win32_1.1.100.202309141235/tools/bin/../lib/gcc/arm-none-eabi/11.3.1/../../../../arm-none-eabi/lib/thumb/v7e-m+fp/hard\libc_nano.a
LOAD C:/Users/gligmi2/OneDrive - Faurecia/Documents/Programs/STM32IDE/STM32CubeIDE_1.14.0/STM32CubeIDE/plugins/com.st.stm32cube.ide.mcu.externaltools.gnu-tools-for-stm32.11.3.rel1.win32_1.1.100.202309141235/tools/bin/../lib/gcc/arm-none-eabi/11.3.1/../../../../arm-none-eabi/lib/thumb/v7e-m+fp/hard\libnosys.a
END GROUP
LOAD C:/Users/gligmi2/OneDrive - Faurecia/Documents/Programs/STM32IDE/STM32CubeIDE_1.14.0/STM32CubeIDE/plugins/com.st.stm32cube.ide.mcu.externaltools.gnu-tools-for-stm32.11.3.rel1.win32_1.1.100.202309141235/tools/bin/../lib/gcc/arm-none-eabi/11.3.1/thumb/v7e-m+fp/hard/crtend.o
LOAD C:/Users/gligmi2/OneDrive - Faurecia/Documents/Programs/STM32IDE/STM32CubeIDE_1.14.0/STM32CubeIDE/plugins/com.st.stm32cube.ide.mcu.externaltools.gnu-tools-for-stm32.11.3.rel1.win32_1.1.100.202309141235/tools/bin/../lib/gcc/arm-none-eabi/11.3.1/thumb/v7e-m+fp/hard/crtn.o
                0x00000000200a0000                _estack = (ORIGIN (RAM) + LENGTH (RAM))
                0x0000000000000200                _Min_Heap_Size = 0x200
                0x0000000000000400                _Min_Stack_Size = 0x400

.isr_vector     0x0000000008000000      0x1bc
                0x0000000008000000                . = ALIGN (0x4)
 *(.isr_vector)
 .isr_vector    0x0000000008000000      0x1bc ./Core/Startup/startup_stm32l4r5zitx.o
                0x0000000008000000                g_pfnVectors
                0x00000000080001bc                . = ALIGN (0x4)

.text           0x00000000080001bc     0x4080
                0x00000000080001bc                . = ALIGN (0x4)
 *(.text)
 .text          0x00000000080001bc       0x40 C:/Users/gligmi2/OneDrive - Faurecia/Documents/Programs/STM32IDE/STM32CubeIDE_1.14.0/STM32CubeIDE/plugins/com.st.stm32cube.ide.mcu.externaltools.gnu-tools-for-stm32.11.3.rel1.win32_1.1.100.202309141235/tools/bin/../lib/gcc/arm-none-eabi/11.3.1/thumb/v7e-m+fp/hard/crtbegin.o
 *(.text*)
 .text.main     0x00000000080001fc       0x5c ./Core/Src/main.o
                0x00000000080001fc                main
 .text.SystemClock_Config
                0x0000000008000258       0xa4 ./Core/Src/main.o
                0x0000000008000258                SystemClock_Config
 .text.MX_ADC1_Init
                0x00000000080002fc       0xc8 ./Core/Src/main.o
 .text.MX_TIM3_Init
                0x00000000080003c4       0xa0 ./Core/Src/main.o
 .text.MX_GPIO_Init
                0x0000000008000464       0xec ./Core/Src/main.o
 .text.SPI_init_device1
                0x0000000008000550       0x24 ./Core/Src/main.o
                0x0000000008000550                SPI_init_device1
 .text.SPI_stop_device1
                0x0000000008000574       0x34 ./Core/Src/main.o
                0x0000000008000574                SPI_stop_device1
 .text.SPI_init_device2
                0x00000000080005a8       0x24 ./Core/Src/main.o
                0x00000000080005a8                SPI_init_device2
 .text.SPI_stop_device2
                0x00000000080005cc       0x34 ./Core/Src/main.o
                0x00000000080005cc                SPI_stop_device2
 .text.SPI_init
                0x0000000008000600       0x22 ./Core/Src/main.o
                0x0000000008000600                SPI_init
 .text.SPI_stop
                0x0000000008000622       0x22 ./Core/Src/main.o
                0x0000000008000622                SPI_stop
 .text.SPI_writeBit
                0x0000000008000644       0x54 ./Core/Src/main.o
                0x0000000008000644                SPI_writeBit
 .text.SPI_writeWord
                0x0000000008000698       0x4c ./Core/Src/main.o
                0x0000000008000698                SPI_writeWord
 .text.SPI_writeData
                0x00000000080006e4       0x48 ./Core/Src/main.o
                0x00000000080006e4                SPI_writeData
 .text.SPI_draw
                0x000000000800072c       0x54 ./Core/Src/main.o
                0x000000000800072c                SPI_draw
 .text.numberSelect
                0x0000000008000780       0xa0 ./Core/Src/main.o
                0x0000000008000780                numberSelect
 .text.HAL_TIM_PeriodElapsedCallback
                0x0000000008000820       0x68 ./Core/Src/main.o
                0x0000000008000820                HAL_TIM_PeriodElapsedCallback
 .text.SPI_draw_numbers
                0x0000000008000888       0x84 ./Core/Src/main.o
                0x0000000008000888                SPI_draw_numbers
 .text.Error_Handler
                0x000000000800090c        0xa ./Core/Src/main.o
                0x000000000800090c                Error_Handler
 *fill*         0x0000000008000916        0x2 
 .text.HAL_MspInit
                0x0000000008000918       0x48 ./Core/Src/stm32l4xx_hal_msp.o
                0x0000000008000918                HAL_MspInit
 .text.HAL_ADC_MspInit
                0x0000000008000960       0xd0 ./Core/Src/stm32l4xx_hal_msp.o
                0x0000000008000960                HAL_ADC_MspInit
 .text.HAL_TIM_Base_MspInit
                0x0000000008000a30       0x4c ./Core/Src/stm32l4xx_hal_msp.o
                0x0000000008000a30                HAL_TIM_Base_MspInit
 .text.NMI_Handler
                0x0000000008000a7c        0x6 ./Core/Src/stm32l4xx_it.o
                0x0000000008000a7c                NMI_Handler
 .text.HardFault_Handler
                0x0000000008000a82        0x6 ./Core/Src/stm32l4xx_it.o
                0x0000000008000a82                HardFault_Handler
 .text.MemManage_Handler
                0x0000000008000a88        0x6 ./Core/Src/stm32l4xx_it.o
                0x0000000008000a88                MemManage_Handler
 .text.BusFault_Handler
                0x0000000008000a8e        0x6 ./Core/Src/stm32l4xx_it.o
                0x0000000008000a8e                BusFault_Handler
 .text.UsageFault_Handler
                0x0000000008000a94        0x6 ./Core/Src/stm32l4xx_it.o
                0x0000000008000a94                UsageFault_Handler
 .text.SVC_Handler
                0x0000000008000a9a        0xe ./Core/Src/stm32l4xx_it.o
                0x0000000008000a9a                SVC_Handler
 .text.DebugMon_Handler
                0x0000000008000aa8        0xe ./Core/Src/stm32l4xx_it.o
                0x0000000008000aa8                DebugMon_Handler
 .text.PendSV_Handler
                0x0000000008000ab6        0xe ./Core/Src/stm32l4xx_it.o
                0x0000000008000ab6                PendSV_Handler
 .text.SysTick_Handler
                0x0000000008000ac4        0xc ./Core/Src/stm32l4xx_it.o
                0x0000000008000ac4                SysTick_Handler
 .text.TIM3_IRQHandler
                0x0000000008000ad0       0x14 ./Core/Src/stm32l4xx_it.o
                0x0000000008000ad0                TIM3_IRQHandler
 .text.SystemInit
                0x0000000008000ae4       0x24 ./Core/Src/system_stm32l4xx.o
                0x0000000008000ae4                SystemInit
 .text.Reset_Handler
                0x0000000008000b08       0x50 ./Core/Startup/startup_stm32l4r5zitx.o
                0x0000000008000b08                Reset_Handler
 .text.Default_Handler
                0x0000000008000b58        0x2 ./Core/Startup/startup_stm32l4r5zitx.o
                0x0000000008000b58                RTC_Alarm_IRQHandler
                0x0000000008000b58                EXTI2_IRQHandler
                0x0000000008000b58                TIM8_TRG_COM_IRQHandler
                0x0000000008000b58                TIM8_CC_IRQHandler
                0x0000000008000b58                TIM1_CC_IRQHandler
                0x0000000008000b58                TSC_IRQHandler
                0x0000000008000b58                TAMP_STAMP_IRQHandler
                0x0000000008000b58                EXTI3_IRQHandler
                0x0000000008000b58                LPTIM2_IRQHandler
                0x0000000008000b58                DFSDM1_FLT1_IRQHandler
                0x0000000008000b58                GFXMMU_IRQHandler
                0x0000000008000b58                I2C3_ER_IRQHandler
                0x0000000008000b58                DFSDM1_FLT2_IRQHandler
                0x0000000008000b58                EXTI0_IRQHandler
                0x0000000008000b58                I2C2_EV_IRQHandler
                0x0000000008000b58                CAN1_RX0_IRQHandler
                0x0000000008000b58                FPU_IRQHandler
                0x0000000008000b58                TIM1_UP_TIM16_IRQHandler
                0x0000000008000b58                LTDC_ER_IRQHandler
                0x0000000008000b58                SPI1_IRQHandler
                0x0000000008000b58                OCTOSPI1_IRQHandler
                0x0000000008000b58                TIM6_DAC_IRQHandler
                0x0000000008000b58                DCMI_IRQHandler
                0x0000000008000b58                TIM8_UP_IRQHandler
                0x0000000008000b58                OCTOSPI2_IRQHandler
                0x0000000008000b58                DMA2_Channel2_IRQHandler
                0x0000000008000b58                DMA1_Channel4_IRQHandler
                0x0000000008000b58                SAI2_IRQHandler
                0x0000000008000b58                ADC1_IRQHandler
                0x0000000008000b58                DFSDM1_FLT3_IRQHandler
                0x0000000008000b58                USART3_IRQHandler
                0x0000000008000b58                DMA1_Channel7_IRQHandler
                0x0000000008000b58                CAN1_RX1_IRQHandler
                0x0000000008000b58                UART5_IRQHandler
                0x0000000008000b58                TIM4_IRQHandler
                0x0000000008000b58                DMA2_Channel1_IRQHandler
                0x0000000008000b58                I2C1_EV_IRQHandler
                0x0000000008000b58                DMAMUX1_OVR_IRQHandler
                0x0000000008000b58                DMA1_Channel6_IRQHandler
                0x0000000008000b58                UART4_IRQHandler
                0x0000000008000b58                DMA2_Channel4_IRQHandler
                0x0000000008000b58                RCC_IRQHandler
                0x0000000008000b58                DMA1_Channel1_IRQHandler
                0x0000000008000b58                Default_Handler
                0x0000000008000b58                DMA2_Channel7_IRQHandler
                0x0000000008000b58                EXTI15_10_IRQHandler
                0x0000000008000b58                TIM7_IRQHandler
                0x0000000008000b58                SDMMC1_IRQHandler
                0x0000000008000b58                TIM5_IRQHandler
                0x0000000008000b58                I2C3_EV_IRQHandler
                0x0000000008000b58                EXTI9_5_IRQHandler
                0x0000000008000b58                RTC_WKUP_IRQHandler
                0x0000000008000b58                LTDC_IRQHandler
                0x0000000008000b58                PVD_PVM_IRQHandler
                0x0000000008000b58                SPI2_IRQHandler
                0x0000000008000b58                CAN1_TX_IRQHandler
                0x0000000008000b58                DMA2_Channel5_IRQHandler
                0x0000000008000b58                CRS_IRQHandler
                0x0000000008000b58                DMA1_Channel5_IRQHandler
                0x0000000008000b58                EXTI4_IRQHandler
                0x0000000008000b58                RNG_IRQHandler
                0x0000000008000b58                TIM1_TRG_COM_TIM17_IRQHandler
                0x0000000008000b58                DMA1_Channel3_IRQHandler
                0x0000000008000b58                COMP_IRQHandler
                0x0000000008000b58                WWDG_IRQHandler
                0x0000000008000b58                I2C4_EV_IRQHandler
                0x0000000008000b58                LPUART1_IRQHandler
                0x0000000008000b58                DMA2_Channel6_IRQHandler
                0x0000000008000b58                TIM2_IRQHandler
                0x0000000008000b58                DMA2D_IRQHandler
                0x0000000008000b58                EXTI1_IRQHandler
                0x0000000008000b58                USART2_IRQHandler
                0x0000000008000b58                DFSDM1_FLT0_IRQHandler
                0x0000000008000b58                I2C2_ER_IRQHandler
                0x0000000008000b58                DMA1_Channel2_IRQHandler
                0x0000000008000b58                TIM8_BRK_IRQHandler
                0x0000000008000b58                CAN1_SCE_IRQHandler
                0x0000000008000b58                FLASH_IRQHandler
                0x0000000008000b58                USART1_IRQHandler
                0x0000000008000b58                OTG_FS_IRQHandler
                0x0000000008000b58                SPI3_IRQHandler
                0x0000000008000b58                I2C1_ER_IRQHandler
                0x0000000008000b58                FMC_IRQHandler
                0x0000000008000b58                LPTIM1_IRQHandler
                0x0000000008000b58                I2C4_ER_IRQHandler
                0x0000000008000b58                SAI1_IRQHandler
                0x0000000008000b58                DMA2_Channel3_IRQHandler
                0x0000000008000b58                TIM1_BRK_TIM15_IRQHandler
 .text.HAL_Init
                0x0000000008000b5a       0x30 ./Drivers/STM32L4xx_HAL_Driver/Src/stm32l4xx_hal.o
                0x0000000008000b5a                HAL_Init
 *fill*         0x0000000008000b8a        0x2 
 .text.HAL_InitTick
                0x0000000008000b8c       0x78 ./Drivers/STM32L4xx_HAL_Driver/Src/stm32l4xx_hal.o
                0x0000000008000b8c                HAL_InitTick
 .text.HAL_IncTick
                0x0000000008000c04       0x28 ./Drivers/STM32L4xx_HAL_Driver/Src/stm32l4xx_hal.o
                0x0000000008000c04                HAL_IncTick
 .text.HAL_GetTick
                0x0000000008000c2c       0x18 ./Drivers/STM32L4xx_HAL_Driver/Src/stm32l4xx_hal.o
                0x0000000008000c2c                HAL_GetTick
 .text.HAL_Delay
                0x0000000008000c44       0x48 ./Drivers/STM32L4xx_HAL_Driver/Src/stm32l4xx_hal.o
                0x0000000008000c44                HAL_Delay
 .text.LL_ADC_SetCommonClock
                0x0000000008000c8c       0x26 ./Drivers/STM32L4xx_HAL_Driver/Src/stm32l4xx_hal_adc.o
 .text.LL_ADC_SetCommonPathInternalCh
                0x0000000008000cb2       0x26 ./Drivers/STM32L4xx_HAL_Driver/Src/stm32l4xx_hal_adc.o
 .text.LL_ADC_GetCommonPathInternalCh
                0x0000000008000cd8       0x1c ./Drivers/STM32L4xx_HAL_Driver/Src/stm32l4xx_hal_adc.o
 .text.LL_ADC_SetOffset
                0x0000000008000cf4       0x48 ./Drivers/STM32L4xx_HAL_Driver/Src/stm32l4xx_hal_adc.o
 .text.LL_ADC_GetOffsetChannel
                0x0000000008000d3c       0x2c ./Drivers/STM32L4xx_HAL_Driver/Src/stm32l4xx_hal_adc.o
 .text.LL_ADC_SetOffsetState
                0x0000000008000d68       0x36 ./Drivers/STM32L4xx_HAL_Driver/Src/stm32l4xx_hal_adc.o
 .text.LL_ADC_SetSamplingTimeCommonConfig
                0x0000000008000d9e       0x26 ./Drivers/STM32L4xx_HAL_Driver/Src/stm32l4xx_hal_adc.o
 .text.LL_ADC_REG_SetSequencerRanks
                0x0000000008000dc4       0x58 ./Drivers/STM32L4xx_HAL_Driver/Src/stm32l4xx_hal_adc.o
 .text.LL_ADC_SetChannelSamplingTime
                0x0000000008000e1c       0x56 ./Drivers/STM32L4xx_HAL_Driver/Src/stm32l4xx_hal_adc.o
 *fill*         0x0000000008000e72        0x2 
 .text.LL_ADC_SetChannelSingleDiff
                0x0000000008000e74       0x48 ./Drivers/STM32L4xx_HAL_Driver/Src/stm32l4xx_hal_adc.o
 .text.LL_ADC_DisableDeepPowerDown
                0x0000000008000ebc       0x24 ./Drivers/STM32L4xx_HAL_Driver/Src/stm32l4xx_hal_adc.o
 .text.LL_ADC_IsDeepPowerDownEnabled
                0x0000000008000ee0       0x28 ./Drivers/STM32L4xx_HAL_Driver/Src/stm32l4xx_hal_adc.o
 .text.LL_ADC_EnableInternalRegulator
                0x0000000008000f08       0x28 ./Drivers/STM32L4xx_HAL_Driver/Src/stm32l4xx_hal_adc.o
 .text.LL_ADC_IsInternalRegulatorEnabled
                0x0000000008000f30       0x28 ./Drivers/STM32L4xx_HAL_Driver/Src/stm32l4xx_hal_adc.o
 .text.LL_ADC_IsEnabled
                0x0000000008000f58       0x26 ./Drivers/STM32L4xx_HAL_Driver/Src/stm32l4xx_hal_adc.o
 .text.LL_ADC_REG_IsConversionOngoing
                0x0000000008000f7e       0x26 ./Drivers/STM32L4xx_HAL_Driver/Src/stm32l4xx_hal_adc.o
 .text.LL_ADC_INJ_IsConversionOngoing
                0x0000000008000fa4       0x26 ./Drivers/STM32L4xx_HAL_Driver/Src/stm32l4xx_hal_adc.o
 *fill*         0x0000000008000fca        0x2 
 .text.HAL_ADC_Init
                0x0000000008000fcc      0x28c ./Drivers/STM32L4xx_HAL_Driver/Src/stm32l4xx_hal_adc.o
                0x0000000008000fcc                HAL_ADC_Init
 .text.HAL_ADC_ConfigChannel
                0x0000000008001258      0x7f8 ./Drivers/STM32L4xx_HAL_Driver/Src/stm32l4xx_hal_adc.o
                0x0000000008001258                HAL_ADC_ConfigChannel
 .text.__NVIC_SetPriorityGrouping
                0x0000000008001a50       0x48 ./Drivers/STM32L4xx_HAL_Driver/Src/stm32l4xx_hal_cortex.o
 .text.__NVIC_GetPriorityGrouping
                0x0000000008001a98       0x1c ./Drivers/STM32L4xx_HAL_Driver/Src/stm32l4xx_hal_cortex.o
 .text.__NVIC_EnableIRQ
                0x0000000008001ab4       0x3c ./Drivers/STM32L4xx_HAL_Driver/Src/stm32l4xx_hal_cortex.o
 .text.__NVIC_SetPriority
                0x0000000008001af0       0x54 ./Drivers/STM32L4xx_HAL_Driver/Src/stm32l4xx_hal_cortex.o
 .text.NVIC_EncodePriority
                0x0000000008001b44       0x66 ./Drivers/STM32L4xx_HAL_Driver/Src/stm32l4xx_hal_cortex.o
 *fill*         0x0000000008001baa        0x2 
 .text.SysTick_Config
                0x0000000008001bac       0x44 ./Drivers/STM32L4xx_HAL_Driver/Src/stm32l4xx_hal_cortex.o
 .text.HAL_NVIC_SetPriorityGrouping
                0x0000000008001bf0       0x16 ./Drivers/STM32L4xx_HAL_Driver/Src/stm32l4xx_hal_cortex.o
                0x0000000008001bf0                HAL_NVIC_SetPriorityGrouping
 .text.HAL_NVIC_SetPriority
                0x0000000008001c06       0x38 ./Drivers/STM32L4xx_HAL_Driver/Src/stm32l4xx_hal_cortex.o
                0x0000000008001c06                HAL_NVIC_SetPriority
 .text.HAL_NVIC_EnableIRQ
                0x0000000008001c3e       0x1c ./Drivers/STM32L4xx_HAL_Driver/Src/stm32l4xx_hal_cortex.o
                0x0000000008001c3e                HAL_NVIC_EnableIRQ
 .text.HAL_SYSTICK_Config
                0x0000000008001c5a       0x18 ./Drivers/STM32L4xx_HAL_Driver/Src/stm32l4xx_hal_cortex.o
                0x0000000008001c5a                HAL_SYSTICK_Config
 *fill*         0x0000000008001c72        0x2 
 .text.HAL_GPIO_Init
                0x0000000008001c74      0x324 ./Drivers/STM32L4xx_HAL_Driver/Src/stm32l4xx_hal_gpio.o
                0x0000000008001c74                HAL_GPIO_Init
 .text.HAL_GPIO_WritePin
                0x0000000008001f98       0x30 ./Drivers/STM32L4xx_HAL_Driver/Src/stm32l4xx_hal_gpio.o
                0x0000000008001f98                HAL_GPIO_WritePin
 .text.HAL_PWREx_GetVoltageRange
                0x0000000008001fc8       0x40 ./Drivers/STM32L4xx_HAL_Driver/Src/stm32l4xx_hal_pwr_ex.o
                0x0000000008001fc8                HAL_PWREx_GetVoltageRange
 .text.HAL_PWREx_ControlVoltageScaling
                0x0000000008002008      0x148 ./Drivers/STM32L4xx_HAL_Driver/Src/stm32l4xx_hal_pwr_ex.o
                0x0000000008002008                HAL_PWREx_ControlVoltageScaling
 .text.HAL_RCC_OscConfig
                0x0000000008002150      0x834 ./Drivers/STM32L4xx_HAL_Driver/Src/stm32l4xx_hal_rcc.o
                0x0000000008002150                HAL_RCC_OscConfig
 .text.HAL_RCC_ClockConfig
                0x0000000008002984      0x274 ./Drivers/STM32L4xx_HAL_Driver/Src/stm32l4xx_hal_rcc.o
                0x0000000008002984                HAL_RCC_ClockConfig
 .text.HAL_RCC_GetSysClockFreq
                0x0000000008002bf8      0x118 ./Drivers/STM32L4xx_HAL_Driver/Src/stm32l4xx_hal_rcc.o
                0x0000000008002bf8                HAL_RCC_GetSysClockFreq
 .text.RCC_SetFlashLatencyFromMSIRange
                0x0000000008002d10       0xb4 ./Drivers/STM32L4xx_HAL_Driver/Src/stm32l4xx_hal_rcc.o
 .text.RCC_GetSysClockFreqFromPLLSource
                0x0000000008002dc4       0xcc ./Drivers/STM32L4xx_HAL_Driver/Src/stm32l4xx_hal_rcc.o
 .text.HAL_RCCEx_PeriphCLKConfig
                0x0000000008002e90      0x660 ./Drivers/STM32L4xx_HAL_Driver/Src/stm32l4xx_hal_rcc_ex.o
                0x0000000008002e90                HAL_RCCEx_PeriphCLKConfig
 .text.RCCEx_PLLSAI1_Config
                0x00000000080034f0      0x1e8 ./Drivers/STM32L4xx_HAL_Driver/Src/stm32l4xx_hal_rcc_ex.o
 .text.RCCEx_PLLSAI2_Config
                0x00000000080036d8      0x1e8 ./Drivers/STM32L4xx_HAL_Driver/Src/stm32l4xx_hal_rcc_ex.o
 .text.HAL_TIM_Base_Init
                0x00000000080038c0       0xae ./Drivers/STM32L4xx_HAL_Driver/Src/stm32l4xx_hal_tim.o
                0x00000000080038c0                HAL_TIM_Base_Init
 *fill*         0x000000000800396e        0x2 
 .text.HAL_TIM_Base_Start_IT
                0x0000000008003970       0xe0 ./Drivers/STM32L4xx_HAL_Driver/Src/stm32l4xx_hal_tim.o
                0x0000000008003970                HAL_TIM_Base_Start_IT
 .text.HAL_TIM_IRQHandler
                0x0000000008003a50      0x204 ./Drivers/STM32L4xx_HAL_Driver/Src/stm32l4xx_hal_tim.o
                0x0000000008003a50                HAL_TIM_IRQHandler
 .text.HAL_TIM_SlaveConfigSynchro
                0x0000000008003c54       0x84 ./Drivers/STM32L4xx_HAL_Driver/Src/stm32l4xx_hal_tim.o
                0x0000000008003c54                HAL_TIM_SlaveConfigSynchro
 .text.HAL_TIM_OC_DelayElapsedCallback
                0x0000000008003cd8       0x14 ./Drivers/STM32L4xx_HAL_Driver/Src/stm32l4xx_hal_tim.o
                0x0000000008003cd8                HAL_TIM_OC_DelayElapsedCallback
 .text.HAL_TIM_IC_CaptureCallback
                0x0000000008003cec       0x14 ./Drivers/STM32L4xx_HAL_Driver/Src/stm32l4xx_hal_tim.o
                0x0000000008003cec                HAL_TIM_IC_CaptureCallback
 .text.HAL_TIM_PWM_PulseFinishedCallback
                0x0000000008003d00       0x14 ./Drivers/STM32L4xx_HAL_Driver/Src/stm32l4xx_hal_tim.o
                0x0000000008003d00                HAL_TIM_PWM_PulseFinishedCallback
 .text.HAL_TIM_TriggerCallback
                0x0000000008003d14       0x14 ./Drivers/STM32L4xx_HAL_Driver/Src/stm32l4xx_hal_tim.o
                0x0000000008003d14                HAL_TIM_TriggerCallback
 .text.TIM_Base_SetConfig
                0x0000000008003d28      0x134 ./Drivers/STM32L4xx_HAL_Driver/Src/stm32l4xx_hal_tim.o
                0x0000000008003d28                TIM_Base_SetConfig
 .text.TIM_SlaveTimer_SetConfig
                0x0000000008003e5c      0x126 ./Drivers/STM32L4xx_HAL_Driver/Src/stm32l4xx_hal_tim.o
 .text.TIM_TI1_ConfigInputStage
                0x0000000008003f82       0x5e ./Drivers/STM32L4xx_HAL_Driver/Src/stm32l4xx_hal_tim.o
 .text.TIM_TI2_ConfigInputStage
                0x0000000008003fe0       0x60 ./Drivers/STM32L4xx_HAL_Driver/Src/stm32l4xx_hal_tim.o
 .text.TIM_ETR_SetConfig
                0x0000000008004040       0x40 ./Drivers/STM32L4xx_HAL_Driver/Src/stm32l4xx_hal_tim.o
                0x0000000008004040                TIM_ETR_SetConfig
 .text.HAL_TIMEx_MasterConfigSynchronization
                0x0000000008004080      0x110 ./Drivers/STM32L4xx_HAL_Driver/Src/stm32l4xx_hal_tim_ex.o
                0x0000000008004080                HAL_TIMEx_MasterConfigSynchronization
 .text.HAL_TIMEx_CommutCallback
                0x0000000008004190       0x14 ./Drivers/STM32L4xx_HAL_Driver/Src/stm32l4xx_hal_tim_ex.o
                0x0000000008004190                HAL_TIMEx_CommutCallback
 .text.HAL_TIMEx_BreakCallback
                0x00000000080041a4       0x14 ./Drivers/STM32L4xx_HAL_Driver/Src/stm32l4xx_hal_tim_ex.o
                0x00000000080041a4                HAL_TIMEx_BreakCallback
 .text.HAL_TIMEx_Break2Callback
                0x00000000080041b8       0x14 ./Drivers/STM32L4xx_HAL_Driver/Src/stm32l4xx_hal_tim_ex.o
                0x00000000080041b8                HAL_TIMEx_Break2Callback
 .text.memset   0x00000000080041cc       0x10 C:/Users/gligmi2/OneDrive - Faurecia/Documents/Programs/STM32IDE/STM32CubeIDE_1.14.0/STM32CubeIDE/plugins/com.st.stm32cube.ide.mcu.externaltools.gnu-tools-for-stm32.11.3.rel1.win32_1.1.100.202309141235/tools/bin/../lib/gcc/arm-none-eabi/11.3.1/../../../../arm-none-eabi/lib/thumb/v7e-m+fp/hard\libc_nano.a(libc_a-memset.o)
                0x00000000080041cc                memset
 .text.__libc_init_array
                0x00000000080041dc       0x48 C:/Users/gligmi2/OneDrive - Faurecia/Documents/Programs/STM32IDE/STM32CubeIDE_1.14.0/STM32CubeIDE/plugins/com.st.stm32cube.ide.mcu.externaltools.gnu-tools-for-stm32.11.3.rel1.win32_1.1.100.202309141235/tools/bin/../lib/gcc/arm-none-eabi/11.3.1/../../../../arm-none-eabi/lib/thumb/v7e-m+fp/hard\libc_nano.a(libc_a-init.o)
                0x00000000080041dc                __libc_init_array
 *(.glue_7)
 .glue_7        0x0000000008004224        0x0 linker stubs
 *(.glue_7t)
 .glue_7t       0x0000000008004224        0x0 linker stubs
 *(.eh_frame)
 .eh_frame      0x0000000008004224        0x0 C:/Users/gligmi2/OneDrive - Faurecia/Documents/Programs/STM32IDE/STM32CubeIDE_1.14.0/STM32CubeIDE/plugins/com.st.stm32cube.ide.mcu.externaltools.gnu-tools-for-stm32.11.3.rel1.win32_1.1.100.202309141235/tools/bin/../lib/gcc/arm-none-eabi/11.3.1/thumb/v7e-m+fp/hard/crtbegin.o
 *(.init)
 .init          0x0000000008004224        0x4 C:/Users/gligmi2/OneDrive - Faurecia/Documents/Programs/STM32IDE/STM32CubeIDE_1.14.0/STM32CubeIDE/plugins/com.st.stm32cube.ide.mcu.externaltools.gnu-tools-for-stm32.11.3.rel1.win32_1.1.100.202309141235/tools/bin/../lib/gcc/arm-none-eabi/11.3.1/thumb/v7e-m+fp/hard/crti.o
                0x0000000008004224                _init
 .init          0x0000000008004228        0x8 C:/Users/gligmi2/OneDrive - Faurecia/Documents/Programs/STM32IDE/STM32CubeIDE_1.14.0/STM32CubeIDE/plugins/com.st.stm32cube.ide.mcu.externaltools.gnu-tools-for-stm32.11.3.rel1.win32_1.1.100.202309141235/tools/bin/../lib/gcc/arm-none-eabi/11.3.1/thumb/v7e-m+fp/hard/crtn.o
 *(.fini)
 .fini          0x0000000008004230        0x4 C:/Users/gligmi2/OneDrive - Faurecia/Documents/Programs/STM32IDE/STM32CubeIDE_1.14.0/STM32CubeIDE/plugins/com.st.stm32cube.ide.mcu.externaltools.gnu-tools-for-stm32.11.3.rel1.win32_1.1.100.202309141235/tools/bin/../lib/gcc/arm-none-eabi/11.3.1/thumb/v7e-m+fp/hard/crti.o
                0x0000000008004230                _fini
 .fini          0x0000000008004234        0x8 C:/Users/gligmi2/OneDrive - Faurecia/Documents/Programs/STM32IDE/STM32CubeIDE_1.14.0/STM32CubeIDE/plugins/com.st.stm32cube.ide.mcu.externaltools.gnu-tools-for-stm32.11.3.rel1.win32_1.1.100.202309141235/tools/bin/../lib/gcc/arm-none-eabi/11.3.1/thumb/v7e-m+fp/hard/crtn.o
                0x000000000800423c                . = ALIGN (0x4)
                0x000000000800423c                _etext = .

.vfp11_veneer   0x000000000800423c        0x0
 .vfp11_veneer  0x000000000800423c        0x0 linker stubs

.v4_bx          0x000000000800423c        0x0
 .v4_bx         0x000000000800423c        0x0 linker stubs

.iplt           0x000000000800423c        0x0
 .iplt          0x000000000800423c        0x0 C:/Users/gligmi2/OneDrive - Faurecia/Documents/Programs/STM32IDE/STM32CubeIDE_1.14.0/STM32CubeIDE/plugins/com.st.stm32cube.ide.mcu.externaltools.gnu-tools-for-stm32.11.3.rel1.win32_1.1.100.202309141235/tools/bin/../lib/gcc/arm-none-eabi/11.3.1/thumb/v7e-m+fp/hard/crtbegin.o

.rodata         0x000000000800423c       0x4c
                0x000000000800423c                . = ALIGN (0x4)
 *(.rodata)
 .rodata        0x000000000800423c        0xc ./Core/Src/main.o
 *(.rodata*)
 .rodata.AHBPrescTable
                0x0000000008004248       0x10 ./Core/Src/system_stm32l4xx.o
                0x0000000008004248                AHBPrescTable
 .rodata.MSIRangeTable
                0x0000000008004258       0x30 ./Core/Src/system_stm32l4xx.o
                0x0000000008004258                MSIRangeTable
                0x0000000008004288                . = ALIGN (0x4)

.rel.dyn        0x0000000008004288        0x0
 .rel.iplt      0x0000000008004288        0x0 C:/Users/gligmi2/OneDrive - Faurecia/Documents/Programs/STM32IDE/STM32CubeIDE_1.14.0/STM32CubeIDE/plugins/com.st.stm32cube.ide.mcu.externaltools.gnu-tools-for-stm32.11.3.rel1.win32_1.1.100.202309141235/tools/bin/../lib/gcc/arm-none-eabi/11.3.1/thumb/v7e-m+fp/hard/crtbegin.o

.ARM.extab      0x0000000008004288        0x0
                0x0000000008004288                . = ALIGN (0x4)
 *(.ARM.extab* .gnu.linkonce.armextab.*)
                0x0000000008004288                . = ALIGN (0x4)

.ARM            0x0000000008004288        0x0
                0x0000000008004288                . = ALIGN (0x4)
                0x0000000008004288                __exidx_start = .
 *(.ARM.exidx*)
                0x0000000008004288                __exidx_end = .
                0x0000000008004288                . = ALIGN (0x4)

.preinit_array  0x0000000008004288        0x0
                0x0000000008004288                . = ALIGN (0x4)
                0x0000000008004288                PROVIDE (__preinit_array_start = .)
 *(.preinit_array*)
                0x0000000008004288                PROVIDE (__preinit_array_end = .)
                0x0000000008004288                . = ALIGN (0x4)

.init_array     0x0000000008004288        0x4
                0x0000000008004288                . = ALIGN (0x4)
                0x0000000008004288                PROVIDE (__init_array_start = .)
 *(SORT_BY_NAME(.init_array.*))
 *(.init_array*)
 .init_array    0x0000000008004288        0x4 C:/Users/gligmi2/OneDrive - Faurecia/Documents/Programs/STM32IDE/STM32CubeIDE_1.14.0/STM32CubeIDE/plugins/com.st.stm32cube.ide.mcu.externaltools.gnu-tools-for-stm32.11.3.rel1.win32_1.1.100.202309141235/tools/bin/../lib/gcc/arm-none-eabi/11.3.1/thumb/v7e-m+fp/hard/crtbegin.o
                0x000000000800428c                PROVIDE (__init_array_end = .)
                0x000000000800428c                . = ALIGN (0x4)

.fini_array     0x000000000800428c        0x4
                0x000000000800428c                . = ALIGN (0x4)
                [!provide]                        PROVIDE (__fini_array_start = .)
 *(SORT_BY_NAME(.fini_array.*))
 *(.fini_array*)
 .fini_array    0x000000000800428c        0x4 C:/Users/gligmi2/OneDrive - Faurecia/Documents/Programs/STM32IDE/STM32CubeIDE_1.14.0/STM32CubeIDE/plugins/com.st.stm32cube.ide.mcu.externaltools.gnu-tools-for-stm32.11.3.rel1.win32_1.1.100.202309141235/tools/bin/../lib/gcc/arm-none-eabi/11.3.1/thumb/v7e-m+fp/hard/crtbegin.o
                [!provide]                        PROVIDE (__fini_array_end = .)
                0x0000000008004290                . = ALIGN (0x4)
                0x0000000008004290                _sidata = LOADADDR (.data)

.data           0x0000000020000000       0x68 load address 0x0000000008004290
                0x0000000020000000                . = ALIGN (0x4)
                0x0000000020000000                _sdata = .
 *(.data)
 *(.data*)
 .data.seconds  0x0000000020000000        0x4 ./Core/Src/main.o
                0x0000000020000000                seconds
 .data.zero     0x0000000020000004        0x8 ./Core/Src/main.o
                0x0000000020000004                zero
 .data.one      0x000000002000000c        0x8 ./Core/Src/main.o
                0x000000002000000c                one
 .data.two      0x0000000020000014        0x8 ./Core/Src/main.o
                0x0000000020000014                two
 .data.three    0x000000002000001c        0x8 ./Core/Src/main.o
                0x000000002000001c                three
 .data.four     0x0000000020000024        0x8 ./Core/Src/main.o
                0x0000000020000024                four
 .data.five     0x000000002000002c        0x8 ./Core/Src/main.o
                0x000000002000002c                five
 .data.six      0x0000000020000034        0x8 ./Core/Src/main.o
                0x0000000020000034                six
 .data.seven    0x000000002000003c        0x8 ./Core/Src/main.o
                0x000000002000003c                seven
 .data.eight    0x0000000020000044        0x8 ./Core/Src/main.o
                0x0000000020000044                eight
 .data.nine     0x000000002000004c        0x8 ./Core/Src/main.o
                0x000000002000004c                nine
 .data.Skull    0x0000000020000054        0x8 ./Core/Src/main.o
                0x0000000020000054                Skull
 .data.SystemCoreClock
                0x000000002000005c        0x4 ./Core/Src/system_stm32l4xx.o
                0x000000002000005c                SystemCoreClock
 .data.uwTickPrio
                0x0000000020000060        0x4 ./Drivers/STM32L4xx_HAL_Driver/Src/stm32l4xx_hal.o
                0x0000000020000060                uwTickPrio
 .data.uwTickFreq
                0x0000000020000064        0x1 ./Drivers/STM32L4xx_HAL_Driver/Src/stm32l4xx_hal.o
                0x0000000020000064                uwTickFreq
 *(.RamFunc)
 *(.RamFunc*)
                0x0000000020000068                . = ALIGN (0x4)
 *fill*         0x0000000020000065        0x3 
                0x0000000020000068                _edata = .

.igot.plt       0x0000000020000068        0x0 load address 0x00000000080042f8
 .igot.plt      0x0000000020000068        0x0 C:/Users/gligmi2/OneDrive - Faurecia/Documents/Programs/STM32IDE/STM32CubeIDE_1.14.0/STM32CubeIDE/plugins/com.st.stm32cube.ide.mcu.externaltools.gnu-tools-for-stm32.11.3.rel1.win32_1.1.100.202309141235/tools/bin/../lib/gcc/arm-none-eabi/11.3.1/thumb/v7e-m+fp/hard/crtbegin.o
                0x0000000020000068                . = ALIGN (0x4)

.bss            0x0000000020000068       0xd8 load address 0x00000000080042f8
                0x0000000020000068                _sbss = .
                0x0000000020000068                __bss_start__ = _sbss
 *(.bss)
 .bss           0x0000000020000068       0x1c C:/Users/gligmi2/OneDrive - Faurecia/Documents/Programs/STM32IDE/STM32CubeIDE_1.14.0/STM32CubeIDE/plugins/com.st.stm32cube.ide.mcu.externaltools.gnu-tools-for-stm32.11.3.rel1.win32_1.1.100.202309141235/tools/bin/../lib/gcc/arm-none-eabi/11.3.1/thumb/v7e-m+fp/hard/crtbegin.o
 *(.bss*)
 .bss.hadc1     0x0000000020000084       0x68 ./Core/Src/main.o
                0x0000000020000084                hadc1
 .bss.htim3     0x00000000200000ec       0x4c ./Core/Src/main.o
                0x00000000200000ec                htim3
 .bss.counter   0x0000000020000138        0x4 ./Core/Src/main.o
                0x0000000020000138                counter
 .bss.uwTick    0x000000002000013c        0x4 ./Drivers/STM32L4xx_HAL_Driver/Src/stm32l4xx_hal.o
                0x000000002000013c                uwTick
 *(COMMON)
                0x0000000020000140                . = ALIGN (0x4)
                0x0000000020000140                _ebss = .
                0x0000000020000140                __bss_end__ = _ebss

._user_heap_stack
                0x0000000020000140      0x600 load address 0x00000000080042f8
                0x0000000020000140                . = ALIGN (0x8)
                [!provide]                        PROVIDE (end = .)
                0x0000000020000140                PROVIDE (_end = .)
                0x0000000020000340                . = (. + _Min_Heap_Size)
 *fill*         0x0000000020000140      0x200 
                0x0000000020000740                . = (. + _Min_Stack_Size)
 *fill*         0x0000000020000340      0x400 
                0x0000000020000740                . = ALIGN (0x8)

/DISCARD/
 libc.a(*)
 libm.a(*)
 libgcc.a(*)

.ARM.attributes
                0x0000000000000000       0x30
 *(.ARM.attributes)
 .ARM.attributes
                0x0000000000000000       0x1e C:/Users/gligmi2/OneDrive - Faurecia/Documents/Programs/STM32IDE/STM32CubeIDE_1.14.0/STM32CubeIDE/plugins/com.st.stm32cube.ide.mcu.externaltools.gnu-tools-for-stm32.11.3.rel1.win32_1.1.100.202309141235/tools/bin/../lib/gcc/arm-none-eabi/11.3.1/thumb/v7e-m+fp/hard/crti.o
 .ARM.attributes
                0x000000000000001e       0x34 C:/Users/gligmi2/OneDrive - Faurecia/Documents/Programs/STM32IDE/STM32CubeIDE_1.14.0/STM32CubeIDE/plugins/com.st.stm32cube.ide.mcu.externaltools.gnu-tools-for-stm32.11.3.rel1.win32_1.1.100.202309141235/tools/bin/../lib/gcc/arm-none-eabi/11.3.1/thumb/v7e-m+fp/hard/crtbegin.o
 .ARM.attributes
                0x0000000000000052       0x34 ./Core/Src/main.o
 .ARM.attributes
                0x0000000000000086       0x34 ./Core/Src/stm32l4xx_hal_msp.o
 .ARM.attributes
                0x00000000000000ba       0x34 ./Core/Src/stm32l4xx_it.o
 .ARM.attributes
                0x00000000000000ee       0x34 ./Core/Src/system_stm32l4xx.o
 .ARM.attributes
                0x0000000000000122       0x21 ./Core/Startup/startup_stm32l4r5zitx.o
 .ARM.attributes
                0x0000000000000143       0x34 ./Drivers/STM32L4xx_HAL_Driver/Src/stm32l4xx_hal.o
 .ARM.attributes
                0x0000000000000177       0x34 ./Drivers/STM32L4xx_HAL_Driver/Src/stm32l4xx_hal_adc.o
 .ARM.attributes
                0x00000000000001ab       0x34 ./Drivers/STM32L4xx_HAL_Driver/Src/stm32l4xx_hal_cortex.o
 .ARM.attributes
                0x00000000000001df       0x34 ./Drivers/STM32L4xx_HAL_Driver/Src/stm32l4xx_hal_gpio.o
 .ARM.attributes
                0x0000000000000213       0x34 ./Drivers/STM32L4xx_HAL_Driver/Src/stm32l4xx_hal_pwr_ex.o
 .ARM.attributes
                0x0000000000000247       0x34 ./Drivers/STM32L4xx_HAL_Driver/Src/stm32l4xx_hal_rcc.o
 .ARM.attributes
                0x000000000000027b       0x34 ./Drivers/STM32L4xx_HAL_Driver/Src/stm32l4xx_hal_rcc_ex.o
 .ARM.attributes
                0x00000000000002af       0x34 ./Drivers/STM32L4xx_HAL_Driver/Src/stm32l4xx_hal_tim.o
 .ARM.attributes
                0x00000000000002e3       0x34 ./Drivers/STM32L4xx_HAL_Driver/Src/stm32l4xx_hal_tim_ex.o
 .ARM.attributes
                0x0000000000000317       0x34 C:/Users/gligmi2/OneDrive - Faurecia/Documents/Programs/STM32IDE/STM32CubeIDE_1.14.0/STM32CubeIDE/plugins/com.st.stm32cube.ide.mcu.externaltools.gnu-tools-for-stm32.11.3.rel1.win32_1.1.100.202309141235/tools/bin/../lib/gcc/arm-none-eabi/11.3.1/../../../../arm-none-eabi/lib/thumb/v7e-m+fp/hard\libc_nano.a(libc_a-memset.o)
 .ARM.attributes
                0x000000000000034b       0x34 C:/Users/gligmi2/OneDrive - Faurecia/Documents/Programs/STM32IDE/STM32CubeIDE_1.14.0/STM32CubeIDE/plugins/com.st.stm32cube.ide.mcu.externaltools.gnu-tools-for-stm32.11.3.rel1.win32_1.1.100.202309141235/tools/bin/../lib/gcc/arm-none-eabi/11.3.1/../../../../arm-none-eabi/lib/thumb/v7e-m+fp/hard\libc_nano.a(libc_a-init.o)
 .ARM.attributes
                0x000000000000037f       0x1e C:/Users/gligmi2/OneDrive - Faurecia/Documents/Programs/STM32IDE/STM32CubeIDE_1.14.0/STM32CubeIDE/plugins/com.st.stm32cube.ide.mcu.externaltools.gnu-tools-for-stm32.11.3.rel1.win32_1.1.100.202309141235/tools/bin/../lib/gcc/arm-none-eabi/11.3.1/thumb/v7e-m+fp/hard/crtn.o
OUTPUT(SPI_com.elf elf32-littlearm)
LOAD linker stubs
LOAD C:/Users/gligmi2/OneDrive - Faurecia/Documents/Programs/STM32IDE/STM32CubeIDE_1.14.0/STM32CubeIDE/plugins/com.st.stm32cube.ide.mcu.externaltools.gnu-tools-for-stm32.11.3.rel1.win32_1.1.100.202309141235/tools/bin/../lib/gcc/arm-none-eabi/11.3.1/../../../../arm-none-eabi/lib/thumb/v7e-m+fp/hard\libc.a
LOAD C:/Users/gligmi2/OneDrive - Faurecia/Documents/Programs/STM32IDE/STM32CubeIDE_1.14.0/STM32CubeIDE/plugins/com.st.stm32cube.ide.mcu.externaltools.gnu-tools-for-stm32.11.3.rel1.win32_1.1.100.202309141235/tools/bin/../lib/gcc/arm-none-eabi/11.3.1/../../../../arm-none-eabi/lib/thumb/v7e-m+fp/hard\libm.a
LOAD C:/Users/gligmi2/OneDrive - Faurecia/Documents/Programs/STM32IDE/STM32CubeIDE_1.14.0/STM32CubeIDE/plugins/com.st.stm32cube.ide.mcu.externaltools.gnu-tools-for-stm32.11.3.rel1.win32_1.1.100.202309141235/tools/bin/../lib/gcc/arm-none-eabi/11.3.1/thumb/v7e-m+fp/hard\libgcc.a

.comment        0x0000000000000000       0x43
 .comment       0x0000000000000000       0x43 C:/Users/gligmi2/OneDrive - Faurecia/Documents/Programs/STM32IDE/STM32CubeIDE_1.14.0/STM32CubeIDE/plugins/com.st.stm32cube.ide.mcu.externaltools.gnu-tools-for-stm32.11.3.rel1.win32_1.1.100.202309141235/tools/bin/../lib/gcc/arm-none-eabi/11.3.1/thumb/v7e-m+fp/hard/crtbegin.o
                                         0x44 (size before relaxing)
 .comment       0x0000000000000043       0x44 ./Core/Src/main.o
 .comment       0x0000000000000043       0x44 ./Core/Src/stm32l4xx_hal_msp.o
 .comment       0x0000000000000043       0x44 ./Core/Src/stm32l4xx_it.o
 .comment       0x0000000000000043       0x44 ./Core/Src/system_stm32l4xx.o
 .comment       0x0000000000000043       0x44 ./Drivers/STM32L4xx_HAL_Driver/Src/stm32l4xx_hal.o
 .comment       0x0000000000000043       0x44 ./Drivers/STM32L4xx_HAL_Driver/Src/stm32l4xx_hal_adc.o
 .comment       0x0000000000000043       0x44 ./Drivers/STM32L4xx_HAL_Driver/Src/stm32l4xx_hal_cortex.o
 .comment       0x0000000000000043       0x44 ./Drivers/STM32L4xx_HAL_Driver/Src/stm32l4xx_hal_gpio.o
 .comment       0x0000000000000043       0x44 ./Drivers/STM32L4xx_HAL_Driver/Src/stm32l4xx_hal_pwr_ex.o
 .comment       0x0000000000000043       0x44 ./Drivers/STM32L4xx_HAL_Driver/Src/stm32l4xx_hal_rcc.o
 .comment       0x0000000000000043       0x44 ./Drivers/STM32L4xx_HAL_Driver/Src/stm32l4xx_hal_rcc_ex.o
 .comment       0x0000000000000043       0x44 ./Drivers/STM32L4xx_HAL_Driver/Src/stm32l4xx_hal_tim.o
 .comment       0x0000000000000043       0x44 ./Drivers/STM32L4xx_HAL_Driver/Src/stm32l4xx_hal_tim_ex.o

.debug_info     0x0000000000000000     0xe693
 .debug_info    0x0000000000000000     0x183f ./Core/Src/main.o
 .debug_info    0x000000000000183f     0x15a0 ./Core/Src/stm32l4xx_hal_msp.o
 .debug_info    0x0000000000002ddf      0x82d ./Core/Src/stm32l4xx_it.o
 .debug_info    0x000000000000360c      0x5e9 ./Core/Src/system_stm32l4xx.o
 .debug_info    0x0000000000003bf5       0x23 ./Core/Startup/startup_stm32l4r5zitx.o
 .debug_info    0x0000000000003c18      0xb49 ./Drivers/STM32L4xx_HAL_Driver/Src/stm32l4xx_hal.o
 .debug_info    0x0000000000004761     0x1e20 ./Drivers/STM32L4xx_HAL_Driver/Src/stm32l4xx_hal_adc.o
 .debug_info    0x0000000000006581      0xd64 ./Drivers/STM32L4xx_HAL_Driver/Src/stm32l4xx_hal_cortex.o
 .debug_info    0x00000000000072e5      0x787 ./Drivers/STM32L4xx_HAL_Driver/Src/stm32l4xx_hal_gpio.o
 .debug_info    0x0000000000007a6c      0xa0a ./Drivers/STM32L4xx_HAL_Driver/Src/stm32l4xx_hal_pwr_ex.o
 .debug_info    0x0000000000008476      0xd32 ./Drivers/STM32L4xx_HAL_Driver/Src/stm32l4xx_hal_rcc.o
 .debug_info    0x00000000000091a8     0x1167 ./Drivers/STM32L4xx_HAL_Driver/Src/stm32l4xx_hal_rcc_ex.o
 .debug_info    0x000000000000a30f     0x2bc0 ./Drivers/STM32L4xx_HAL_Driver/Src/stm32l4xx_hal_tim.o
 .debug_info    0x000000000000cecf     0x17c4 ./Drivers/STM32L4xx_HAL_Driver/Src/stm32l4xx_hal_tim_ex.o

.debug_abbrev   0x0000000000000000     0x1e4c
 .debug_abbrev  0x0000000000000000      0x309 ./Core/Src/main.o
 .debug_abbrev  0x0000000000000309      0x1e5 ./Core/Src/stm32l4xx_hal_msp.o
 .debug_abbrev  0x00000000000004ee      0x191 ./Core/Src/stm32l4xx_it.o
 .debug_abbrev  0x000000000000067f      0x11a ./Core/Src/system_stm32l4xx.o
 .debug_abbrev  0x0000000000000799       0x12 ./Core/Startup/startup_stm32l4r5zitx.o
 .debug_abbrev  0x00000000000007ab      0x242 ./Drivers/STM32L4xx_HAL_Driver/Src/stm32l4xx_hal.o
 .debug_abbrev  0x00000000000009ed      0x2d4 ./Drivers/STM32L4xx_HAL_Driver/Src/stm32l4xx_hal_adc.o
 .debug_abbrev  0x0000000000000cc1      0x327 ./Drivers/STM32L4xx_HAL_Driver/Src/stm32l4xx_hal_cortex.o
 .debug_abbrev  0x0000000000000fe8      0x1cb ./Drivers/STM32L4xx_HAL_Driver/Src/stm32l4xx_hal_gpio.o
 .debug_abbrev  0x00000000000011b3      0x1f9 ./Drivers/STM32L4xx_HAL_Driver/Src/stm32l4xx_hal_pwr_ex.o
 .debug_abbrev  0x00000000000013ac      0x306 ./Drivers/STM32L4xx_HAL_Driver/Src/stm32l4xx_hal_rcc.o
 .debug_abbrev  0x00000000000016b2      0x2a3 ./Drivers/STM32L4xx_HAL_Driver/Src/stm32l4xx_hal_rcc_ex.o
 .debug_abbrev  0x0000000000001955      0x276 ./Drivers/STM32L4xx_HAL_Driver/Src/stm32l4xx_hal_tim.o
 .debug_abbrev  0x0000000000001bcb      0x281 ./Drivers/STM32L4xx_HAL_Driver/Src/stm32l4xx_hal_tim_ex.o

.debug_aranges  0x0000000000000000      0xee0
 .debug_aranges
                0x0000000000000000       0xb8 ./Core/Src/main.o
 .debug_aranges
                0x00000000000000b8       0x40 ./Core/Src/stm32l4xx_hal_msp.o
 .debug_aranges
                0x00000000000000f8       0x68 ./Core/Src/stm32l4xx_it.o
 .debug_aranges
                0x0000000000000160       0x28 ./Core/Src/system_stm32l4xx.o
 .debug_aranges
                0x0000000000000188       0x28 ./Core/Startup/startup_stm32l4r5zitx.o
 .debug_aranges
                0x00000000000001b0      0x130 ./Drivers/STM32L4xx_HAL_Driver/Src/stm32l4xx_hal.o
 .debug_aranges
                0x00000000000002e0      0x218 ./Drivers/STM32L4xx_HAL_Driver/Src/stm32l4xx_hal_adc.o
 .debug_aranges
                0x00000000000004f8      0x118 ./Drivers/STM32L4xx_HAL_Driver/Src/stm32l4xx_hal_cortex.o
 .debug_aranges
                0x0000000000000610       0x58 ./Drivers/STM32L4xx_HAL_Driver/Src/stm32l4xx_hal_gpio.o
 .debug_aranges
                0x0000000000000668      0x170 ./Drivers/STM32L4xx_HAL_Driver/Src/stm32l4xx_hal_pwr_ex.o
 .debug_aranges
                0x00000000000007d8       0x98 ./Drivers/STM32L4xx_HAL_Driver/Src/stm32l4xx_hal_rcc.o
 .debug_aranges
                0x0000000000000870      0x110 ./Drivers/STM32L4xx_HAL_Driver/Src/stm32l4xx_hal_rcc_ex.o
 .debug_aranges
                0x0000000000000980      0x3e0 ./Drivers/STM32L4xx_HAL_Driver/Src/stm32l4xx_hal_tim.o
 .debug_aranges
                0x0000000000000d60      0x180 ./Drivers/STM32L4xx_HAL_Driver/Src/stm32l4xx_hal_tim_ex.o

.debug_rnglists
                0x0000000000000000      0xb79
 .debug_rnglists
                0x0000000000000000       0x8b ./Core/Src/main.o
 .debug_rnglists
                0x000000000000008b       0x2c ./Core/Src/stm32l4xx_hal_msp.o
 .debug_rnglists
                0x00000000000000b7       0x49 ./Core/Src/stm32l4xx_it.o
 .debug_rnglists
                0x0000000000000100       0x1a ./Core/Src/system_stm32l4xx.o
 .debug_rnglists
                0x000000000000011a       0x19 ./Core/Startup/startup_stm32l4r5zitx.o
 .debug_rnglists
                0x0000000000000133       0xdf ./Drivers/STM32L4xx_HAL_Driver/Src/stm32l4xx_hal.o
 .debug_rnglists
                0x0000000000000212      0x19c ./Drivers/STM32L4xx_HAL_Driver/Src/stm32l4xx_hal_adc.o
 .debug_rnglists
                0x00000000000003ae       0xce ./Drivers/STM32L4xx_HAL_Driver/Src/stm32l4xx_hal_cortex.o
 .debug_rnglists
                0x000000000000047c       0x3f ./Drivers/STM32L4xx_HAL_Driver/Src/stm32l4xx_hal_gpio.o
 .debug_rnglists
                0x00000000000004bb      0x115 ./Drivers/STM32L4xx_HAL_Driver/Src/stm32l4xx_hal_pwr_ex.o
 .debug_rnglists
                0x00000000000005d0       0x74 ./Drivers/STM32L4xx_HAL_Driver/Src/stm32l4xx_hal_rcc.o
 .debug_rnglists
                0x0000000000000644       0xd4 ./Drivers/STM32L4xx_HAL_Driver/Src/stm32l4xx_hal_rcc_ex.o
 .debug_rnglists
                0x0000000000000718      0x328 ./Drivers/STM32L4xx_HAL_Driver/Src/stm32l4xx_hal_tim.o
 .debug_rnglists
                0x0000000000000a40      0x139 ./Drivers/STM32L4xx_HAL_Driver/Src/stm32l4xx_hal_tim_ex.o

.debug_macro    0x0000000000000000    0x2ae21
 .debug_macro   0x0000000000000000      0x2e9 ./Core/Src/main.o
 .debug_macro   0x00000000000002e9      0xaa8 ./Core/Src/main.o
 .debug_macro   0x0000000000000d91      0x1a7 ./Core/Src/main.o
 .debug_macro   0x0000000000000f38       0x2e ./Core/Src/main.o
 .debug_macro   0x0000000000000f66       0x28 ./Core/Src/main.o
 .debug_macro   0x0000000000000f8e       0x22 ./Core/Src/main.o
 .debug_macro   0x0000000000000fb0       0x8e ./Core/Src/main.o
 .debug_macro   0x000000000000103e       0x51 ./Core/Src/main.o
 .debug_macro   0x000000000000108f      0x103 ./Core/Src/main.o
 .debug_macro   0x0000000000001192       0x6a ./Core/Src/main.o
 .debug_macro   0x00000000000011fc      0x1df ./Core/Src/main.o
 .debug_macro   0x00000000000013db       0x1c ./Core/Src/main.o
 .debug_macro   0x00000000000013f7       0x22 ./Core/Src/main.o
 .debug_macro   0x0000000000001419       0xfb ./Core/Src/main.o
 .debug_macro   0x0000000000001514     0x1011 ./Core/Src/main.o
 .debug_macro   0x0000000000002525      0x11f ./Core/Src/main.o
 .debug_macro   0x0000000000002644    0x1cb71 ./Core/Src/main.o
 .debug_macro   0x000000000001f1b5       0x6d ./Core/Src/main.o
 .debug_macro   0x000000000001f222     0x38ed ./Core/Src/main.o
 .debug_macro   0x0000000000022b0f      0x174 ./Core/Src/main.o
 .debug_macro   0x0000000000022c83       0x5c ./Core/Src/main.o
 .debug_macro   0x0000000000022cdf     0x1884 ./Core/Src/main.o
 .debug_macro   0x0000000000024563      0x7dc ./Core/Src/main.o
 .debug_macro   0x0000000000024d3f      0x1b9 ./Core/Src/main.o
 .debug_macro   0x0000000000024ef8      0x225 ./Core/Src/main.o
 .debug_macro   0x000000000002511d      0x486 ./Core/Src/main.o
 .debug_macro   0x00000000000255a3      0x1ce ./Core/Src/main.o
 .debug_macro   0x0000000000025771       0x43 ./Core/Src/main.o
 .debug_macro   0x00000000000257b4      0x23d ./Core/Src/main.o
 .debug_macro   0x00000000000259f1      0xe02 ./Core/Src/main.o
 .debug_macro   0x00000000000267f3      0x624 ./Core/Src/main.o
 .debug_macro   0x0000000000026e17      0x24f ./Core/Src/main.o
 .debug_macro   0x0000000000027066      0x241 ./Core/Src/main.o
 .debug_macro   0x00000000000272a7      0x416 ./Core/Src/main.o
 .debug_macro   0x00000000000276bd       0x1c ./Core/Src/main.o
 .debug_macro   0x00000000000276d9       0xf2 ./Core/Src/main.o
 .debug_macro   0x00000000000277cb      0x122 ./Core/Src/main.o
 .debug_macro   0x00000000000278ed      0x3f6 ./Core/Src/main.o
 .debug_macro   0x0000000000027ce3      0xa98 ./Core/Src/main.o
 .debug_macro   0x000000000002877b      0x196 ./Core/Src/main.o
 .debug_macro   0x0000000000028911      0x432 ./Core/Src/main.o
 .debug_macro   0x0000000000028d43       0x61 ./Core/Src/main.o
 .debug_macro   0x0000000000028da4       0x2a ./Core/Src/main.o
 .debug_macro   0x0000000000028dce       0x43 ./Core/Src/main.o
 .debug_macro   0x0000000000028e11       0x34 ./Core/Src/main.o
 .debug_macro   0x0000000000028e45       0x16 ./Core/Src/main.o
 .debug_macro   0x0000000000028e5b       0x35 ./Core/Src/main.o
 .debug_macro   0x0000000000028e90      0x369 ./Core/Src/main.o
 .debug_macro   0x00000000000291f9       0x10 ./Core/Src/main.o
 .debug_macro   0x0000000000029209       0x16 ./Core/Src/main.o
 .debug_macro   0x000000000002921f       0x43 ./Core/Src/main.o
 .debug_macro   0x0000000000029262       0x34 ./Core/Src/main.o
 .debug_macro   0x0000000000029296       0x10 ./Core/Src/main.o
 .debug_macro   0x00000000000292a6       0x58 ./Core/Src/main.o
 .debug_macro   0x00000000000292fe       0x8e ./Core/Src/main.o
 .debug_macro   0x000000000002938c       0x1c ./Core/Src/main.o
 .debug_macro   0x00000000000293a8      0x177 ./Core/Src/main.o
 .debug_macro   0x000000000002951f       0x16 ./Core/Src/main.o
 .debug_macro   0x0000000000029535       0x16 ./Core/Src/main.o
 .debug_macro   0x000000000002954b      0x147 ./Core/Src/main.o
 .debug_macro   0x0000000000029692      0x1e7 ./Core/Src/stm32l4xx_hal_msp.o
 .debug_macro   0x0000000000029879      0x1f1 ./Core/Src/stm32l4xx_it.o
 .debug_macro   0x0000000000029a6a      0x1dd ./Core/Src/system_stm32l4xx.o
 .debug_macro   0x0000000000029c47      0x22b ./Drivers/STM32L4xx_HAL_Driver/Src/stm32l4xx_hal.o
 .debug_macro   0x0000000000029e72      0x1fa ./Drivers/STM32L4xx_HAL_Driver/Src/stm32l4xx_hal_adc.o
 .debug_macro   0x000000000002a06c      0x1dd ./Drivers/STM32L4xx_HAL_Driver/Src/stm32l4xx_hal_cortex.o
 .debug_macro   0x000000000002a249      0x1e4 ./Drivers/STM32L4xx_HAL_Driver/Src/stm32l4xx_hal_gpio.o
 .debug_macro   0x000000000002a42d      0x207 ./Drivers/STM32L4xx_HAL_Driver/Src/stm32l4xx_hal_pwr_ex.o
 .debug_macro   0x000000000002a634      0x21f ./Drivers/STM32L4xx_HAL_Driver/Src/stm32l4xx_hal_rcc.o
 .debug_macro   0x000000000002a853      0x213 ./Drivers/STM32L4xx_HAL_Driver/Src/stm32l4xx_hal_rcc_ex.o
 .debug_macro   0x000000000002aa66      0x1de ./Drivers/STM32L4xx_HAL_Driver/Src/stm32l4xx_hal_tim.o
 .debug_macro   0x000000000002ac44      0x1dd ./Drivers/STM32L4xx_HAL_Driver/Src/stm32l4xx_hal_tim_ex.o

.debug_line     0x0000000000000000    0x10030
 .debug_line    0x0000000000000000      0xe12 ./Core/Src/main.o
 .debug_line    0x0000000000000e12      0x87e ./Core/Src/stm32l4xx_hal_msp.o
 .debug_line    0x0000000000001690      0x8b5 ./Core/Src/stm32l4xx_it.o
 .debug_line    0x0000000000001f45      0x872 ./Core/Src/system_stm32l4xx.o
 .debug_line    0x00000000000027b7       0x7a ./Core/Startup/startup_stm32l4r5zitx.o
 .debug_line    0x0000000000002831      0xbca ./Drivers/STM32L4xx_HAL_Driver/Src/stm32l4xx_hal.o
 .debug_line    0x00000000000033fb     0x1d9d ./Drivers/STM32L4xx_HAL_Driver/Src/stm32l4xx_hal_adc.o
 .debug_line    0x0000000000005198      0xd71 ./Drivers/STM32L4xx_HAL_Driver/Src/stm32l4xx_hal_cortex.o
 .debug_line    0x0000000000005f09      0xc26 ./Drivers/STM32L4xx_HAL_Driver/Src/stm32l4xx_hal_gpio.o
 .debug_line    0x0000000000006b2f      0xe37 ./Drivers/STM32L4xx_HAL_Driver/Src/stm32l4xx_hal_pwr_ex.o
 .debug_line    0x0000000000007966     0x111b ./Drivers/STM32L4xx_HAL_Driver/Src/stm32l4xx_hal_rcc.o
 .debug_line    0x0000000000008a81     0x1a32 ./Drivers/STM32L4xx_HAL_Driver/Src/stm32l4xx_hal_rcc_ex.o
 .debug_line    0x000000000000a4b3     0x3ea4 ./Drivers/STM32L4xx_HAL_Driver/Src/stm32l4xx_hal_tim.o
 .debug_line    0x000000000000e357     0x1cd9 ./Drivers/STM32L4xx_HAL_Driver/Src/stm32l4xx_hal_tim_ex.o

.debug_str      0x0000000000000000   0x111b9f
 .debug_str     0x0000000000000000   0x10da62 ./Core/Src/main.o
                                     0x10e075 (size before relaxing)
 .debug_str     0x000000000010da62      0x7d8 ./Core/Src/stm32l4xx_hal_msp.o
                                     0x10ac2d (size before relaxing)
 .debug_str     0x000000000010e23a       0xec ./Core/Src/stm32l4xx_it.o
                                     0x109f96 (size before relaxing)
 .debug_str     0x000000000010e326       0xf2 ./Core/Src/system_stm32l4xx.o
                                     0x109b0d (size before relaxing)
 .debug_str     0x000000000010e418       0x34 ./Core/Startup/startup_stm32l4r5zitx.o
                                         0x80 (size before relaxing)
 .debug_str     0x000000000010e44c      0x640 ./Drivers/STM32L4xx_HAL_Driver/Src/stm32l4xx_hal.o
                                     0x10a6dd (size before relaxing)
 .debug_str     0x000000000010ea8c      0xa65 ./Drivers/STM32L4xx_HAL_Driver/Src/stm32l4xx_hal_adc.o
                                     0x10aa17 (size before relaxing)
 .debug_str     0x000000000010f4f1      0x31d ./Drivers/STM32L4xx_HAL_Driver/Src/stm32l4xx_hal_cortex.o
                                     0x10a36c (size before relaxing)
 .debug_str     0x000000000010f80e      0x115 ./Drivers/STM32L4xx_HAL_Driver/Src/stm32l4xx_hal_gpio.o
                                     0x109c87 (size before relaxing)
 .debug_str     0x000000000010f923      0x56a ./Drivers/STM32L4xx_HAL_Driver/Src/stm32l4xx_hal_pwr_ex.o
                                     0x10a0e0 (size before relaxing)
 .debug_str     0x000000000010fe8d      0x3d2 ./Drivers/STM32L4xx_HAL_Driver/Src/stm32l4xx_hal_rcc.o
                                     0x10a180 (size before relaxing)
 .debug_str     0x000000000011025f      0x5c5 ./Drivers/STM32L4xx_HAL_Driver/Src/stm32l4xx_hal_rcc_ex.o
                                     0x10a541 (size before relaxing)
 .debug_str     0x0000000000110824      0xdfc ./Drivers/STM32L4xx_HAL_Driver/Src/stm32l4xx_hal_tim.o
                                     0x10af29 (size before relaxing)
 .debug_str     0x0000000000111620      0x57f ./Drivers/STM32L4xx_HAL_Driver/Src/stm32l4xx_hal_tim_ex.o
                                     0x10a83d (size before relaxing)

.debug_frame    0x0000000000000000     0x3ec4
 .debug_frame   0x0000000000000000      0x2a8 ./Core/Src/main.o
 .debug_frame   0x00000000000002a8       0xcc ./Core/Src/stm32l4xx_hal_msp.o
 .debug_frame   0x0000000000000374      0x120 ./Core/Src/stm32l4xx_it.o
 .debug_frame   0x0000000000000494       0x58 ./Core/Src/system_stm32l4xx.o
 .debug_frame   0x00000000000004ec      0x498 ./Drivers/STM32L4xx_HAL_Driver/Src/stm32l4xx_hal.o
 .debug_frame   0x0000000000000984      0x9d8 ./Drivers/STM32L4xx_HAL_Driver/Src/stm32l4xx_hal_adc.o
 .debug_frame   0x000000000000135c      0x498 ./Drivers/STM32L4xx_HAL_Driver/Src/stm32l4xx_hal_cortex.o
 .debug_frame   0x00000000000017f4      0x14c ./Drivers/STM32L4xx_HAL_Driver/Src/stm32l4xx_hal_gpio.o
 .debug_frame   0x0000000000001940      0x5c4 ./Drivers/STM32L4xx_HAL_Driver/Src/stm32l4xx_hal_pwr_ex.o
 .debug_frame   0x0000000000001f04      0x248 ./Drivers/STM32L4xx_HAL_Driver/Src/stm32l4xx_hal_rcc.o
 .debug_frame   0x000000000000214c      0x464 ./Drivers/STM32L4xx_HAL_Driver/Src/stm32l4xx_hal_rcc_ex.o
 .debug_frame   0x00000000000025b0     0x1218 ./Drivers/STM32L4xx_HAL_Driver/Src/stm32l4xx_hal_tim.o
 .debug_frame   0x00000000000037c8      0x6b0 ./Drivers/STM32L4xx_HAL_Driver/Src/stm32l4xx_hal_tim_ex.o
 .debug_frame   0x0000000000003e78       0x20 C:/Users/gligmi2/OneDrive - Faurecia/Documents/Programs/STM32IDE/STM32CubeIDE_1.14.0/STM32CubeIDE/plugins/com.st.stm32cube.ide.mcu.externaltools.gnu-tools-for-stm32.11.3.rel1.win32_1.1.100.202309141235/tools/bin/../lib/gcc/arm-none-eabi/11.3.1/../../../../arm-none-eabi/lib/thumb/v7e-m+fp/hard\libc_nano.a(libc_a-memset.o)
 .debug_frame   0x0000000000003e98       0x2c C:/Users/gligmi2/OneDrive - Faurecia/Documents/Programs/STM32IDE/STM32CubeIDE_1.14.0/STM32CubeIDE/plugins/com.st.stm32cube.ide.mcu.externaltools.gnu-tools-for-stm32.11.3.rel1.win32_1.1.100.202309141235/tools/bin/../lib/gcc/arm-none-eabi/11.3.1/../../../../arm-none-eabi/lib/thumb/v7e-m+fp/hard\libc_nano.a(libc_a-init.o)

.debug_line_str
                0x0000000000000000       0x74
 .debug_line_str
                0x0000000000000000       0x74 ./Core/Startup/startup_stm32l4r5zitx.o
                                         0x8c (size before relaxing)
