13:54:24 **** Incremental Build of configuration Debug for project FreeRTOS_timer ****
make -j12 all 
arm-none-eabi-gcc "../Core/Src/main.c" -mcpu=cortex-m4 -std=gnu11 -g3 -DDEBUG -DUSE_HAL_DRIVER -DSTM32L4R5xx -c -I../Core/Inc -I../Drivers/STM32L4xx_HAL_Driver/Inc -I../Drivers/STM32L4xx_HAL_Driver/Inc/Legacy -I../Drivers/CMSIS/Device/ST/STM32L4xx/Include -I../Drivers/CMSIS/Include -I../Middlewares/Third_Party/FreeRTOS/Source/include -I../Middlewares/Third_Party/FreeRTOS/Source/CMSIS_RTOS -I../Middlewares/Third_Party/FreeRTOS/Source/portable/GCC/ARM_CM4F -O0 -ffunction-sections -fdata-sections -Wall -fstack-usage -fcyclomatic-complexity -MMD -MP -MF"Core/Src/main.d" -MT"Core/Src/main.o" --specs=nano.specs -mfpu=fpv4-sp-d16 -mfloat-abi=hard -mthumb -o "Core/Src/main.o"
arm-none-eabi-gcc -o "FreeRTOS_timer.elf" @"objects.list"   -mcpu=cortex-m4 -T"C:\Users\gligmi2\OneDrive - Faurecia\Documents\STM32_projects\FreeRTOS_timer\STM32L4R5ZITX_FLASH.ld" --specs=nosys.specs -Wl,-Map="FreeRTOS_timer.map" -Wl,--gc-sections -static --specs=nano.specs -mfpu=fpv4-sp-d16 -mfloat-abi=hard -mthumb -Wl,--start-group -lc -lm -Wl,--end-group
Finished building target: FreeRTOS_timer.elf
 
arm-none-eabi-size  FreeRTOS_timer.elf 
arm-none-eabi-objdump -h -S FreeRTOS_timer.elf  > "FreeRTOS_timer.list"
   text	   data	    bss	    dec	    hex	filename
  28352	    196	   7652	  36200	   8d68	FreeRTOS_timer.elf
Finished building: default.size.stdout
 
Finished building: FreeRTOS_timer.list
 

13:54:27 Build Finished. 0 errors, 0 warnings. (took 2s.419ms)

