../Core/Src/main.c:82:5:main	8	static
../Core/Src/main.c:134:6:SystemClock_Config	96	static
../Core/Src/main.c:185:13:MX_CAN1_Init	8	static
../Core/Src/main.c:222:13:MX_LPUART1_UART_Init	8	static
../Core/Src/main.c:270:13:MX_USART3_UART_Init	8	static
../Core/Src/main.c:318:13:MX_USB_OTG_FS_PCD_Init	8	static
../Core/Src/main.c:353:13:MX_GPIO_Init	56	static
../Core/Src/main.c:405:13:CAN_Config	48	static
../Core/Src/main.c:470:6:HAL_CAN_RxFifo0MsgPendingCallback	16	static
../Core/Src/main.c:492:6:Error_Handler	4	static,ignoring_inline_asm
